05-19 13:24:05.658 15027 15057 I TestRunner: started: testItemClick(com.example.healthcare.LabTestActivityTest)
05-19 13:24:05.670  1486  1573 D AALCust : aal_backlight_bits, specialConfig:12
05-19 13:24:05.670  1486  1573 D AAL     : onBacklightChanged: 1730/1023 -> 1703/1023(phy:1703/4095)
05-19 13:24:05.674 15027 15057 W Settings: Setting always_finish_activities has moved from android.provider.Settings.System to android.provider.Settings.Global, returning read-only value.
05-19 13:24:05.687  1486  1573 D AALCust : aal_backlight_bits, specialConfig:12
05-19 13:24:05.688  1931  2479 I mtkpower_client: perf_lock_rel, hdl:511871, tid:2479
05-19 13:24:05.688  1486  1573 D AAL     : onBacklightChanged: 1703/1023 -> 1676/1023(phy:1676/4095)
05-19 13:24:05.688  1486  1573 D AAL     : 05-19 01:24:05.621 BL=1799,ESS= 256, 05-19 01:24:05.638 BL=1771,ESS= 256, 05-19 01:24:05.655 BL=1743,ESS= 256, 05-19 01:24:05.670 BL=1715,ESS= 256, 05-19 01:24:05.688 BL=1687,ESS= 256,
05-19 13:24:05.689  1931  2479 I mtkpower_client: perf_lock_acq, hdl:511871, dur:0, num:10, tid:2479
05-19 13:24:05.689  1078  1116 I mtkpower@impl: [check_work_req] i:0, msg:1 hdl:511871, wait
05-19 13:24:05.691  1078  1185 I libPowerHal: [perfLockRel] hdl:511871, idx:0
05-19 13:24:05.691  1078  1185 I libPowerHal: [PD] system_server update cmd:2004100 param:2
05-19 13:24:05.693  1931  2479 I mtkpower_client: ret_hdl:511872
05-19 13:24:05.696  1078  1185 I libPowerHal: system_server: cpu_ctrl set cpu freq: 1275000 -1 2200000 -1
05-19 13:24:05.702  1078  1119 I mtkpower@impl: [setMode] type:5, enabled:1
05-19 13:24:05.703  1078  1185 I libPowerHal: LAUNCH: cpu_ctrl set cpu freq: 2000000 -1 2200000 -1
05-19 13:24:05.703  1486  1573 D AALCust : aal_backlight_bits, specialConfig:12
05-19 13:24:05.703  1486  1573 D AAL     : onBacklightChanged: 1676/1023 -> 1649/1023(phy:1649/4095)
05-19 13:24:05.705  1931  4367 I PowerHalWrapper: <amsBoostResume> last:com.android.launcher, next:com.example.healthcare
05-19 13:24:05.706  4740  5387 I AudioTrack: getMarkerPosition(): 0xb4000070dfbf0000, marker = 169028
05-19 13:24:05.706  4740  5387 I AudioTrack: getMarkerPosition(): 0xb4000070dfbf0000, marker = 169028
05-19 13:24:05.710  1931  4367 D OplusAlwaysAliveManager: new task launch with process exists: ActivityRecord{3df1d50 u0 com.example.healthcare/.LabTestActivity} t2209}, processName: com.example.healthcare
05-19 13:24:05.710  1931  4367 D OplusUIFirst_FB: com.example.healthcare activity event: []
05-19 13:24:05.710  1931  4367 D OplusUIFirst_FB: List of ThreadOp: size=0 []
05-19 13:24:05.712  1176  1239 I SurfaceFlinger: [SF client] NEW(0xb400006fb8031b40) for (2431:com.android.systemui)
05-19 13:24:05.714  2431  2556 W OplusSlideAnimOptHelper: initScrollOpt: not running in mainthread
05-19 13:24:05.714  2431  2556 D WindowManager: Add to mViews: android.widget.FrameLayout{71d8080 V.E...... ......I. 0,0-0,0},pkg= com.example.healthcare
05-19 13:24:05.720  1486  1573 D AALCust : aal_backlight_bits, specialConfig:12
05-19 13:24:05.720  1486  1573 D AAL     : onBacklightChanged: 1649/1023 -> 1623/1023(phy:1623/4095)
05-19 13:24:05.725  2431  2556 D InputEventReceiver: Input log is disabled
05-19 13:24:05.727  2821  2821 W View    : requestLayout() improperly called by android.widget.LinearLayout{6a1d63c VFE...C.. ......ID 0,3-936,105 #7f0a00a2 app:id/animated_hint_layout} during layout: running second layout pass
05-19 13:24:05.728  1176  1239 I BufferQueueDebug: [Splash Screen com.example.healthcare#251936](this:0xb400006fb43159e8,id:-1,api:0,p:-1,c:-1) BufferQueue core=(1176:/system/bin/surfaceflinger)
05-19 13:24:05.735  1176  1239 D [OSIE]  : scltmLayer_name VRI[healthcare][Splash Screen com.example.healthcare]
05-19 13:24:05.735  1176  1239 D [OSIE]  : IsSCLTMLayer=0
05-19 13:24:05.735  2431  2556 D BufferQueueConsumer: [](id:97f00004e4e,api:0,p:-1,c:2431) connect: controlledByApp=false
05-19 13:24:05.735  1931  1948 V SensorManager: call sensorServiceCommonInterface name: setScreenShotDisable
05-19 13:24:05.735  1931  1948 D SensorService: SensorService sensorServiceCommonInterface = setScreenShotDisable
05-19 13:24:05.735  1931  1948 D SensorServiceExtImpl: sensorServiceCommonInterface funcName = setScreenShotDisable, flag = 0, status = 0
05-19 13:24:05.736  1931  1948 D OplusUIFirst_FB: com.example.healthcare activity event: []
05-19 13:24:05.736  1931  1948 D OplusUIFirst_FB: List of ThreadOp: size=0 []
05-19 13:24:05.736  1931  1948 D OplusUIFirst_FB: handleParaSwitch com.example.healthcare null null 1
05-19 13:24:05.736  1931  1948 I OplusHansManager : front pkg: com.example.healthcare, uid: 10495, prev pkg: com.android.launcher, prev uid: 10106
05-19 13:24:05.736  2431  2556 E IPCThreadState: attemptIncStrongHandle(416): Not supported
05-19 13:24:05.736  2431  2556 E IPCThreadState: attemptIncStrongHandle(412): Not supported
05-19 13:24:05.736  2431  2556 E IPCThreadState: attemptIncStrongHandle(369): Not supported
05-19 13:24:05.736  1931  3113 I OplusHansManager : notifyAppGoForeground, uid=10495
05-19 13:24:05.736  2431  2556 E IPCThreadState: attemptIncStrongHandle(366): Not supported
05-19 13:24:05.736  1931  1948 D OplusUIFirst_FB: com.example.healthcare activity event: []
05-19 13:24:05.736  2431  2556 E IPCThreadState: attemptIncStrongHandle(347): Not supported
05-19 13:24:05.736  1931  3113 I OplusHansManager : notifyAppGoBackground, uid=10106
05-19 13:24:05.736  1931  1948 D OplusUIFirst_FB: List of ThreadOp: size=0 []
05-19 13:24:05.736  1931  1948 D OplusUIFirst_FB: handleParaSwitch com.example.healthcare null null 1
05-19 13:24:05.736  2431  2556 E IPCThreadState: attemptIncStrongHandle(402): Not supported
05-19 13:24:05.736  1931  3007 I OplusHansManager : uid=10495, pkg=com.example.healthcare R exit SM
05-19 13:24:05.736  1931  3007 I OplusHansManager : uid=10495, pkg=com.example.healthcare R exit(), R stay=0
05-19 13:24:05.736  1486  1573 D AALCust : aal_backlight_bits, specialConfig:12
05-19 13:24:05.736  1486  1573 D AAL     : onBacklightChanged: 1623/1023 -> 1596/1023(phy:1596/4095)
05-19 13:24:05.739  1931  2275 I Osense-DecisionMaker: notifySceneToAthenaPolicy: SCENE_APP_SWITCH, bundle: Bundle[{prevPkgName=com.android.launcher, curUid=10495, curPkgName=com.example.healthcare, prevUid=10106}]
05-19 13:24:05.739  1931  3016 I OplusResourcePreloadManager: resume pkg: com.example.healthcare, uid:10495, prev pkg: com.android.launcher, prev uid: 10106
05-19 13:24:05.739  1931  2275 I Osense-DecisionMaker: scene: SCENE_APP_SWITCH, excutingPolicy: freezer
05-19 13:24:05.740  1931  2275 D Osense-DecisionMaker: invoke freezer policy,type: fast
05-19 13:24:05.741  7182  7321 V bt_stack: [VERBOSE1:btm_ble_gap.cc(2573)] btm_ble_process_adv_addr: bda=10:**:**:**:e7:f0 addr_type=1
05-19 13:24:05.741  7182  7321 I bt_btm  : LogMsg: btm_ble_process_adv_pkt: pkt_data_len: 31
05-19 13:24:05.741  7182  7321 I bt_btif : LogMsg: bta_dm_observe_results_cb
05-19 13:24:05.741  7182  7321 I bt_btif : LogMsg: btif_ble_scanner_update_COD 10:e8:9c:c5:e7:f0 cod is 0x000000
05-19 13:24:05.741  7182  7321 I bt_btif : LogMsg: btif_ble_scanner_update_COD cod in config 0x001f00, status=0
05-19 13:24:05.741  7182  7321 I bt_btif : LogMsg: btif_ble_scanner_update_COD invalid cod 0x0, use cod 0x1f00 in config
05-19 13:24:05.741  7182  7218 I bt_btif : LogMsg: bta_scan_results_cb_impl : type 0 channel 0
05-19 13:24:05.741  7182  7218 I bt_btif : LogMsg: bta_scan_results_cb_impl: HAL bt_gatt_callbacks->scanner->scan_result_cb
05-19 13:24:05.741  7182  7218 D BtGatt.GattService: onScanResult() - eventType=0x10, addressType=1, address=10:E8:9C:C5:E7:F0, primaryPhy=1, secondaryPhy=0, advertisingSid=0xff, txPower=127, rssi=-91, periodicAdvInt=0x0, originalAddress=10:E8:9C:C5:E7:F0, type=0, channel=0
05-19 13:24:05.742  7182  7218 D BtGatt.GattService: Skipping client: permission=true matches=false
05-19 13:24:05.742  7182  7218 D BtGatt.GattService: Skipping client: permission=true matches=false
05-19 13:24:05.742  7182  7218 D BtGatt.GattService: Skipping client: permission=true matches=false
05-19 13:24:05.742  7182  7218 D BtGatt.GattService: Skipping client: permission=true matches=false
05-19 13:24:05.742  7182  7218 D BtGatt.GattService: Skipping client: permission=true matches=false
05-19 13:24:05.742  7182  7218 D BtGatt.GattService: Skipping client: permission=true matches=false
05-19 13:24:05.746  1931  2479 I mtkpower_client: perf_lock_rel, hdl:511872, tid:2479
05-19 13:24:05.746  1931  2479 I mtkpower_client: perf_lock_acq, hdl:511872, dur:0, num:10, tid:2479
05-19 13:24:05.746  1078  1116 I mtkpower@impl: [check_work_req] i:0, msg:1 hdl:511872, wait
05-19 13:24:05.747  1931  1948 I PowerHalWrapper: amsBoostNotify pid:15027,activity:com.example.healthcare.LabTestActivity, package:com.example.healthcare, mProcessCreatePackcom.example.healthcare
05-19 13:24:05.747  1931  1948 I PowerHalWrapper: state: 1
05-19 13:24:05.747  1931  3161 V DCSEX-AppSwitchManager: OnAppSwitchObserver: onAppExit, resuming = com.example.healthcare, target = com.android.launcher, is ResumingFirstStart =  false, is ResumingMultiApp =  false, extensionInfo =  Bundle[{taskId=2209, uid=10495}]
05-19 13:24:05.747  1931  1948 I mtkpower_client: [Legacy][PowerHal_Wrap_notifyAppState] com.example.healthcare/com.example.healthcare.LabTestActivity pid=15027 state:1
05-19 13:24:05.747  1931  1948 I game_scn: collectForegroundAppList packName=com.example.healthcare, actName=com.example.healthcare.LabTestActivity, pid=15027, uid=10495, state:RESUMED
05-19 13:24:05.747  1931  1948 I PowerHalWrapper: amsBoostNotify AMS_BOOST_PROCESS_CREATE_BOOST:false
05-19 13:24:05.747  1931  1948 I InputDispatcher: setFocusedApplication displayId=0 ActivityRecord{3df1d50 u0 com.example.healthcare/.LabTestActivity} t2209}
05-19 13:24:05.747  1931  8040 D DCSEX-AppLaunchEventRecorder: onAppSwitch from = com.android.launcher to = com.example.healthcare
05-19 13:24:05.749  1078  1185 I libPowerHal: [perfLockRel] hdl:511872, idx:0
05-19 13:24:05.749  1078  1185 I libPowerHal: [PD] system_server update cmd:1c3c000 param:1
05-19 13:24:05.749  1931  1948 D Theia.NoFocusWindow: FocusWindowErrorScene CheckFreezeScreen
05-19 13:24:05.749  1078  1185 I libPowerHal: [PD] (more) /proc/mcdi/state set +prefix:enable 1;
05-19 13:24:05.749  1078  1185 I libPowerHal: [PD] system_server update cmd:2004100 param:2
05-19 13:24:05.749  1931  2108 E Athena  : MemoryGuardAction: handleAppChange
05-19 13:24:05.749  4710 12244 W Battery : ThermalControlUtils: mForegroundPkg=com.example.healthcare
05-19 13:24:05.750  1931  3161 D OplusLatencyOptimizerManager: enter pkg: com.example.healthcare isPrevBlackAppTop: false mIsBlackAppTop: false
05-19 13:24:05.750  1931  2479 I mtkpower_client: ret_hdl:511875
05-19 13:24:05.750  1931  3161 V DCSEX-AppSwitchManager: OnAppSwitchObserver: onAppEnter, launchedFrom =  com.example.healthcare, target =  com.example.healthcare, is firstStart =  false, is multiApp =  false, extensionInfo =  Bundle[{taskId=2209, pid=15027, uid=10495, versionCode=1}]
05-19 13:24:05.751  1078  1185 I libPowerHal: [perfNotifyAppState] foreground:com.example.healthcare, pid:15027, uid:10495
05-19 13:24:05.751  1931  2479 I mtkpower_client: perf_lock_rel, hdl:511875, tid:2479
05-19 13:24:05.752  1078  1185 E UxUtility: notifyAppState error = NULL
05-19 13:24:05.752  1078  1185 I TouchUtility: notifyAppState error = NULL
05-19 13:24:05.752  1176  1239 I VRR [FRTC]: setFrameRateTarget with [0, com.android.launcher, 0, com.oplus.battery, 1, 0, 1000]
05-19 13:24:05.752  1078  1116 I mtkpower@impl: [notifyAppState] pc:0, com.android.launcher => com.example.healthcare
05-19 13:24:05.752  1176  1239 W VRR [FRTC]: invalid param { fps 0, proc_name com.android.launcher, strict_mode 0, description com.oplus.battery, proc_id 0, rate_status 0, backend Surface, version 1, pid 0, uid 1000, enable at 2023-05-19 13:24:05, disable waiting } for current status.
05-19 13:24:05.752  1176  1239 W VRR [FRTC]: CurrentTarget size 0:
05-19 13:24:05.752  3059 26552 I Athena  : AthenaDynamicReceiver: pre_app:com.android.launcher, next_app:com.example.healthcare(10495|15027)
05-19 13:24:05.753  1486  1573 D AALCust : aal_backlight_bits, specialConfig:12
05-19 13:24:05.753  1486  1573 D AAL     : onBacklightChanged: 1596/1023 -> 1569/1023(phy:1569/4095)
05-19 13:24:05.753  1931  2479 I mtkpower_client: perf_lock_acq, hdl:511875, dur:0, num:10, tid:2479
05-19 13:24:05.753  1078  1116 I mtkpower@impl: [check_work_req] i:0, msg:1 hdl:511875, wait
05-19 13:24:05.753  1078  1185 I libPowerHal: [perfLockRel] hdl:511875, idx:0
05-19 13:24:05.753  4710 12244 W Battery : ThermalControllHandler: tempLevel=5,userMode=3,gameUserMode=7,appType=-1,envTempType=0,appStates=[]
05-19 13:24:05.754  1078  1185 I libPowerHal: [PD] system_server update cmd:1c3c000 param:1
05-19 13:24:05.754  1078  1185 I libPowerHal: [PD] (more) /proc/mcdi/state set +prefix:enable 1;
05-19 13:24:05.754  1078  1185 I libPowerHal: [PD] system_server update cmd:2004100 param:2
05-19 13:24:05.754  4710 12244 W Battery : ThermalControllerCenter: mSafetyState=10000
05-19 13:24:05.755  4993  5306 I DeepThinker: IntentManager: onIntentProduced 1
05-19 13:24:05.755  4993  5306 I DeepThinker: IntentManager: dispatchIntents 1
05-19 13:24:05.755  4993 24348 I DeepThinker: EventFountainDispatcher: dispatchSpecificIntents 1
05-19 13:24:05.755  1931  1948 I PowerHalWrapper: amsBoostNotify pid:2821,activity:com.android.launcher.Launcher, package:com.android.launcher, mProcessCreatePackcom.example.healthcare
05-19 13:24:05.755  1931  1948 I PowerHalWrapper: state: 0
05-19 13:24:05.755  4993 24348 I DeepThinker: EventFountainDispatcher: dispatchSpecificIntents com.pantanal.action.APPS_LIST
05-19 13:24:05.755  1931  1948 I mtkpower_client: [Legacy][PowerHal_Wrap_notifyAppState] com.android.launcher/com.android.launcher.Launcher pid=2821 state:0
05-19 13:24:05.755  1931  1948 I game_scn: collectForegroundAppList packName=com.android.launcher, actName=com.android.launcher.Launcher, pid=2821, uid=10106, state:PAUSED
05-19 13:24:05.755  1931  1948 I PowerHalWrapper: amsBoostNotify AMS_BOOST_PROCESS_CREATE_BOOST:false
05-19 13:24:05.756  1931  1958 D OplusUIFirst_FB: com.example.healthcare moveToTop:[]
05-19 13:24:05.756  1931  1958 D OplusUIFirst_FB: List of ThreadOp: size=0 []
05-19 13:24:05.756  1931  1958 D OplusUIFirst_FB: com.example.healthcare boost hint: 15027
05-19 13:24:05.756  1931  1958 D OplusUIFirst_FB: handleParaSwitch com.example.healthcare null null 0
05-19 13:24:05.756  4710 12244 W Battery : ThermalControllHandler: tempGear=5,configItemName=common_config
05-19 13:24:05.757  1931  1958 D OplusUIFirst_FB: com.example.healthcare toForeOps: []
05-19 13:24:05.757  1931  1958 D OplusUIFirst_FB: List of ThreadOp: size=0 []
05-19 13:24:05.757 31542 31632 D AudioPolicyService: updateUidStates_l() current->uid=10136 current->pid=9545 allowCapture=1 UidState=3 apmStat=1
05-19 13:24:05.757  2431  2556 D VRI[healthcare]: registerCallbacksForSync syncBuffer=false
05-19 13:24:05.758  1931  2479 I mtkpower_client: ret_hdl:511876
05-19 13:24:05.759  3728 17110 D OplusAtlas.OplusAtlasEventDispatch: setEvent:atlas_event_on_foreground_activities_changed info:pid:15027,uid:10495,hasForegroundActivities:1
05-19 13:24:05.759  4993  3930 V DeepThinker: ProcessManager: onForegroundActivitiesChanged pid:15027, uid:10495, foregroundActivities:true
05-19 13:24:05.759  3728  4872 D OplusAtlas.OplusAudioScene: callback success event:atlas_event_on_foreground_activities_changed eventInfo:pid:15027,uid:10495,hasForegroundActivities:1
05-19 13:24:05.760  3728  5211 D OplusAtlas.OplusMessageHandler: handleMessage: Msg { when=-1ms what=2 obj=com.oplus.atlas.OplusAtlasEvent@687f7e target=com.oplus.atlas.OplusMessageHandler$MyHandler }
05-19 13:24:05.763  1931  1958 D OplusUIFirst_FB: com.google.android.googlequicksearchbox moveToBack 9567
05-19 13:24:05.765  1931  1958 D OplusUIFirst_FB: com.coloros.assistantscreen moveToBack 20201
05-19 13:24:05.767  1092  1092 D vendor.oplus.hardware.charger@1.0-service: set cooldown:7,  normalCoolDown:7
05-19 13:24:05.768  4710  6057 W Battery : ThermalControllHandler: MSG_THERMAL_CONTROL_CATEGORY_CHANGED
05-19 13:24:05.770  1486  1573 D AALCust : aal_backlight_bits, specialConfig:12
05-19 13:24:05.770  1486  1573 D AAL     : onBacklightChanged: 1569/1023 -> 1544/1023(phy:1544/4095)
05-19 13:24:05.770  1486  1573 D AAL     : 05-19 01:24:05.703 BL=1657,ESS= 256, 05-19 01:24:05.720 BL=1627,ESS= 256, 05-19 01:24:05.737 BL=1597,ESS= 256, 05-19 01:24:05.753 BL=1569,ESS= 256, 05-19 01:24:05.770 BL=1545,ESS= 256,
05-19 13:24:05.770 15027 15061 D OplusGraphicsEvent: OplusGraphicsEventListener create now!
05-19 13:24:05.771 15027 15061 D OplusGraphicsEvent: addEventListener success!
05-19 13:24:05.779 15027 15064 D libMEOW : meow new tls: 0xb400007189598b80
05-19 13:24:05.779 15027 15064 D libMEOW : meow reload base cfg path: na
05-19 13:24:05.779 15027 15064 D libMEOW : meow reload overlay cfg path: na
05-19 13:24:05.781  2431  2594 D BLASTBufferQueue: [VRI[healthcare][Splash Screen com.example.healthcare]#19890](f:0,a:1) acquireNextBufferLocked size=1080x2400 mFrameNumber=1 applyTransaction=true mTimestamp=861285304756410(auto) mPendingTransactions.size=0 graphicBufferId=10441065815458 transform=0
05-19 13:24:05.781  2431  2594 D VRI[healthcare]: Received frameCommittedCallback lastAttemptedDrawFrameNum=1 didProduceBuffer=true syncBuffer=false
05-19 13:24:05.782  2431  2594 W Parcel  : Expecting binder but got null!
05-19 13:24:05.782 15027 15064 E QT      : [QT]file does not exist
05-19 13:24:05.782  2431  2556 D VRI[healthcare]: draw finished.
05-19 13:24:05.783 15027 15064 D libMEOW : applied 1 plugins for [com.example.healthcare]:
05-19 13:24:05.783 15027 15064 D libMEOW :   plugin 1: [libMEOW_gift.so]: 0xb4000071e5138080
05-19 13:24:05.783 15027 15064 D libMEOW : rebuild call chain: 0xb4000071895a7cc0
05-19 13:24:05.784 15027 15064 D libMEOW : meow delete tls: 0xb400007189598b80
05-19 13:24:05.786  1486  1573 D AALCust : aal_backlight_bits, specialConfig:12
05-19 13:24:05.786  1486  1573 D AAL     : onBacklightChanged: 1544/1023 -> 1518/1023(phy:1518/4095)
05-19 13:24:05.792  1176  1176 D BufferStateLayer: Splash Screen com.example.healthcare#251936 setBuffer frameId=1, bufferId=10441065815458 fenceId=846, w= 1080, h=2400
05-19 13:24:05.792  1176  1176 D OplusLayer: (251936,Splash Screen com.example.healthcare#251936,com.android.systemui) setBuffer
05-19 13:24:05.794  1931  4370 I FocusResolver: updateFocusedWindow,  on display 0, reason: Waiting for window because NOT_FOCUSABLE, result:   FocusedWindows: <none>
05-19 13:24:05.795  2821  2821 D VRI[Launcher]: onFocusEvent false
05-19 13:24:05.802  2431  2539 V ShellTaskOrganizer: Task appeared taskId=2209
05-19 13:24:05.803  1486  1573 D AALCust : aal_backlight_bits, specialConfig:12
05-19 13:24:05.803  1486  1573 D AAL     : onBacklightChanged: 1518/1023 -> 1491/1023(phy:1491/4095)
05-19 13:24:05.803  3112  7091 W lus.appplatform: Large reply transaction of 478520 bytes, interface descriptor com.oplus.epona.IRemoteTransfer, code 1
05-19 13:24:05.811  3057  3511 D PhoneInterfaceManager: [PhoneIntfMgr] QueryTelephonyChecker-getDataNetworkTypeForSubscriber: packageName = com.android.phone, isGrant = true
05-19 13:24:05.812  3057  3511 D PhoneInterfaceManager: [PhoneIntfMgr] QueryTelephonyChecker-getDataNetworkTypeForSubscriber: packageName = com.android.phone, isGrant = true
05-19 13:24:05.819  1486  1573 D AALCust : aal_backlight_bits, specialConfig:12
05-19 13:24:05.819  1486  1573 D AAL     : onBacklightChanged: 1491/1023 -> 1465/1023(phy:1465/4095)
05-19 13:24:05.820 15027 15027 D LifecycleMonitor: Lifecycle status change: com.example.healthcare.LabTestActivity@8d4d755 in: PRE_ON_CREATE
05-19 13:24:05.820  1931 15065 I DeepThinkerSDK: [APP] ClientConnection: getDeepThinkerBridge start
05-19 13:24:05.820  1931 15065 I DeepThinkerSDK: [APP] ClientConnection: getDeepThinkerBridge end
05-19 13:24:05.820 15027 15027 V ActivityScenario: Activity lifecycle changed event received but ignored because the reported transition was not ON_CREATE while the last known transition was PRE_ON_CREATE
05-19 13:24:05.825  1176  1176 D Layer   : reparent to null sequence=251931, seq[1], name=Surface(name=c402886 StatusBar)/@0xaf05d85 - animation-leash of insets_animation#251931
05-19 13:24:05.825  1176  1176 D Layer   : reparent to null sequence=251932, seq[2], name=Surface(name=28e464 NavigationBar0)/@0xde740b - animation-leash of insets_animation#251932
05-19 13:24:05.826  1176  1176 D OplusLayer: ~Layer() sequence=251931, name=Surface(name=c402886 StatusBar)/@0xaf05d85 - animation-leash of insets_animation#251931
05-19 13:24:05.826  1176  1176 D OplusLayer: ~Layer() sequence=251932, name=Surface(name=28e464 NavigationBar0)/@0xde740b - animation-leash of insets_animation#251932
05-19 13:24:05.833 15027 15027 I oplus.android.OplusFrameworkFactoryImpl: Unknow feature:IOplusTextViewRTLUtilForUG
05-19 13:24:05.836  1486  1573 D AALCust : aal_backlight_bits, specialConfig:12
05-19 13:24:05.836  1486  1573 D AAL     : onBacklightChanged: 1465/1023 -> 1438/1023(phy:1438/4095)
05-19 13:24:05.840  9545  9545 I GsaVoiceInteractionSrv: Handling ACTION_STOP_HOTWORD
05-19 13:24:05.841  9545  9747 I HwDetectorWithState: (REDACTED) a: %d
05-19 13:24:05.841  9545  9747 I HwDetectorWithState: #stopHotwordDetection
05-19 13:24:05.841  9545  9747 D AudioRecord: stop(5019): mActive:1
05-19 13:24:05.841  9545  9747 D AudioRecord: call mAudioRecord->stop()
05-19 13:24:05.844  1176  1176 I DispPerfService: updateLayerMask 9
05-19 13:24:05.852  2431  3342 D FlashViews_FlashBackManager: onAppEnter packageName: = com.example.healthcare, uid = -1)
05-19 13:24:05.852  2431  3342 D FlashViews_FlashBackManager: onAppExit packageName: = com.android.launcher, uid = -1)
05-19 13:24:05.852  1486  1573 D AALCust : aal_backlight_bits, specialConfig:12
05-19 13:24:05.852  1486  1573 D AAL     : onBacklightChanged: 1438/1023 -> 1412/1023(phy:1412/4095)
05-19 13:24:05.853  1486  1573 D AAL     : 05-19 01:24:05.787 BL=1518,ESS= 256, 05-19 01:24:05.803 BL=1492,ESS= 256, 05-19 01:24:05.820 BL=1465,ESS= 256, 05-19 01:24:05.836 BL=1439,ESS= 256, 05-19 01:24:05.853 BL=1412,ESS= 256,
05-19 13:24:05.857 31542 14700 D AudioFlinger: updateWakeLockUids_l AudioIn_1B4E uids:
05-19 13:24:05.857 31544 31696 D AudioALSAStreamIn: updateSinkMetadataV7(), sink_metadata = 0xe2684c20, Project config MTK_BT_HEARING_AID_SUPPORT is not support, return
05-19 13:24:05.857 31544 31698 D AudioALSAStreamIn: standby(), halRequest 0, mDestroy 0, flag 0
05-19 13:24:05.858 31544 31698 D AudioALSAStreamIn: close()
05-19 13:24:05.858 31544 31698 D AudioALSAStreamIn: updateStandByFrameCount(), update the mStandbyFrameCount = 0-> 191040
05-19 13:24:05.858 31544 31698 D AudioALSACaptureHandlerNormal: +close()
05-19 13:24:05.865 15027 15027 W mple.healthcare: Accessing hidden method Landroid/view/View;->computeFitSystemWindows(Landroid/graphics/Rect;Landroid/graphics/Rect;)Z (unsupported, reflection, allowed)
05-19 13:24:05.865 15027 15027 W mple.healthcare: Accessing hidden method Landroid/view/ViewGroup;->makeOptionalFitsSystemWindows()V (unsupported, reflection, allowed)
05-19 13:24:05.869  1486  1573 D AALCust : aal_backlight_bits, specialConfig:12
05-19 13:24:05.869  1486  1573 D AAL     : onBacklightChanged: 1412/1023 -> 1385/1023(phy:1385/4095)
05-19 13:24:05.873 15027 15027 D skia    : SkJpegCodec::onGetPixels +
05-19 13:24:05.874 31544 31698 D AudioALSACaptureDataClientAurisysNormal: pthread_join hProcessThread done
05-19 13:24:05.874 31544 31698 D AudioALSACaptureDataProviderBase: detach(), 0xe4da5700, mCaptureDataClientVector.size()=1, Identity=0xe4fc32c0
05-19 13:24:05.874 31544 31698 D AudioALSACaptureDataProviderDspRaw: close()
05-19 13:24:05.874 31544 31698 D AudioALSAPlaybackHandlerKTVThread: +stopinputActive(), pre_active_num = 1, current_input = 2147483652
05-19 13:24:05.883 15027 15027 D skia    : SkJpegCodec::onGetPixels -
05-19 13:24:05.885  1486  1573 D AALCust : aal_backlight_bits, specialConfig:12
05-19 13:24:05.885  1486  1573 D AAL     : onBacklightChanged: 1385/1023 -> 1359/1023(phy:1359/4095)
05-19 13:24:05.893 31544 14707 D AudioALSACaptureDataProviderDspRaw: -readThread(), pid: 31544, tid: 14707
05-19 13:24:05.894 31544 31698 D AudioALSACaptureDataProviderDspRaw: pthread_join hReadThread done
05-19 13:24:05.894 31544 31698 D AudioALSACaptureDataProviderBase: ClosePCMDumpDsp
05-19 13:24:05.896 31544 31698 D AudioDspStreamManager: removeCaptureDataProvider() CaptureDataProvider = 3839514368 0xe4da5700, size = 1
05-19 13:24:05.899 31544 31698 D AudioDspStreamManager: setDspRuntimeEn(), task_scene = 10, condition = 0
05-19 13:24:05.899 31544 31698 D AudioALSADeviceConfigManager: ApplyDeviceTurnoffSequenceByName(), DeviceName = ADDA_TO_CAPTURE1 descriptor->DeviceStatusCounter = 1, Ctlsize=4
05-19 13:24:05.900 31544 31698 D audio_messenger_ipi: audio_ipi_dma_cbk_deregister(), task 17
05-19 13:24:05.900 31544 31698 D AudioALSACaptureDataProviderDspRaw: -close()
05-19 13:24:05.900 31544 31698 D AudioALSAHardwareResourceManager: +stopInputDevice_l(), mInputDevice = 0x80000004, stop_device = 0x80000004, mStartInputDeviceCount = 1, mMicInverse = 0, mNumPhoneMicSupport = 2
05-19 13:24:05.900 31544 31698 D AudioALSADeviceConfigManager: ApplyDeviceTurnoffSequenceByName(), DeviceName = builtin_Mic_DualMic descriptor->DeviceStatusCounter = 1, Ctlsize=12
05-19 13:24:05.901 31544 31698 D AudioALSACaptureDataClientAurisysNormal: DestroyAurisysLibManager()
05-19 13:24:05.901 31544 31698 D goodix_lvimfs: [INFO] lvimfs_wrapper_DestroyLibraryInstance:  entry
05-19 13:24:05.901 31544 31698 D goodix_lvimfs: LVACFS_TRACE:[1] FUNCTION: LVACFS_LVAC_Destroy at Line 137 in ../SRC/LVACFS_Destroy.c
05-19 13:24:05.901 31544 31698 D goodix_lvimfs: LVACFS_TRACE:[1] LVACFS_LVAC_Destroy: free pOutputSave at Line 143 in ../SRC/LVACFS_Destroy.c
05-19 13:24:05.901 31544 31698 D goodix_lvimfs: LVACFS_TRACE:[1] FUNCTION: LVACFS_LVAC_Destroy: successfully called LVAC_GetMemoryTable at Line 162 in ../SRC/LVACFS_Destroy.c
05-19 13:24:05.902 31544 31698 D goodix_lvimfs: LVACFS_TRACE:[1] FUNCTION: LVACFS_Destroy: There are 0 instances of LVACFS active at Line 109 in ../SRC/LVACFS_Destroy.c
05-19 13:24:05.902 31544 31698 D goodix_lvimfs: [INFO] lvimfs_wrapper_DestroyLibraryInstance:  exit
05-19 13:24:05.902 31544 31698 D aurisys_lib_handler: [LIB] lvimfs_arsi_destroy_handler(), p_handler = 0xe4ef6f80
05-19 13:24:05.902 31544 31698 D aurisys_lib_handler: aurisys_arsi_destroy_handler(), lib_name goodix_lvimfs, 0xe29cf980, arsi_destroy_handler, arsi_handler = 0xe4ef6f80, retval = 0
05-19 13:24:05.902 31544 31698 D aurisys_lib_manager: delete_aurisys_lib_manager(), manager 0xe8831e00
05-19 13:24:05.902 31544 31698 D AudioALSACaptureHandlerNormal: -close()
05-19 13:24:05.902 31544 31698 D AudioALSAStreamIn: closeWavDump()
05-19 13:24:05.902 31544 31698 D AudioUtility: power_hal_hint - custPowerHint 37, data 0
05-19 13:24:05.903  1486  1573 D AALCust : aal_backlight_bits, specialConfig:12
05-19 13:24:05.903  1486  1573 D AAL     : onBacklightChanged: 1359/1023 -> 1332/1023(phy:1332/4095)
05-19 13:24:05.904 31542 31632 D APM_AudioPolicyManager: stopInput portId 5019
05-19 13:24:05.904 31542 31632 D APM_AudioPolicyManager: [MTK_APM_Input]stopInput input 6990 portId 5019 old_source 1999
05-19 13:24:05.905 31544 31696 D AudioALSAHardware: +releaseAudioPatch() handle [0xafb] current mAudioHalPatchVector size 5
05-19 13:24:05.905 31544 31696 D AudioALSAHardware: releaseAudioPatch() releaseAudioPatch 0x80000004->Mixer, handle 2811
05-19 13:24:05.905 31544 31696 D AudioALSAStreamManager: +setParameters(), IOport = 6990, keyValuePairs = routing=0
05-19 13:24:05.905 31544 31696 D AudioALSAStreamManager: +routingInputDevice(), input_device: 0x80000004 => 0x0
05-19 13:24:05.905 31544 31696 W AudioALSAStreamManager: -routingInputDevice(), input_device(0x0) is AUDIO_DEVICE_NONE(0x0) or current_input_device(0x80000004), return
05-19 13:24:05.905 31544 31696 D AudioALSAStreamManager: updateInputSource(), Update input source form mStreamInVector [0]
05-19 13:24:05.905 31544 31696 D AudioALSAHardware: releaseAudioPatch() remove handle [afb] OK, current mAudioHalPatchVector size 4
05-19 13:24:05.905 31544 31696 D AudioALSAHardware: -releaseAudioPatch() handle [0xafb] status [0]
05-19 13:24:05.906 31542 31632 W AudioPolicyClientImpl: setSoundTriggerCaptureState active 0
05-19 13:24:05.907 31542 31632 D AudioPolicyManagerExtImpl: stopinput client uid = 10136
05-19 13:24:05.907 31542 31627 D AudioSystem: +setParameters(): stopinput_pid=10136
05-19 13:24:05.907 31542 31627 D AudioFlingerExtImpl: AudioFlingerExtImpl oplusSetParameters: keyvalue stopinput_pid=10136
05-19 13:24:05.908 31544 31696 D AudioALSAHardware: +setParameters(): stopinput_pid=10136
05-19 13:24:05.908 31544 31696 D AudioALSAPlaybackHandlerKTVThread: setParameters:stopinput_pid: value = 10136
05-19 13:24:05.908 31544 31696 D AudioALSAHardware: =====>GetInstance()->MMI_Auto_Test
05-19 13:24:05.908 31544 31696 D audio_engineer_test: do_audio_test_process Enter all_test[0]:NoneTest in_call:false
05-19 13:24:05.908 31544 31696 D AudioALSAHardware: -setParameters(): stopinput_pid=10136
05-19 13:24:05.909 31542 31632 D AtlasEventUploadUtils: setEvent event:atlas_event_audio_record_stop
05-19 13:24:05.909 31542 30704 D APM_AudioPolicyManager: listAudioPorts mAvailableInputDevices 0x80000004, 0x80000040, 0x80000080, 0x80000100, 0x80002000, 0x90000000
05-19 13:24:05.909 31542 31632 D AudioFlingerExtImpl: ActiveRecordTrackPids.removeItem session 5621505
05-19 13:24:05.909 31542 31632 D AudioFlingerExtImpl: ActiveRecordTrackPids.removeItem session 5621505 when stop
05-19 13:24:05.909 31542 31632 D AudioFlingerExtImpl: removeAudioSessionUidMap, remove 5621505, map size 0
05-19 13:24:05.909  3728 19778 D OplusAtlas.OplusAtlasEventDispatch: setEvent:atlas_event_audio_record_stop info:recorderPid:9545,TrackSession:5621505
05-19 13:24:05.910  3728  4872 D OplusAtlasAudioDetectionManager: callback success event:atlas_event_audio_record_stop eventInfo:recorderPid:9545,TrackSession:5621505
05-19 13:24:05.910  3728  4872 D OplusAtlas.OplusAudioRecordInfoUploadHelper: callback success event:atlas_event_audio_record_stop eventInfo:recorderPid:9545,TrackSession:5621505
05-19 13:24:05.910 31542 31632 D APM_AudioPolicyManager: listAudioPorts mAvailableInputDevices 0x80000004, 0x80000040, 0x80000080, 0x80000100, 0x80002000, 0x90000000
05-19 13:24:05.910  3728  5040 D OplusAtlasAudioDetectionManager: MSG_AUDIO_RECORD_STOP
05-19 13:24:05.910  3728  5040 D OplusAtlasAudioDetectionManager: record stop,pid=9545
05-19 13:24:05.910 31542 31711 D APM_AudioPolicyManager: listAudioPorts mAvailableInputDevices 0x80000004, 0x80000040, 0x80000080, 0x80000100, 0x80002000, 0x90000000
05-19 13:24:05.910 31542 31542 D APM_AudioPolicyManager: listAudioPorts mAvailableInputDevices 0x80000004, 0x80000040, 0x80000080, 0x80000100, 0x80002000, 0x90000000
05-19 13:24:05.910  3728  4878 D OplusAtlas.OplusMessageHandler: handleMessage: Msg { when=-1ms what=2 obj=com.oplus.atlas.OplusAtlasEvent@ccadcdf target=com.oplus.atlas.OplusMessageHandler$MyHandler }
05-19 13:24:05.910  3728  4878 D OplusAtlas.OplusAudioRecordInfoUploadHelper: setRecordEvent pid:9545 session:5621505
05-19 13:24:05.911  9545  9747 D AudioRecord: call AudioRecordThread pause()
05-19 13:24:05.911  9545  9747 D AudioRecordExtImpl: clearAudioBoostTid
05-19 13:24:05.911 31542 31711 D APM_AudioPolicyManager: listAudioPorts mAvailableInputDevices 0x80000004, 0x80000040, 0x80000080, 0x80000100, 0x80002000, 0x90000000
05-19 13:24:05.911 31544 31696 D oplus_audio_config: oplus_get_config(),unkonw config
05-19 13:24:05.911 31544 31696 D oplus_audio_config: oplus_get_config(),unkonw config
05-19 13:24:05.911 31544 31696 D oplus_audio_config: oplus_get_config(),unkonw config
05-19 13:24:05.911  3728  4878 D OplusAtlas.OplusAudioRecordInfoUploadHelper: reportRecordData:MM_FB_EventID#20001#recordPackageName#com.google.android.googlequicksearchbox#recordSource#1999#recordFormat#1#recordChannelmask#10#recordSampleRate#16000#recordStatTime#2023/05/19 13:23:53#recordStopTime#2023/05/19 13:24:05#recordTotalTime#12150#recordDevice#80000004#AudioID#59a5d2ade983
05-19 13:24:05.911 31544 31696 D AudioALSAHardware: -getParameters(), return ""
05-19 13:24:05.911  3728  4878 D OplusAtlasFeedback: uploadMMCollectData MM_FB_EventID#20001#recordPackageName#com.google.android.googlequicksearchbox#recordSource#1999#recordFormat#1#recordChannelmask#10#recordSampleRate#16000#recordStatTime#2023/05/19 13:23:53#recordStopTime#2023/05/19 13:24:05#recordTotalTime#12150#recordDevice#80000004#AudioID#59a5d2ade983
05-19 13:24:05.911 31542 31632 D AudioFlingerExtImpl: audioShcedBoost after setUx(pid:9545, tid:9746)
05-19 13:24:05.911 31542 31632 D AudioFlinger: AudioFlinger::audioSchedBoost
05-19 13:24:05.912  9545  9747 D AudioRecordExtImpl: clearAudioBoostTid  pid 9545  tid 9746
05-19 13:24:05.912  9545  9747 D AudioRecord: stop(5019) done
05-19 13:24:05.912  9545  9747 I AudioRecord: ~AudioRecord(5019): mStatus 0
05-19 13:24:05.912  3728  5040 D OplusAtlasAudioDetectionManager: record:
05-19 13:24:05.912  9545  9747 D AudioRecord: stop(5019): mActive:0
05-19 13:24:05.912 31542 31542 D APM_AudioPolicyManager: listAudioPorts mAvailableInputDevices 0x80000004, 0x80000040, 0x80000080, 0x80000100, 0x80002000, 0x90000000
05-19 13:24:05.912 15027 15027 D CompatibilityChangeReporter: Compat change id reported: 210923482; UID 10495; state: DISABLED
05-19 13:24:05.913 15027 15027 D CompatibilityChangeReporter: Compat change id reported: 37756858; UID 10495; state: ENABLED
05-19 13:24:05.916  3728  4878 D OplusAtlasService: isAppInRecording getActiveAudioPids is null
05-19 13:24:05.916  4993  4993 V DeepThinker: BroadcastReceiverWrapper: onReceive, start dispatch android.media.ACTION_AUDIO_RECORD_STOP
05-19 13:24:05.917 31542 31542 D APM_AudioPolicyManager: [MTK_APM_Input]releaseInput input 6990 portId 5019
05-19 13:24:05.917 31542 31542 D APM_AudioPolicyManager: closeInput input 6990
05-19 13:24:05.918  1486  1573 D AALCust : aal_backlight_bits, specialConfig:12
05-19 13:24:05.918  1486  1573 D AAL     : onBacklightChanged: 1332/1023 -> 1306/1023(phy:1306/4095)
05-19 13:24:05.921  9545  9747 I A       : Audio Stopped
05-19 13:24:05.921 31542 14700 D AudioFlinger: updateWakeLockUids_l AudioIn_1B4E uids:
05-19 13:24:05.921  9545  9747 I HotwordRecognitionRnr: Stopping hotword detection.
05-19 13:24:05.921  9545 10162 I GsaVoiceInteractionSrv: HotwordCallback#onError
05-19 13:24:05.921  9545 10162 I HwDetectorWithState: #stopHotwordDetection
05-19 13:24:05.921  9545 10162 I HotwordRecognitionRnr: IOException during hotword detection; expected during hotword detection closing
05-19 13:24:05.922 31542 31542 W AudioPolicyClientImpl: setSoundTriggerCaptureState active 0
05-19 13:24:05.922  9545  9746 I GsaVoiceInteractionSrv: (REDACTED) #onClosed - audio is closed, hasRecordingStarted %b
05-19 13:24:05.922  9545  9746 I HwDetectorWithState: (REDACTED) a: %d
05-19 13:24:05.922  9545  9746 I HwDetectorWithState: #stopHotwordDetection
05-19 13:24:05.923 31542 31542 E audio_pcm_dump: check_pcm_path : create path /data/persist_log fail 17
05-19 13:24:05.923 31542 31542 E audio_pcm_dump: check_pcm_path failed.
05-19 13:24:05.923 31542 31632 D APM_AudioPolicyManager: listAudioPorts mAvailableInputDevices 0x80000004, 0x80000040, 0x80000080, 0x80000100, 0x80002000, 0x90000000
05-19 13:24:05.923 31544 31696 D DeviceHAL: closeInputStream mOpenedStreamsCount 6
05-19 13:24:05.923 31544 31696 D AudioALSAStreamManager: +closeInputStream(), in = 0xe08eca00, size() = 1
05-19 13:24:05.923 31544 31696 D AudioALSAStreamIn: ~AudioALSAStreamIn()
05-19 13:24:05.923 31542 31711 D APM_AudioPolicyManager: listAudioPorts mAvailableInputDevices 0x80000004, 0x80000040, 0x80000080, 0x80000100, 0x80002000, 0x90000000
05-19 13:24:05.923 31544 31696 D AudioUtility: ~AudioThrottleTimeControl()
05-19 13:24:05.923 31542 30704 D APM_AudioPolicyManager: listAudioPorts mAvailableInputDevices 0x80000004, 0x80000040, 0x80000080, 0x80000100, 0x80002000, 0x90000000
05-19 13:24:05.923 31542 31632 D APM_AudioPolicyManager: listAudioPorts mAvailableInputDevices 0x80000004, 0x80000040, 0x80000080, 0x80000100, 0x80002000, 0x90000000
05-19 13:24:05.924 31542 31542 E audio_pcm_dump: check_pcm_path : create path /data/persist_log fail 17
05-19 13:24:05.924 31542 31542 E audio_pcm_dump: check_pcm_path failed.
05-19 13:24:05.924 31542 30704 D APM_AudioPolicyManager: listAudioPorts mAvailableInputDevices 0x80000004, 0x80000040, 0x80000080, 0x80000100, 0x80002000, 0x90000000
05-19 13:24:05.925 31542 31711 D APM_AudioPolicyManager: listAudioPorts mAvailableInputDevices 0x80000004, 0x80000040, 0x80000080, 0x80000100, 0x80002000, 0x90000000
05-19 13:24:05.935  1486  1573 D AALCust : aal_backlight_bits, specialConfig:12
05-19 13:24:05.935  1486  1573 D AAL     : onBacklightChanged: 1306/1023 -> 1279/1023(phy:1279/4095)
05-19 13:24:05.935  1486  1573 D AAL     : 05-19 01:24:05.869 BL=1386,ESS= 256, 05-19 01:24:05.885 BL=1359,ESS= 256, 05-19 01:24:05.905 BL=1334,ESS= 256, 05-19 01:24:05.919 BL=1306,ESS= 256, 05-19 01:24:05.935 BL=1280,ESS= 256,
05-19 13:24:05.950 15027 15027 D CompatibilityChangeReporter: Compat change id reported: 171228096; UID 10495; state: ENABLED
05-19 13:24:05.952  1486  1573 D AALCust : aal_backlight_bits, specialConfig:12
05-19 13:24:05.952  1486  1573 D AAL     : onBacklightChanged: 1279/1023 -> 1253/1023(phy:1253/4095)
05-19 13:24:05.960 15027 15027 D LifecycleMonitor: Lifecycle status change: com.example.healthcare.LabTestActivity@8d4d755 in: CREATED
05-19 13:24:05.960 15027 15027 V ActivityScenario: Update currentActivityStage to CREATED, currentActivity=com.example.healthcare.LabTestActivity@8d4d755
05-19 13:24:05.963 15027 15027 D LifecycleMonitor: Lifecycle status change: com.example.healthcare.LabTestActivity@8d4d755 in: STARTED
05-19 13:24:05.963 15027 15027 V ActivityScenario: Update currentActivityStage to STARTED, currentActivity=com.example.healthcare.LabTestActivity@8d4d755
05-19 13:24:05.965 15027 15027 D LifecycleMonitor: Lifecycle status change: com.example.healthcare.LabTestActivity@8d4d755 in: RESUMED
05-19 13:24:05.966 15027 15027 V ActivityScenario: Update currentActivityStage to RESUMED, currentActivity=com.example.healthcare.LabTestActivity@8d4d755
05-19 13:24:05.968  1486  1573 D AALCust : aal_backlight_bits, specialConfig:12
05-19 13:24:05.968  1486  1573 D AAL     : onBacklightChanged: 1253/1023 -> 1227/1023(phy:1227/4095)
05-19 13:24:05.970 15027 15027 I PowerHalWrapper: PowerHalWrapper.getInstance
05-19 13:24:05.970 15027 15067 I PowerHalWrapper: PowerHalWrapper.getInstance
05-19 13:24:05.972 15027 15027 I MSYNC3-VariableRefreshRate: Variable refreshrate is disabled
05-19 13:24:05.973 15027 15027 D ExtensionsLoader: createInstance(64bit) : createExtendedFactory
05-19 13:24:05.974 15027 15027 D ExtensionsLoader: Opened libSchedAssistExtImpl.so
05-19 13:24:05.974 15027 15027 E mple.healthcare: ofbOpen failed with error=No such file or directory
05-19 13:24:05.974 15027 15027 E mple.healthcare: sysOpen failed with error=No such file or directory
05-19 13:24:05.980 15027 15027 I SurfaceFactory: [static] sSurfaceFactory = com.mediatek.view.impl.SurfaceFactoryImpl@e5d06ad
05-19 13:24:05.980  1176  1238 I SurfaceFlinger: [SF client] NEW(0xb400006fb8033700) for (15027:com.example.healthcare)
05-19 13:24:05.984 15027 15070 I OplusSlideAnimOptHelper: checkListMode: is blacklist mode = true
05-19 13:24:05.984 15027 15070 D OplusSlideAnimOptHelper: com.example.healthcare scrollEffectOpt enable = true
05-19 13:24:05.985 15027 15027 D WindowManager: Add to mViews: DecorView@181e573[LabTestActivity],pkg= com.example.healthcare
05-19 13:24:05.985  1486  1573 D AALCust : aal_backlight_bits, specialConfig:12
05-19 13:24:05.985  1486  1573 D AAL     : onBacklightChanged: 1227/1023 -> 1200/1023(phy:1200/4095)
05-19 13:24:05.988 15027 15061 D ExtensionsLoader: createInstance(64bit) : createExtendedFactory
05-19 13:24:05.990 15027 15061 D ExtensionsLoader: Opened libhwuiextimpl.so
05-19 13:24:05.990 15027 15027 D ExtensionsLoader: createInstance(64bit) : createExtendedFactory
05-19 13:24:05.990 15027 15027 D ExtensionsLoader: Opened libSchedAssistExtImpl.so
05-19 13:24:05.999  1176  1389 I SurfaceFlinger: [SF client] NEW(0xb400006fb8031e40) for (1931:system_server)
05-19 13:24:06.001  1486  1573 D AALCust : aal_backlight_bits, specialConfig:12
05-19 13:24:06.001  1486  1573 D AAL     : onBacklightChanged: 1200/1023 -> 1174/1023(phy:1174/4095)
05-19 13:24:06.005 15027 15027 D libMEOW : meow new tls: 0xb4000071897b8140
05-19 13:24:06.005 15027 15027 D libMEOW : applied 1 plugins for [com.example.healthcare]:
05-19 13:24:06.005 15027 15027 D libMEOW :   plugin 1: [libMEOW_gift.so]: 0xb4000071e5138080
05-19 13:24:06.005 15027 15027 D libMEOW : rebuild call chain: 0xb4000071ed6e7180
05-19 13:24:06.006 15027 15027 D InputEventReceiver: Input log is disabled
05-19 13:24:06.018  1486  1573 D AALCust : aal_backlight_bits, specialConfig:12
05-19 13:24:06.018  1486  1573 D AAL     : onBacklightChanged: 1174/1023 -> 1147/1023(phy:1147/4095)
05-19 13:24:06.018  1486  1573 D AAL     : 05-19 01:24:05.952 BL=1253,ESS= 256, 05-19 01:24:05.968 BL=1227,ESS= 256, 05-19 01:24:05.985 BL=1201,ESS= 256, 05-19 01:24:06.001 BL=1174,ESS= 256, 05-19 01:24:06.018 BL=1148,ESS= 256,
05-19 13:24:06.027  1176  2599 I BufferQueueDebug: [com.example.healthcare/com.example.healthcare.LabTestActivity#251943](this:0xb400006fb3ffe9e8,id:-1,api:0,p:-1,c:-1) BufferQueue core=(1176:/system/bin/surfaceflinger)
05-19 13:24:06.034  1486  1573 D AALCust : aal_backlight_bits, specialConfig:12
05-19 13:24:06.034  1486  1573 D AAL     : onBacklightChanged: 1147/1023 -> 1121/1023(phy:1121/4095)
05-19 13:24:06.034  1931  2802 D Theia.NoFocusWindow: FocusWindowErrorScene cancelCheckFreezeScreen
05-19 13:24:06.038  1176  2599 D [OSIE]  : scltmLayer_name VRI[LabTestActivity][com.example.healthcare/com.example.healthcare.LabTestActivity]
05-19 13:24:06.038  1176  2599 D [OSIE]  : IsSCLTMLayer=0
05-19 13:24:06.038 15027 15027 D BufferQueueConsumer: [](id:3ab300000000,api:0,p:-1,c:15027) connect: controlledByApp=false
05-19 13:24:06.039 15027 15027 D ExtensionsLoader: createInstance(64bit) : createExtendedFactory
05-19 13:24:06.039 15027 15027 D ExtensionsLoader: Opened libSchedAssistExtImpl.so
05-19 13:24:06.040 15027 15027 E FBI     : Can't load library: dlopen failed: library "libmagtsync.so" not found
05-19 13:24:06.044 15027 15061 D libMEOW : meow new tls: 0xb4000071ed700080
05-19 13:24:06.044 15027 15061 D libMEOW : applied 1 plugins for [com.example.healthcare]:
05-19 13:24:06.044 15027 15061 D libMEOW :   plugin 1: [libMEOW_gift.so]: 0xb4000071e5138080
05-19 13:24:06.045 15027 15061 D libMEOW : rebuild call chain: 0xb4000071ed7190c0
05-19 13:24:06.048   561   561 I hwservicemanager: getTransport: Cannot find entry android.hardware.configstore@1.0::ISurfaceFlingerConfigs/default in either framework or device VINTF manifest.
05-19 13:24:06.051  1486  1573 D AALCust : aal_backlight_bits, specialConfig:12
05-19 13:24:06.051  1486  1573 D AAL     : onBacklightChanged: 1121/1023 -> 1094/1023(phy:1094/4095)
05-19 13:24:06.057  1176  1176 D Layer   : reparent to null sequence=251939, seq[1], name=Surface(name=c402886 StatusBar)/@0xaf05d85 - animation-leash of insets_animation#251939
05-19 13:24:06.057  1176  1176 D Layer   : reparent to null sequence=251940, seq[2], name=Surface(name=28e464 NavigationBar0)/@0xde740b - animation-leash of insets_animation#251940
05-19 13:24:06.057  1176  1176 D OplusLayer: ~Layer() sequence=251939, name=Surface(name=c402886 StatusBar)/@0xaf05d85 - animation-leash of insets_animation#251939
05-19 13:24:06.057  1176  1176 D OplusLayer: ~Layer() sequence=251940, name=Surface(name=28e464 NavigationBar0)/@0xde740b - animation-leash of insets_animation#251940
05-19 13:24:06.058  1176  2599 E HWComposer: getSupportedContentTypes: getSupportedContentTypes failed for display 0: Unsupported (8)
05-19 13:24:06.065   560   560 I servicemanager: Could not find android.hardware.graphics.allocator.IAllocator/default in the VINTF manifest.
05-19 13:24:06.067 15027 15075 E ion     : ioctl c0044901 failed with code -1: Invalid argument
05-19 13:24:06.067  1486  1573 D AALCust : aal_backlight_bits, specialConfig:12
05-19 13:24:06.067  1486  1573 D AAL     : onBacklightChanged: 1094/1023 -> 1068/1023(phy:1068/4095)
05-19 13:24:06.084  1486  1573 D AALCust : aal_backlight_bits, specialConfig:12
05-19 13:24:06.084  1486  1573 D AAL     : onBacklightChanged: 1068/1023 -> 1041/1023(phy:1041/4095)
05-19 13:24:06.091  2821 25323 D VRI[Launcher]: dispatchAppVisibility visible:false
05-19 13:24:06.091  9567  9600 D VRI[Launcher]: dispatchAppVisibility visible:false
05-19 13:24:06.093 28254 28254 D EffectsEngine_WallpaperRenderer: onPause().
05-19 13:24:06.093 28254 28254 D EffectsEngine_: FPSThrottler::pause
05-19 13:24:06.093 28254 28254 D EffectsEngine_DayNightRenderer: pause.
05-19 13:24:06.093 28254 28254 D EffectsEngine_ShootingStarSprite: ShootingStarSprite.stop()
05-19 13:24:06.098  1176  1308 D VRR [OTI-HW]: isStateReady 0
05-19 13:24:06.098  1176  1308 D VRR [OTI-HW]: rate range: min {id=0, hwcId=0, resolution=1080x2400, refreshRate=60.00 Hz, dpi=409.02x409.02, group=0} cur {id=0, hwcId=0, resolution=1080x2400, refreshRate=60.00 Hz, dpi=409.02x409.02, group=0} max {id=0, hwcId=0, resolution=1080x2400, refreshRate=60.00 Hz, dpi=409.02x409.02, group=0}
05-19 13:24:06.098  1176  1308 D VRR [OTI-HW]: keep rate.
05-19 13:24:06.101  1486  1573 D AALCust : aal_backlight_bits, specialConfig:12
05-19 13:24:06.101  1486  1573 D AAL     : onBacklightChanged: 1041/1023 -> 1015/1023(phy:1015/4095)
05-19 13:24:06.101  1486  1573 D AAL     : 05-19 01:24:06.034 BL=1121,ESS= 256, 05-19 01:24:06.051 BL=1095,ESS= 256, 05-19 01:24:06.067 BL=1068,ESS= 256, 05-19 01:24:06.085 BL=1042,ESS= 256, 05-19 01:24:06.101 BL=1015,ESS= 256,
05-19 13:24:06.109  1176  1176 D Layer   : reparent to null sequence=251937, seq[49], name=Surface(name=Task=2209)/@0xafee229 - animation-leash of app_transition#251937
05-19 13:24:06.109  1176  1176 D Layer   : reparent to null sequence=251938, seq[19], name=Surface(name=Task=1643)/@0xa6ac5a9 - animation-leash of app_transition#251938
05-19 13:24:06.109  1176  1176 D OplusLayer: ~Layer() sequence=251938, name=Surface(name=Task=1643)/@0xa6ac5a9 - animation-leash of app_transition#251938
05-19 13:24:06.109  1176  1176 D OplusLayer: ~Layer() sequence=251937, name=Surface(name=Task=2209)/@0xafee229 - animation-leash of app_transition#251937
05-19 13:24:06.113  1176  1176 I DispPerfService: updateLayerMask 0
05-19 13:24:06.118  1486  1573 D AALCust : aal_backlight_bits, specialConfig:12
05-19 13:24:06.118  2821  2821 D BLASTBufferQueue: [VRI[Launcher][com.android.launcher/com.android.launcher.Launcher]#2934](f:0,a:1) destructor()
05-19 13:24:06.118  1486  1573 D AAL     : onBacklightChanged: 1015/1023 -> 988/1023(phy:988/4095)
05-19 13:24:06.118  2821  2821 D BufferQueueConsumer: [VRI[Launcher][com.android.launcher/com.android.launcher.Launcher]#2934(BLAST Consumer)2934](id:b0500000bab,api:0,p:-1,c:2821) disconnect
05-19 13:24:06.134  1486  1573 D AALCust : aal_backlight_bits, specialConfig:12
05-19 13:24:06.134  1486  1573 D AAL     : onBacklightChanged: 988/1023 -> 962/1023(phy:962/4095)
05-19 13:24:06.134 15027 15027 V AutofillManager: notifyValueChanged(1073741824): ignoring on state UNKNOWN
05-19 13:24:06.135  9567  9567 D BLASTBufferQueue: [VRI[Launcher][com.android.launcher/com.android.launcher.Launcher]#585](f:0,a:1) destructor()
05-19 13:24:06.135  9567  9567 D BufferQueueConsumer: [VRI[Launcher][com.android.launcher/com.android.launcher.Launcher]#585(BLAST Consumer)585](id:255f00000249,api:0,p:-1,c:9567) disconnect
05-19 13:24:06.137 15027 15027 D VRI[LabTestActivity]: registerCallbacksForSync syncBuffer=false
05-19 13:24:06.143 15027 15041 I mple.healthcare: Compiler allocated 4148KB to compile void android.widget.TextView.<init>(android.content.Context, android.util.AttributeSet, int, int)
05-19 13:24:06.150  1486  1573 D AALCust : aal_backlight_bits, specialConfig:12
05-19 13:24:06.150  1486  1573 D AAL     : onBacklightChanged: 962/1023 -> 935/1023(phy:935/4095)
05-19 13:24:06.167  1486  1573 D AALCust : aal_backlight_bits, specialConfig:12
05-19 13:24:06.167  1486  1573 D AAL     : onBacklightChanged: 935/1023 -> 909/1023(phy:909/4095)
05-19 13:24:06.183  1486  1573 D AALCust : aal_backlight_bits, specialConfig:12
05-19 13:24:06.183  1486  1573 D AAL     : onBacklightChanged: 909/1023 -> 882/1023(phy:882/4095)
05-19 13:24:06.183  1486  1573 D AAL     : 05-19 01:24:06.119 BL= 989,ESS= 256, 05-19 01:24:06.134 BL= 962,ESS= 256, 05-19 01:24:06.150 BL= 935,ESS= 256, 05-19 01:24:06.167 BL= 910,ESS= 256, 05-19 01:24:06.183 BL= 882,ESS= 256,
05-19 13:24:06.200  1486  1573 D AALCust : aal_backlight_bits, specialConfig:12
05-19 13:24:06.200  1486  1573 D AAL     : onBacklightChanged: 882/1023 -> 856/1023(phy:856/4095)
05-19 13:24:06.215 15027 15061 D BLASTBufferQueue: [VRI[LabTestActivity][com.example.healthcare/com.example.healthcare.LabTestActivity]#0](f:0,a:1) acquireNextBufferLocked size=1080x2400 mFrameNumber=1 applyTransaction=true mTimestamp=861285738668718(auto) mPendingTransactions.size=0 graphicBufferId=64540473556996 transform=0
05-19 13:24:06.215 15027 15061 D VRI[LabTestActivity]: Received frameCommittedCallback lastAttemptedDrawFrameNum=1 didProduceBuffer=true syncBuffer=false
05-19 13:24:06.216  1486  1573 D AALCust : aal_backlight_bits, specialConfig:12
05-19 13:24:06.216  1486  1573 D AAL     : onBacklightChanged: 856/1023 -> 829/1023(phy:829/4095)
05-19 13:24:06.217 15027 15061 W Parcel  : Expecting binder but got null!
