05-19 13:24:06.218 15027 15027 D VRI[LabTestActivity]: draw finished.
05-19 13:24:06.222  1176  1176 I ClientCache: add: Cache owner=0xb400006fc38e9160
05-19 13:24:06.222  1176  1176 D BufferStateLayer: com.example.healthcare/com.example.healthcare.LabTestActivity#251943 setBuffer frameId=1, bufferId=64540473556996 fenceId=847, w= 1080, h=2400
05-19 13:24:06.223  1176  1176 D OplusLayer: (251943,com.example.healthcare/com.example.healthcare.LabTestActivity#251943,com.example.healthcare) setBuffer
05-19 13:24:06.229  1931  1955 W ziparchive: Unable to open '/data/app/~~Fs3A3tUX-W9JmCtFO6KF3g==/com.example.healthcare-1VY8-UJtEQIfMyFv0Y97-A==/base.dm': No such file or directory
05-19 13:24:06.230  1931  1955 I ActivityTaskManager: Displayed com.example.healthcare/.LabTestActivity: +541ms
05-19 13:24:06.233  1486  1573 D AALCust : aal_backlight_bits, specialConfig:12
05-19 13:24:06.233  1486  1573 D AAL     : onBacklightChanged: 829/1023 -> 803/1023(phy:803/4095)
05-19 13:24:06.237 15027 15027 D VRI[LabTestActivity]: registerCallbacksForSync syncBuffer=false
05-19 13:24:06.241  1931  4626 I FocusResolver: updateFocusedWindow, 4b21f5b com.example.healthcare/com.example.healthcare.LabTestActivity on display 0, reason: Window became focusable. Previous reason: NOT_VISIBLE, result:   FocusedWindows:
05-19 13:24:06.241  1931  4626 I FocusResolver:     displayId=0, name='4b21f5b com.example.healthcare/com.example.healthcare.LabTestActivity'
05-19 13:24:06.241  1176  1176 I DispPerfService: updateLayerMask 0
05-19 13:24:06.249  1486  1573 D AALCust : aal_backlight_bits, specialConfig:12
05-19 13:24:06.249  1486  1573 D AAL     : onBacklightChanged: 803/1023 -> 776/1023(phy:776/4095)
05-19 13:24:06.259 15027 15061 D VRI[LabTestActivity]: Received frameCommittedCallback lastAttemptedDrawFrameNum=3 didProduceBuffer=true syncBuffer=false
05-19 13:24:06.259 15027 15027 D VRI[LabTestActivity]: draw finished.
05-19 13:24:06.260 15027 15027 D VRI[LabTestActivity]: onFocusEvent true
05-19 13:24:06.266  1486  1573 D AALCust : aal_backlight_bits, specialConfig:12
05-19 13:24:06.266  1486  1573 D AAL     : onBacklightChanged: 776/1023 -> 750/1023(phy:750/4095)
05-19 13:24:06.267  1486  1573 D AAL     : 05-19 01:24:06.200 BL= 857,ESS= 256, 05-19 01:24:06.217 BL= 829,ESS= 256, 05-19 01:24:06.233 BL= 804,ESS= 256, 05-19 01:24:06.250 BL= 776,ESS= 256, 05-19 01:24:06.266 BL= 751,ESS= 256,
05-19 13:24:06.275 17158 17158 D InputEventReceiver: Input log is disabled
05-19 13:24:06.282 17158 17158 I GoogleInputMethodService: GoogleInputMethodService.onFinishInput():3261
05-19 13:24:06.282  1486  1573 D AALCust : aal_backlight_bits, specialConfig:12
05-19 13:24:06.282  1486  1573 D AAL     : onBacklightChanged: 750/1023 -> 723/1023(phy:723/4095)
05-19 13:24:06.283 17158 17158 I GoogleInputMethodService: GoogleInputMethodService.updateDeviceLockedStatus():2110 repeatCheckTimes = 0, locked = false
05-19 13:24:06.283 17158 17158 I GoogleInputMethodService: GoogleInputMethodService.onStartInput():1898 onStartInput(EditorInfo{inputType=0x0(NULL) imeOptions=0x0 privateImeOptions=null actionName=UNSPECIFIED actionLabel=null actionId=0 initialSelStart=-1 initialSelEnd=-1 initialCapsMode=0x0 hintText=null label=null packageName=com.example.healthcare fieldId=2131230824 fieldName=null extras=Bundle[{com.oplus.im.SCENES=0}] hintLocales=[]}, false)
05-19 13:24:06.283 17158 17158 I GoogleInputMethodService: GoogleInputMethodService.shouldHideHeaderOnInitialState():4088 ShouldHideHeaderOnInitialState = false
05-19 13:24:06.284 17158 17158 I GoogleInputMethodService: GoogleInputMethodService.updateDeviceLockedStatus():2110 repeatCheckTimes = 1, locked = false
05-19 13:24:06.291  1078  1119 I mtkpower@impl: [setMode] type:5, enabled:0
05-19 13:24:06.291  1078  1185 I libPowerHal: [perfLockRel] hdl:511873, idx:1
05-19 13:24:06.292  1931  2802 I PowerHalWrapper: amsBoostNotify pid:2821,activity:com.android.launcher.Launcher, package:com.android.launcher, mProcessCreatePackcom.example.healthcare
05-19 13:24:06.292  1931  2802 I PowerHalWrapper: state: 0
05-19 13:24:06.292  1931  2802 I mtkpower_client: [Legacy][PowerHal_Wrap_notifyAppState] com.android.launcher/com.android.launcher.Launcher pid=2821 state:0
05-19 13:24:06.292  1931  2802 I game_scn: collectForegroundAppList packName=com.android.launcher, actName=com.android.launcher.Launcher, pid=2821, uid=10106, state:PAUSED
05-19 13:24:06.292  1931  2802 I PowerHalWrapper: amsBoostNotify AMS_BOOST_PROCESS_CREATE_BOOST:false
05-19 13:24:06.293  1931  2802 I PowerHalWrapper: amsBoostStop AMS_BOOST_PACK_SWITCH:true, AMS_BOOST_ACT_SWITCH:false, AMS_BOOST_PROCESS_CREATE:false
05-19 13:24:06.293  1078  1185 I libPowerHal: [perfLockRel] hdl:511874, idx:2
05-19 13:24:06.293  1078  1185 I libPowerHal: [PD] MTKPOWER_HINT_PACK_SWITCH update cmd:1000000, param:-1
05-19 13:24:06.294  1078  1185 I libPowerHal: [PD] MTKPOWER_HINT_PACK_SWITCH update cmd:1408300 param:0
05-19 13:24:06.294  1078  1185 I libPowerHal: [PD] MTKPOWER_HINT_PACK_SWITCH update cmd:1000000 param:-1
05-19 13:24:06.294  1931  1958 D OplusUIFirst_FB: com.android.launcher moveToBack 2821
05-19 13:24:06.295  2821  2821 D VRI[Launcher]: setWindowStopped stopped:true
05-19 13:24:06.301  1486  1573 D AALCust : aal_backlight_bits, specialConfig:12
05-19 13:24:06.301  1486  1573 D AAL     : onBacklightChanged: 723/1023 -> 697/1023(phy:697/4095)
05-19 13:24:06.301  7182  7312 D BtGatt.ScanManager: uid 10127 isForeground true scanMode -1
05-19 13:24:06.301  7182  7312 D BtGatt.ScanManager: uid 10127 isForeground true scanMode 1
05-19 13:24:06.301  7182  7312 D BtGatt.ScanManager: uid 10127 isForeground true scanMode -1
05-19 13:24:06.301  7182  7312 D BtGatt.ScanManager: configureRegularScanParams() - queue=6
05-19 13:24:06.301  7182  7182 I OplusCustomScanStrategy: msg.what = 6
05-19 13:24:06.305  1176  1176 D Layer   : reparent to null sequence=251905, seq[3], name=Surface(name=33bba53 InputMethod)/@0xbdd8c45 - animation-leash of insets_animation#251905
05-19 13:24:06.305  1176  1176 D Layer   : reparent to null sequence=251925, seq[6], name=com.android.launcher/com.android.launcher.Launcher#251925
05-19 13:24:06.305  1176  1176 D Layer   : reparent to null sequence=251926, seq[6], name=com.android.launcher/com.android.launcher.Launcher#251926
05-19 13:24:06.306  1176  1176 I BufferQueueDebug: [com.android.launcher/com.android.launcher.Launcher#251925](this:0xb400006fc3bab9e8,id:-1,api:0,p:-1,c:1176) onDestructor()
05-19 13:24:06.306  1176  1176 D OplusLayer: ~Layer() sequence=251925, name=com.android.launcher/com.android.launcher.Launcher#251925
05-19 13:24:06.306  1176  1176 D OplusLayer: ~Layer() sequence=251905, name=Surface(name=33bba53 InputMethod)/@0xbdd8c45 - animation-leash of insets_animation#251905
05-19 13:24:06.310  4993  5306 V DeepThinker: ProcessManager: onForegroundActivitiesChanged pid:2821, uid:10106, foregroundActivities:false
05-19 13:24:06.310  3728 19778 D OplusAtlas.OplusAtlasEventDispatch: setEvent:atlas_event_on_foreground_activities_changed info:pid:2821,uid:10106,hasForegroundActivities:0
05-19 13:24:06.310  3728  4872 D OplusAtlas.OplusAudioScene: callback success event:atlas_event_on_foreground_activities_changed eventInfo:pid:2821,uid:10106,hasForegroundActivities:0
05-19 13:24:06.310  3728  5211 D OplusAtlas.OplusMessageHandler: handleMessage: Msg { when=0 what=2 obj=com.oplus.atlas.OplusAtlasEvent@5262d2c target=com.oplus.atlas.OplusMessageHandler$MyHandler }
05-19 13:24:06.316  1486  1573 D AALCust : aal_backlight_bits, specialConfig:12
05-19 13:24:06.316  1486  1573 D AAL     : onBacklightChanged: 697/1023 -> 671/1023(phy:671/4095)
05-19 13:24:06.322  1176  1176 I BufferQueueDebug: [com.android.launcher/com.android.launcher.Launcher#251926](this:0xb400006fb3ca79e8,id:-1,api:0,p:-1,c:1176) onDestructor()
05-19 13:24:06.322  1176  1176 D OplusLayer: ~Layer() sequence=251926, name=com.android.launcher/com.android.launcher.Launcher#251926
05-19 13:24:06.323 15027 15057 W FileTestStorage: Output properties is not supported.
05-19 13:24:06.324 15027 15057 I Tracing : Tracer added: class androidx.test.platform.tracing.AndroidXTracer
05-19 13:24:06.332 15027 15057 W mple.healthcare: Accessing hidden method Landroid/view/ViewConfiguration;->getDoubleTapMinTime()I (unsupported, reflection, allowed)
05-19 13:24:06.332  1486  1573 D AALCust : aal_backlight_bits, specialConfig:12
05-19 13:24:06.332  1486  1573 D AAL     : onBacklightChanged: 671/1023 -> 644/1023(phy:644/4095)
05-19 13:24:06.338 15027 15057 D EventInjectionStrategy: Creating injection strategy with input manager.
05-19 13:24:06.338 15027 15057 W mple.healthcare: Accessing hidden method Landroid/hardware/input/InputManager;->getInstance()Landroid/hardware/input/InputManager; (unsupported, reflection, allowed)
05-19 13:24:06.339 15027 15057 W mple.healthcare: Accessing hidden method Landroid/hardware/input/InputManager;->injectInputEvent(Landroid/view/InputEvent;I)Z (unsupported, reflection, allowed)
05-19 13:24:06.339 15027 15057 W mple.healthcare: Accessing hidden field Landroid/hardware/input/InputManager;->INJECT_INPUT_EVENT_MODE_WAIT_FOR_FINISH:I (unsupported, reflection, allowed)
05-19 13:24:06.349  1486  1573 D AALCust : aal_backlight_bits, specialConfig:12
05-19 13:24:06.349  1486  1573 D AAL     : onBacklightChanged: 644/1023 -> 618/1023(phy:618/4095)
05-19 13:24:06.349  1486  1573 D AAL     : 05-19 01:24:06.283 BL= 724,ESS= 256, 05-19 01:24:06.301 BL= 698,ESS= 256, 05-19 01:24:06.316 BL= 671,ESS= 256, 05-19 01:24:06.333 BL= 644,ESS= 256, 05-19 01:24:06.349 BL= 619,ESS= 256,
05-19 13:24:06.357  1931  2479 I mtkpower_client: perf_lock_rel, hdl:511876, tid:2479
05-19 13:24:06.358  1931  2479 I mtkpower_client: perf_lock_acq, hdl:511876, dur:0, num:4, tid:2479
05-19 13:24:06.358  1078  1116 I mtkpower@impl: [check_work_req] i:0, msg:1 hdl:511876, wait
05-19 13:24:06.359  1078  1185 I libPowerHal: [perfLockRel] hdl:511876, idx:0
05-19 13:24:06.359  1078  1185 I libPowerHal: system_server: cpu_ctrl set cpu freq: -1 -1 -1 -1
05-19 13:24:06.359  1078  1185 I libPowerHal: [PD] system_server update cmd:1c3c000 param:1
05-19 13:24:06.359  1078  1185 I libPowerHal: [PD] (more) /proc/mcdi/state set +prefix:enable 1;
05-19 13:24:06.359  1078  1185 I libPowerHal: [PD] system_server update cmd:2004100 param:2
05-19 13:24:06.360  1931  2479 I mtkpower_client: ret_hdl:511877
05-19 13:24:06.365  1486  1573 D AALCust : aal_backlight_bits, specialConfig:12
05-19 13:24:06.365  1486  1573 D AAL     : onBacklightChanged: 618/1023 -> 591/1023(phy:591/4095)
05-19 13:24:06.382  1486  1573 D AALCust : aal_backlight_bits, specialConfig:12
05-19 13:24:06.382  1486  1573 D AAL     : onBacklightChanged: 591/1023 -> 565/1023(phy:565/4095)
05-19 13:24:06.399  1486  1573 D AALCust : aal_backlight_bits, specialConfig:12
05-19 13:24:06.399  1486  1573 D AAL     : onBacklightChanged: 565/1023 -> 538/1023(phy:538/4095)
05-19 13:24:06.415  1486  1573 D AALCust : aal_backlight_bits, specialConfig:12
05-19 13:24:06.415  1486  1573 D AAL     : onBacklightChanged: 538/1023 -> 512/1023(phy:512/4095)
05-19 13:24:06.415 15027 15027 W mple.healthcare: Accessing hidden method Landroid/os/MessageQueue;->next()Landroid/os/Message; (unsupported, reflection, allowed)
05-19 13:24:06.415 15027 15027 W mple.healthcare: Accessing hidden field Landroid/os/MessageQueue;->mMessages:Landroid/os/Message; (unsupported, reflection, allowed)
05-19 13:24:06.415 15027 15027 W mple.healthcare: Accessing hidden method Landroid/os/Message;->recycleUnchecked()V (unsupported, reflection, allowed)
05-19 13:24:06.421 15027 15027 W mple.healthcare: Accessing hidden method Landroid/view/WindowManagerGlobal;->getInstance()Landroid/view/WindowManagerGlobal; (unsupported, reflection, allowed)
05-19 13:24:06.422 15027 15027 W mple.healthcare: Accessing hidden field Landroid/view/WindowManagerGlobal;->mViews:Ljava/util/ArrayList; (unsupported, reflection, allowed)
05-19 13:24:06.422 15027 15027 W mple.healthcare: Accessing hidden field Landroid/view/WindowManagerGlobal;->mParams:Ljava/util/ArrayList; (unsupported, reflection, allowed)
05-19 13:24:06.431  1486  1573 D AALCust : aal_backlight_bits, specialConfig:12
05-19 13:24:06.432  1486  1573 D AAL     : onBacklightChanged: 512/1023 -> 485/1023(phy:485/4095)
05-19 13:24:06.432  1486  1573 D AAL     : 05-19 01:24:06.365 BL= 591,ESS= 256, 05-19 01:24:06.383 BL= 566,ESS= 256, 05-19 01:24:06.399 BL= 539,ESS= 256, 05-19 01:24:06.415 BL= 512,ESS= 256, 05-19 01:24:06.432 BL= 486,ESS= 256,
05-19 13:24:06.433 15027 15027 I ViewInteraction: Performing 'load adapter data' action on view view.getId() is <2131231024/com.example.healthcare:id/listViewBMCart>
05-19 13:24:06.448  1486  1573 D AALCust : aal_backlight_bits, specialConfig:12
05-19 13:24:06.448  1486  1573 D AAL     : onBacklightChanged: 485/1023 -> 459/1023(phy:459/4095)
05-19 13:24:06.464 12549 15980 I OMG_Observer:  onChange uri = content://settings/secure/accessibility_enabled
05-19 13:24:06.465  1486  1573 D AALCust : aal_backlight_bits, specialConfig:12
05-19 13:24:06.465  1486  1573 D AAL     : onBacklightChanged: 459/1023 -> 432/1023(phy:432/4095)
05-19 13:24:06.465  1931  1931 D PackageManager: multi app -> resolveContentProvider change name=settings to user 0 providerInfo=ContentProviderInfo{name=settings className=com.android.providers.settings.SettingsProvider}
05-19 13:24:06.466  1931  1931 D PackageManager: multi app -> resolveContentProvider change name=settings to user 0 providerInfo=ContentProviderInfo{name=settings className=com.android.providers.settings.SettingsProvider}
05-19 13:24:06.475 15027 15027 D takeScreenshot: Found 1 global views to redraw
05-19 13:24:06.482  1486  1573 D AALCust : aal_backlight_bits, specialConfig:12
05-19 13:24:06.482  1486  1573 D AAL     : onBacklightChanged: 432/1023 -> 406/1023(phy:406/4095)
05-19 13:24:06.489  7182  7312 D BtGatt.ScanManager: uid 10127 isForeground true scanMode -1
05-19 13:24:06.489  7182  7312 D BtGatt.ScanManager: uid 10127 isForeground true scanMode 1
05-19 13:24:06.489  7182  7312 D BtGatt.ScanManager: uid 10127 isForeground true scanMode -1
05-19 13:24:06.489  7182  7182 I OplusCustomScanStrategy: msg.what = 6
05-19 13:24:06.489  9545  9684 I A11yListener: (REDACTED) #onAccessibilityStateChanged enabled: %s
05-19 13:24:06.490  9545  9764 I A11yListener: #onChange
05-19 13:24:06.490  9545  9764 I Ma-fcf-A11yChangeNotifier: #FCF: onChange
05-19 13:24:06.490  9545  9764 I Ma-fcf  : (REDACTED) FCF System FeatureName to check: %s
05-19 13:24:06.490  9545  9764 I Ma-fcf  : (REDACTED) FCF: Device model check status : %s
05-19 13:24:06.490  9545  9770 I Ma-fcf  : FCF A11y Checker - readyForTngMa
05-19 13:24:06.491  9545  9764 I Ma-fcf  : (REDACTED) #FCF: Headset Connected Status: %s
05-19 13:24:06.491 12549 15980 I OMG_Observer: updateService, tempServiceNeedStart:true, mThreePointersScreenshot:true, mThreePointersAreaScreenshot:true, mThreePointersSplitScreen:true, mSplitScreenEnable:true, mTalkBackEnable:false, mSuperPowerEnter: false, accessibilityEnabled:true, mRepeatShowToast: false, myUserId:0, currentUserid:0
05-19 13:24:06.491  9545  9764 I Ma-fcf  : (REDACTED) #FCF: Assistant primary locale : %s
05-19 13:24:06.491  9545  9764 I Ma-fcf  : (REDACTED) #FCF: Assistant Primary locale check status : %s
05-19 13:24:06.494  9545  9764 I Ma-fcf  : (REDACTED) [%d] productivity accounts setup for current account.
05-19 13:24:06.496 28484 28541 I FontLog : Received query Noto Color Emoji Compat, URI content://com.google.android.gms.fonts [CONTEXT service_id=132 ]
05-19 13:24:06.497 28484 28541 I FontLog : Query [emojicompat-emoji-font] resolved to {Noto Color Emoji Compat, wdth 100.0, wght 400, ital 0.0, bestEffort false} [CONTEXT service_id=132 ]
05-19 13:24:06.499 28484 28541 I FontLog : Fetch {Noto Color Emoji Compat, wdth 100.0, wght 400, ital 0.0, bestEffort false} end status Status{statusCode=SUCCESS, resolution=null} [CONTEXT service_id=132 ]
05-19 13:24:06.500  1486  1573 D AALCust : aal_backlight_bits, specialConfig:12
05-19 13:24:06.500  1486  1573 D AAL     : onBacklightChanged: 406/1023 -> 379/1023(phy:379/4095)
05-19 13:24:06.503 12549 12549 D OMG_Policy: registerGlobalGesture, return:10000002 has already registered!
05-19 13:24:06.505 28484 28541 I FontLog : Pulling font file for id = 45, cache size = 6 [CONTEXT service_id=132 ]
05-19 13:24:06.506  4602 15090 I outlook.platformSDK: Doing re-evaluation of requirements for settings [SettingKey(name=System.IsSpokenFeedbackEnabled, evaluationProperty=RuntimeReevaluate)]
05-19 13:24:06.514 28484 28541 I FontLog : Pulling font file for id = 45, cache size = 6 [CONTEXT service_id=132 ]
05-19 13:24:06.517  1486  1573 D AAL     : 05-19 01:24:06.448 BL= 459,ESS= 256, 05-19 01:24:06.465 BL= 433,ESS= 256, 05-19 01:24:06.482 BL= 406,ESS= 256, 05-19 01:24:06.500 BL= 381,ESS= 256, 05-19 01:24:06.517 BL= 379,ESS= 256,
05-19 13:24:06.521  4602 15090 I FabMenuViewModel: getLoadedContributions - 4
05-19 13:24:06.521  3057  3511 D PhoneInterfaceManager: [PhoneIntfMgr] QueryTelephonyChecker-getDataNetworkTypeForSubscriber: packageName = com.android.phone, isGrant = true
05-19 13:24:06.522  1078  1119 I mtkpower@impl: [setMode] type:1, enabled:1
05-19 13:24:06.522  1078  1119 E mtkpower@impl: [setMode] unknown type
05-19 13:24:06.522  3057  3511 D PhoneInterfaceManager: [PhoneIntfMgr] QueryTelephonyChecker-getDataNetworkTypeForSubscriber: packageName = com.android.phone, isGrant = true
05-19 13:24:06.524  4602 15090 I outlook.platformSDK: Number of contributions to re-evaluate requirements [0]
05-19 13:24:06.524  4602 15090 I outlook.platformSDK: minInit -> IsComplete[true]
05-19 13:24:06.525  4602 15090 I outlook.platformSDK: minInit <- IsComplete[true]
05-19 13:24:06.525  4602 15090 I outlook.platformSDK: Skipping loading for [DelaySend] since flight is disabled.
05-19 13:24:06.525  4602 15090 I outlook.platformSDK: Skipping loading for [GenAiCompose] since flight is disabled.
05-19 13:24:06.525  4602 15090 I outlook.platformSDK: Skipping loading for [inboxSummary] since flight is disabled.
05-19 13:24:06.526  4602 15090 I outlook.platformSDK: Skipping loading for [LensVideoCapture] since flight is disabled.
05-19 13:24:06.526  4602 15090 I outlook.platformSDK: Skipping loading for [MailActionsPartner] since flight is disabled.
05-19 13:24:06.526  4602 15090 I outlook.platformSDK: Skipping loading for [MailOutlookHeaders] since flight is disabled.
05-19 13:24:06.526  4602 15090 I outlook.platformSDK: Skipping loading for [MailTabV2] since flight is disabled.
05-19 13:24:06.526  4602 15090 I outlook.platformSDK: Skipping loading for [MetaOsLaunchApps] since flight is disabled.
05-19 13:24:06.526  4602 15090 I outlook.platformSDK: Skipping loading for [OutlookComposeMenuItem] since flight is disabled.
05-19 13:24:06.526  4602 15090 I outlook.platformSDK: Skipping loading for [SchedulingAssistant] since flight is disabled.
05-19 13:24:06.526  4602 15090 I outlook.platformSDK: Skipping loading for [SenderScreening] since flight is disabled.
05-19 13:24:06.527  4602 15090 I outlook.platformSDK: Skipping loading for [Summarization] since flight is disabled.
05-19 13:24:06.527  4602 15090 I outlook.platformSDK: requestLoadContributionsAsyncV2[SettingsUpdatedContribution] - Packages[0]
05-19 13:24:06.527  4602 15090 I outlook.platformSDK: requestLoadContributionsAsyncV2[SettingsUpdatedContribution] - Loaded[0]
05-19 13:24:06.533  1486  1573 D AALCust : aal_backlight_bits, specialConfig:12
05-19 13:24:06.533  1486  1573 D AAL     : onBacklightChanged: 379/1023 -> 326/1023(phy:326/4095)
05-19 13:24:06.538  9567  9673 I A       : NGA disabled since it's running Panthera and at least one a11y feature is on.
05-19 13:24:06.538  9567  9673 I A       : (REDACTED) Nga state changed to %s
05-19 13:24:06.538  9567 12102 I Search.LoginHelperImpl: (REDACTED) Successfully received auth token for scope: %s in time %d ms
05-19 13:24:06.541  9567 12102 I Search.LoginHelperImpl: (REDACTED) Successfully received auth token for scope: %s in time %d ms
05-19 13:24:06.541  9567 12100 I Search.LoginHelperImpl: (REDACTED) Successfully received auth token for scope: %s in time %d ms
05-19 13:24:06.541  1931  1997 D BatterySaveExtend: onLowPowerModeChanged: no change. ignore. enabled=true
05-19 13:24:06.542  9567 12099 I Search.LoginHelperImpl: (REDACTED) Successfully received auth token for scope: %s in time %d ms
05-19 13:24:06.542  9567 12098 I Search.LoginHelperImpl: (REDACTED) Successfully received auth token for scope: %s in time %d ms
05-19 13:24:06.543  9567 12097 I Search.LoginHelperImpl: (REDACTED) Successfully received auth token for scope: %s in time %d ms
05-19 13:24:06.548  1486  1573 D AALCust : aal_backlight_bits, specialConfig:12
05-19 13:24:06.548  1486  1573 D AAL     : onBacklightChanged: 326/1023 -> 300/1023(phy:300/4095)
05-19 13:24:06.566  1931  2266 D AppStateRecord: handleMessage: EVENT_FOREGROUND_APP_CHANGE
05-19 13:24:06.566  1931  2266 D AppStateRecord: isFgAppInStuckList
05-19 13:24:06.566  1931  2266 D AppStateRecord: getFgAppInStuckList: fgApp com.example.healthcare
05-19 13:24:06.569  1931  2266 D AppStateRecord: handleMessage: not fg stuck app, updateQoeEvent false
05-19 13:24:06.572 15007 15025 E ion     : ioctl c0044901 failed with code -1: Invalid argument
05-19 13:24:06.574  7182  7321 V bt_stack: [VERBOSE1:btm_ble_gap.cc(2573)] btm_ble_process_adv_addr: bda=10:**:**:**:e7:f0 addr_type=1
05-19 13:24:06.574  7182  7321 I bt_btm  : LogMsg: btm_ble_process_adv_pkt: pkt_data_len: 31
05-19 13:24:06.574  7182  7321 I bt_btif : LogMsg: bta_dm_observe_results_cb
05-19 13:24:06.574  7182  7321 I bt_btif : LogMsg: btif_ble_scanner_update_COD 10:e8:9c:c5:e7:f0 cod is 0x000000
05-19 13:24:06.574  7182  7321 I bt_btif : LogMsg: btif_ble_scanner_update_COD cod in config 0x001f00, status=0
05-19 13:24:06.574  7182  7321 I bt_btif : LogMsg: btif_ble_scanner_update_COD invalid cod 0x0, use cod 0x1f00 in config
05-19 13:24:06.574  7182  7218 I bt_btif : LogMsg: bta_scan_results_cb_impl : type 0 channel 0
05-19 13:24:06.574  7182  7218 I bt_btif : LogMsg: bta_scan_results_cb_impl: HAL bt_gatt_callbacks->scanner->scan_result_cb
05-19 13:24:06.574  7182  7218 D BtGatt.GattService: onScanResult() - eventType=0x10, addressType=1, address=10:E8:9C:C5:E7:F0, primaryPhy=1, secondaryPhy=0, advertisingSid=0xff, txPower=127, rssi=-92, periodicAdvInt=0x0, originalAddress=10:E8:9C:C5:E7:F0, type=0, channel=0
05-19 13:24:06.574  7182  7218 D BtGatt.GattService: Skipping client: permission=true matches=false
05-19 13:24:06.574  7182  7218 D BtGatt.GattService: Skipping client: permission=true matches=false
05-19 13:24:06.574  7182  7218 D BtGatt.GattService: Skipping client: permission=true matches=false
05-19 13:24:06.574  7182  7218 D BtGatt.GattService: Skipping client: permission=true matches=false
05-19 13:24:06.574  7182  7218 D BtGatt.GattService: Skipping client: permission=true matches=false
05-19 13:24:06.574  7182  7218 D BtGatt.GattService: Skipping client: permission=true matches=false
05-19 13:24:06.576  7182  7321 V bt_stack: [VERBOSE1:btm_ble_gap.cc(2573)] btm_ble_process_adv_addr: bda=41:**:**:**:c1:87 addr_type=1
05-19 13:24:06.576  7182  7321 I bt_btm  : LogMsg: btm_ble_process_adv_pkt: pkt_data_len: 31
05-19 13:24:06.576  7182  7321 V bt_stack: [VERBOSE1:btm_ble_gap.cc(2573)] btm_ble_process_adv_addr: bda=41:**:**:**:c1:87 addr_type=1
05-19 13:24:06.576  7182  7321 I bt_btm  : LogMsg: btm_ble_process_adv_pkt: pkt_data_len: 0
05-19 13:24:06.576  7182  7321 I bt_btif : LogMsg: bta_dm_observe_results_cb
05-19 13:24:06.576  7182  7321 I bt_btif : LogMsg: btif_ble_scanner_update_COD 41:8c:53:fc:c1:87 cod is 0x000000
05-19 13:24:06.576  7182  7321 I bt_btif : LogMsg: btif_ble_scanner_update_COD cod in config 0x001f00, status=0
05-19 13:24:06.576  7182  7321 I bt_btif : LogMsg: btif_ble_scanner_update_COD invalid cod 0x0, use cod 0x1f00 in config
05-19 13:24:06.576  7182  7218 I bt_btif : LogMsg: bta_scan_results_cb_impl : type 0 channel 0
05-19 13:24:06.576  7182  7218 I bt_btif : LogMsg: bta_scan_results_cb_impl: HAL bt_gatt_callbacks->scanner->scan_result_cb
05-19 13:24:06.576  7182  7218 D BtGatt.GattService: onScanResult() - eventType=0x1b, addressType=1, address=41:8C:53:FC:C1:87, primaryPhy=1, secondaryPhy=0, advertisingSid=0xff, txPower=127, rssi=-92, periodicAdvInt=0x0, originalAddress=41:8C:53:FC:C1:87, type=0, channel=0
05-19 13:24:06.576  7182  7218 D BtGatt.GattService: Skipping client: permission=true matches=false
05-19 13:24:06.577  7182  7218 D BtGatt.GattService: Skipping client: permission=true matches=false
05-19 13:24:06.577  7182  7218 D BtGatt.GattService: Skipping client: permission=true matches=false
05-19 13:24:06.577  7182  7218 D BtGatt.GattService: Skipping client: permission=true matches=false
05-19 13:24:06.577  7182  7218 D BtGatt.GattService: Skipping client: permission=true matches=false
05-19 13:24:06.577  7182  7218 D BtGatt.GattService: Skipping client: permission=true matches=false
05-19 13:24:06.577   560   560 I servicemanager: Could not find android.hardware.graphics.allocator.IAllocator/default in the VINTF manifest.
05-19 13:24:06.578 15007 15026 W libc    : Access denied finding property "qemu.sf.lcd_density"
05-19 13:24:06.578 15007 15026 W libc    : Access denied finding property "qemu.sf.lcd_density"
05-19 13:24:06.580 28484 20004 I NearbySharing: Power save mode is already set to true, do nothing [CONTEXT service_id=194 ]
05-19 13:24:06.580 28484 20004 I NearbySharing: Screen is already unlocked, skipping invalidate [CONTEXT service_id=194 ]
05-19 13:24:06.581  1486  1573 D AALCust : aal_backlight_bits, specialConfig:12
05-19 13:24:06.581  1486  1573 D AAL     : onBacklightChanged: 300/1023 -> 273/1023(phy:273/4095)
05-19 13:24:06.584  2431  2556 D BLASTBufferQueue: [VRI[healthcare][Splash Screen com.example.healthcare]#19890](f:0,a:1) destructor()
05-19 13:24:06.584 15007 15096 D OplusGraphicsEvent: OplusGraphicsEventListener create now!
05-19 13:24:06.585  2431  2556 D BufferQueueConsumer: [VRI[healthcare][Splash Screen com.example.healthcare]#19890(BLAST Consumer)19890](id:97f00004e4e,api:0,p:-1,c:2431) disconnect
05-19 13:24:06.585 15007 15096 D OplusGraphicsEvent: addEventListener success!
05-19 13:24:06.586  2431  2556 D OplusScrollToTopManager: unregisterGuidePopupDismissReceiverInSystemUI
05-19 13:24:06.586  2431  2556 D OplusScrollToTopManager: Receiver not registered: android.view.OplusScrollToTopManager$1@dafde57
05-19 13:24:06.586  2431  2556 D OplusScrollToTopManager: unregisterSystemUIBroadcastReceiver
05-19 13:24:06.586  2431  2556 D OplusScrollToTopManager: java.lang.IllegalArgumentException: Receiver not registered: android.view.OplusScrollToTopManager$2@7ea5d44
05-19 13:24:06.592  7182  7321 V bt_stack: [VERBOSE1:btm_ble_gap.cc(2573)] btm_ble_process_adv_addr: bda=f9:**:**:**:fa:5f addr_type=1
05-19 13:24:06.592  7182  7321 I bt_btm  : LogMsg: btm_ble_process_adv_pkt: pkt_data_len: 21
05-19 13:24:06.592  7182  7321 V bt_stack: [VERBOSE1:btm_ble_gap.cc(2573)] btm_ble_process_adv_addr: bda=f9:**:**:**:fa:5f addr_type=1
05-19 13:24:06.592  7182  7321 I bt_btm  : LogMsg: btm_ble_process_adv_pkt: pkt_data_len: 18
05-19 13:24:06.592  1931  2802 W InputManager-JNI: Input channel object '9d8cf5a Splash Screen com.example.healthcare (client)' was disposed without first being removed with the input manager!
05-19 13:24:06.592  7182  7321 I bt_btif : LogMsg: bta_dm_observe_results_cb
05-19 13:24:06.592  7182  7321 I bt_btif : LogMsg: btif_ble_scanner_update_COD f9:11:e8:5e:fa:5f cod is 0x000000
05-19 13:24:06.592  7182  7321 I bt_btif : LogMsg: btif_ble_scanner_update_COD cod in config 0x001f00, status=0
05-19 13:24:06.592  7182  7321 I bt_btif : LogMsg: btif_ble_scanner_update_COD invalid cod 0x0, use cod 0x1f00 in config
05-19 13:24:06.592  7182  7218 I bt_btif : LogMsg: bta_scan_results_cb_impl : type 0 channel 0
05-19 13:24:06.592  7182  7218 I bt_btif : LogMsg: bta_scan_results_cb_impl: HAL bt_gatt_callbacks->scanner->scan_result_cb
05-19 13:24:06.592  7182  7218 D BtGatt.GattService: onScanResult() - eventType=0x1b, addressType=1, address=F9:11:E8:5E:FA:5F, primaryPhy=1, secondaryPhy=0, advertisingSid=0xff, txPower=127, rssi=-93, periodicAdvInt=0x0, originalAddress=F9:11:E8:5E:FA:5F, type=0, channel=0
05-19 13:24:06.592  7182  7218 D BtGatt.GattService: Skipping client: permission=true matches=false
05-19 13:24:06.592  7182  7218 D BtGatt.GattService: Skipping client: permission=true matches=false
05-19 13:24:06.592  7182  7218 D BtGatt.GattService: Skipping client: permission=true matches=false
05-19 13:24:06.592  7182  7218 D BtGatt.GattService: Skipping client: permission=true matches=false
05-19 13:24:06.593  7182  7218 D BtGatt.GattService: Skipping client: permission=true matches=false
05-19 13:24:06.593 15007 15096 W libc    : Access denied finding property "vendor.display.disable_rounded_corner"
05-19 13:24:06.593  7182  7218 D BtGatt.GattService: Skipping client: permission=true matches=false
05-19 13:24:06.595 15007 15096 D libMEOW : constructor: load_file ...
05-19 13:24:06.595 15007 15096 D libMEOW : meow thread key: -2147483633
05-19 13:24:06.595 15007 15096 D libMEOW : meow new tls: 0xb4000074eca82400
05-19 13:24:06.596 15007 15096 D libMEOW : meow [updated] data loaded
05-19 13:24:06.597 15007 15096 D libMEOW : meow reload base cfg path: na
05-19 13:24:06.597 15007 15096 D libMEOW : meow reload overlay cfg path: na
05-19 13:24:06.597 15007 15096 D libMEOW : rebuild call chain: 0xb4000074eca9b200
05-19 13:24:06.597  1486  1573 D AALCust : aal_backlight_bits, specialConfig:12
05-19 13:24:06.597  1486  1573 D AAL     : onBacklightChanged: 273/1023 -> 220/1023(phy:220/4095)
05-19 13:24:06.597  1486  1573 D AAL     : 05-19 01:24:06.533 BL= 352,ESS= 256, 05-19 01:24:06.549 BL= 323,ESS= 256, 05-19 01:24:06.564 BL= 300,ESS= 256, 05-19 01:24:06.581 BL= 286,ESS= 256, 05-19 01:24:06.597 BL= 231,ESS= 256,
05-19 13:24:06.600  7182  7321 V bt_stack: [VERBOSE1:btm_ble_gap.cc(2573)] btm_ble_process_adv_addr: bda=26:**:**:**:41:43 addr_type=1
05-19 13:24:06.600  7182  7321 I bt_btm  : LogMsg: btm_ble_process_adv_pkt: pkt_data_len: 15
05-19 13:24:06.600  7182  7321 I bt_btif : LogMsg: bta_dm_observe_results_cb
05-19 13:24:06.600  7182  7321 I bt_btif : LogMsg: btif_ble_scanner_update_COD 26:1b:11:4f:41:43 cod is 0x000000
05-19 13:24:06.600  7182  7321 I bt_btif : LogMsg: btif_ble_scanner_update_COD cod in config 0x001f00, status=0
05-19 13:24:06.600  7182  7321 I bt_btif : LogMsg: btif_ble_scanner_update_COD invalid cod 0x0, use cod 0x1f00 in config
05-19 13:24:06.600  7182  7218 I bt_btif : LogMsg: bta_scan_results_cb_impl : type 0 channel 0
05-19 13:24:06.600  7182  7218 I bt_btif : LogMsg: bta_scan_results_cb_impl: HAL bt_gatt_callbacks->scanner->scan_result_cb
05-19 13:24:06.600  7182  7218 D BtGatt.GattService: onScanResult() - eventType=0x10, addressType=1, address=26:1B:11:4F:41:43, primaryPhy=1, secondaryPhy=0, advertisingSid=0xff, txPower=127, rssi=-92, periodicAdvInt=0x0, originalAddress=26:1B:11:4F:41:43, type=0, channel=0
05-19 13:24:06.600  7182  7218 D BtGatt.GattService: Skipping client: permission=true matches=false
05-19 13:24:06.600  7182  7218 D BtGatt.GattService: Skipping client: permission=true matches=false
05-19 13:24:06.601  7182  7218 D BtGatt.GattService: Skipping client: permission=true matches=false
05-19 13:24:06.601  7182  7218 D BtGatt.GattService: Skipping client: permission=true matches=false
05-19 13:24:06.601  7182  7218 D BtGatt.GattService: Skipping client: permission=true matches=false
05-19 13:24:06.601  7182  7218 D BtGatt.GattService: Skipping client: permission=true matches=false
05-19 13:24:06.601 15007 15096 D libMEOW : load [updated] driver: libEGL_mtk.so
05-19 13:24:06.603  1176  1176 D Layer   : reparent to null sequence=251946, seq[24], name=Surface(name=4b21f5b com.example.healthcare/com.example.healthcare.LabTestActivity)/@0xd92e70e - animation-leash of starting_reveal#251946
05-19 13:24:06.605  9545  9768 I Ma-fcf-tngMaStatus: (REDACTED) #FCF evaluate: %s
05-19 13:24:06.606  9545  9768 I Ma-fcf-tngMaStatus: (REDACTED) TngMaStatusChecker#evaluateInternal completed in %s millis
05-19 13:24:06.606  9545  9768 I Ma-Entry-Triggering: (REDACTED) TNG:MA status updated: %s
05-19 13:24:06.606  9545  9768 I Ma-Entry-Triggering: TNG:MA became ineligible, client should disconnect
05-19 13:24:06.606  9545  9768 I Ma-Entry-Triggering: #disconnectAndStop - preventing double stop
05-19 13:24:06.606  9545  9768 I Ma-fcf-tngMaStatus: #invalidationSource: adding headset checker
05-19 13:24:06.614  1486  1573 D AALCust : aal_backlight_bits, specialConfig:12
05-19 13:24:06.614  1486  1573 D AAL     : onBacklightChanged: 220/1023 -> 193/1023(phy:193/4095)
05-19 13:24:06.615 15007 15096 D PQCommon: [PQ_PROT] [PQCust] libpq_cust_base.so OK, libpq_cust.so absent
05-19 13:24:06.626 15007 15096 D libMEOW : load [updated] driver: libGLESv1_CM_mtk.so
05-19 13:24:06.630  1486  1573 D AALCust : aal_backlight_bits, specialConfig:12
05-19 13:24:06.630  1486  1573 D AAL     : onBacklightChanged: 193/1023 -> 170/1023(phy:170/4095)
05-19 13:24:06.647  1486  1573 D AAL     : 05-19 01:24:06.614 BL= 193,ESS= 256, 05-19 01:24:06.631 BL= 170,ESS= 256,
05-19 13:24:06.652 15007 15096 D libMEOW : load [updated] driver: libGLESv2_mtk.so
05-19 13:24:06.659  1462  1462 I thermal_repeater: [recvMdThermalInfo] ret=26, strLen=127,  3, 40, -50, 197, 32767, 1
05-19 13:24:06.705  4740  5387 I AudioTrack: getMarkerPosition(): 0xb4000070dfbf0000, marker = 169028
05-19 13:24:06.705  4740  5387 I AudioTrack: getMarkerPosition(): 0xb4000070dfbf0000, marker = 169028
05-19 13:24:06.707 15007 15096 D libMEOW : load [plugin][system] driver: libMEOW_gift.so
05-19 13:24:06.707 15007 15096 D libMEOW : libMEOW_gift.so load 292 APIS.
05-19 13:24:06.707 15007 15096 D libMEOW : plugin: libMEOW_gift.so loaded.
05-19 13:24:06.708 15007 15096 D libEGL  : loaded /vendor/lib64/egl/libGLES_meow.so
05-19 13:24:06.708 15007 15096 D libMEOW : meow new tls: 0xb4000074ecaecd00
05-19 13:24:06.708 15007 15096 D libMEOW : applied 1 plugins for [app_process]:
05-19 13:24:06.708 15007 15096 D libMEOW :   plugin 1: [libMEOW_gift.so]: 0xb4000074ecacb980
05-19 13:24:06.708 15007 15096 D libMEOW : rebuild call chain: 0xb4000074ecafb280
05-19 13:24:06.750   561   561 I hwservicemanager: getTransport: Cannot find entry android.hardware.configstore@1.0::ISurfaceFlingerConfigs/default in either framework or device VINTF manifest.
05-19 13:24:06.768  1176  1176 D Layer   : reparent to null sequence=251936, seq[5], name=Splash Screen com.example.healthcare#251936
05-19 13:24:06.768  1176  1176 D Layer   : reparent to null sequence=251935, seq[3], name=9d8cf5a Splash Screen com.example.healthcare#251935
05-19 13:24:06.769  1176  1176 D Layer   : reparent to null sequence=251949, seq[23], name=Surface(name=9d8cf5a Splash Screen com.example.healthcare)/@0x738c804 - animation-leash of window_animation#251949
05-19 13:24:06.769  1176  1176 D OplusLayer: ~Layer() sequence=251949, name=Surface(name=9d8cf5a Splash Screen com.example.healthcare)/@0x738c804 - animation-leash of window_animation#251949
05-19 13:24:06.769  1176  1176 D OplusLayer: ~Layer() sequence=251935, name=9d8cf5a Splash Screen com.example.healthcare#251935
05-19 13:24:06.775  1176  1176 I BufferQueueDebug: [Splash Screen com.example.healthcare#251936](this:0xb400006fb43159e8,id:-1,api:0,p:-1,c:1176) onDestructor()
05-19 13:24:06.775  1176  1176 D OplusLayer: ~Layer() sequence=251936, name=Splash Screen com.example.healthcare#251936
05-19 13:24:06.776  1176  1176 I DispPerfService: updateLayerMask 0
05-19 13:24:06.862  4762  5341 W MediaProvider: isAppCloneUserPair failed. Users: 0 and 0
05-19 13:24:06.862  4762  5341 W MediaProvider: isAppCloneUserPair for user 0: false
05-19 13:24:06.946 28484 14853 I NetworkScheduler.Stats: Task com.google.android.gms/com.google.android.gms.ipa.base.IpaGcmTaskService started execution. cause:9 exec_start_elapsed_seconds: 900567 [CONTEXT service_id=218 ]
05-19 13:24:06.955 28484 14855 I NetworkScheduler.Stats: Task com.google.android.gms/com.google.android.gms.ipa.base.IpaGcmTaskService finished executing. cause:9 result: 1 elapsed_millis: 38 uptime_millis: 38 exec_start_elapsed_seconds: 900567 [CONTEXT service_id=218 ]
05-19 13:24:07.265  1931  2479 I mtkpower_client: perf_lock_rel, hdl:511877, tid:2479
05-19 13:24:07.266  1931  2479 I mtkpower_client: perf_lock_acq, hdl:511877, dur:0, num:10, tid:2479
05-19 13:24:07.266  1078  1116 I mtkpower@impl: [check_work_req] i:0, msg:1 hdl:511877, wait
05-19 13:24:07.266  1078  1185 I libPowerHal: [perfLockRel] hdl:511877, idx:0
05-19 13:24:07.266  1078  1185 I libPowerHal: [PD] system_server update cmd:2004100 param:2
05-19 13:24:07.269  1931  2479 I mtkpower_client: ret_hdl:511878
05-19 13:24:07.269  1078  1185 I libPowerHal: system_server: cpu_ctrl set cpu freq: 1275000 -1 2200000 -1
05-19 13:24:07.273  1078  1119 I mtkpower@impl: [setMode] type:5, enabled:1
05-19 13:24:07.274  1078  1185 I libPowerHal: LAUNCH: cpu_ctrl set cpu freq: 2000000 -1 2200000 -1
05-19 13:24:07.275  1931  4716 I PowerHalWrapper: <amsBoostResume> last:com.example.healthcare, next:com.example.healthcare
05-19 13:24:07.280  1931  4716 D OplusUIFirst_FB: com.example.healthcare activity event: []
05-19 13:24:07.280  1931  4716 D OplusUIFirst_FB: List of ThreadOp: size=0 []
05-19 13:24:07.282 15027 15027 D LifecycleMonitor: Lifecycle status change: com.example.healthcare.LabTestActivity@8d4d755 in: PAUSED
05-19 13:24:07.282 15027 15027 V ActivityScenario: Update currentActivityStage to PAUSED, currentActivity=com.example.healthcare.LabTestActivity@8d4d755
05-19 13:24:07.283  1931  1948 D OplusUIFirst_FB: com.example.healthcare activity event: []
05-19 13:24:07.283  1931  1948 D OplusUIFirst_FB: List of ThreadOp: size=0 []
05-19 13:24:07.283  1931  1948 D OplusUIFirst_FB: handleParaSwitch com.example.healthcare null null 1
05-19 13:24:07.283  1931  1948 D OplusUIFirst_FB: com.example.healthcare activity event: []
05-19 13:24:07.283  1931  1948 D OplusUIFirst_FB: List of ThreadOp: size=0 []
05-19 13:24:07.283  1931  1948 D OplusUIFirst_FB: handleParaSwitch com.example.healthcare null null 1
05-19 13:24:07.289  1931  1948 I PowerHalWrapper: amsBoostNotify pid:15027,activity:androidx.test.core.app.InstrumentationActivityInvoker$EmptyActivity, package:com.example.healthcare, mProcessCreatePackcom.example.healthcare
05-19 13:24:07.289  1931  1948 I PowerHalWrapper: state: 1
05-19 13:24:07.289  1931  1948 I mtkpower_client: [Legacy][PowerHal_Wrap_notifyAppState] com.example.healthcare/androidx.test.core.app.InstrumentationActivityInvoker$EmptyActivity pid=15027 state:1
05-19 13:24:07.289  1931  1948 I game_scn: collectForegroundAppList packName=com.example.healthcare, actName=androidx.test.core.app.InstrumentationActivityInvoker$EmptyActivity, pid=15027, uid=10495, state:RESUMED
05-19 13:24:07.289  1931  1948 I PowerHalWrapper: amsBoostNotify AMS_BOOST_PROCESS_CREATE_BOOST:false
05-19 13:24:07.290  1931  1948 I InputDispatcher: setFocusedApplication displayId=0 ActivityRecord{82ebf82 u0 com.example.healthcare/androidx.test.core.app.InstrumentationActivityInvoker$EmptyActivity} t2209}
05-19 13:24:07.290  1078  1116 I mtkpower@impl: [notifyAppState] act com.android.launcher.Launcher => androidx.test.core.app.InstrumentationActivityInvoker$EmptyActivity
05-19 13:24:07.291  1931  1948 D Theia.NoFocusWindow: FocusWindowErrorScene CheckFreezeScreen
05-19 13:24:07.294  1931  1948 I PowerHalWrapper: amsBoostNotify pid:15027,activity:com.example.healthcare.LabTestActivity, package:com.example.healthcare, mProcessCreatePackcom.example.healthcare
05-19 13:24:07.294  1931  1948 I PowerHalWrapper: state: 0
05-19 13:24:07.294  1931  1948 I mtkpower_client: [Legacy][PowerHal_Wrap_notifyAppState] com.example.healthcare/com.example.healthcare.LabTestActivity pid=15027 state:0
05-19 13:24:07.294  1931  1948 I game_scn: collectForegroundAppList packName=com.example.healthcare, actName=com.example.healthcare.LabTestActivity, pid=15027, uid=10495, state:PAUSED
05-19 13:24:07.294  1931  1948 I PowerHalWrapper: amsBoostNotify AMS_BOOST_PROCESS_CREATE_BOOST:false
05-19 13:24:07.296 15027 15103 D libMEOW : meow new tls: 0xb400007177ab9980
05-19 13:24:07.296 15027 15103 D libMEOW : applied 1 plugins for [com.example.healthcare]:
05-19 13:24:07.296 15027 15103 D libMEOW :   plugin 1: [libMEOW_gift.so]: 0xb4000071e5138080
05-19 13:24:07.296 15027 15103 D libMEOW : rebuild call chain: 0xb400007177acbe80
05-19 13:24:07.297  1931  2479 I mtkpower_client: perf_lock_rel, hdl:511878, tid:2479
05-19 13:24:07.297 15027 15103 D libMEOW : meow delete tls: 0xb400007177ab9980
05-19 13:24:07.297  1931  2479 I mtkpower_client: perf_lock_acq, hdl:511878, dur:0, num:10, tid:2479
05-19 13:24:07.297  1078  1185 I libPowerHal: [perfLockRel] hdl:511878, idx:0
05-19 13:24:07.297  1078  1185 I libPowerHal: [PD] system_server update cmd:1c3c000 param:1
05-19 13:24:07.297  1078  1185 I libPowerHal: [PD] (more) /proc/mcdi/state set +prefix:enable 1;
05-19 13:24:07.297  1078  1185 I libPowerHal: [PD] system_server update cmd:2004100 param:2
05-19 13:24:07.298  1931  2479 I mtkpower_client: ret_hdl:511881
05-19 13:24:07.301 15027 15027 D LifecycleMonitor: Lifecycle status change: androidx.test.core.app.InstrumentationActivityInvoker$EmptyActivity@baf51e5 in: PRE_ON_CREATE
05-19 13:24:07.301 15027 15027 V ActivityScenario: Activity lifecycle changed event received but ignored because the intent does not match. startActivityIntent=Intent { act=android.intent.action.MAIN cat=[android.intent.category.LAUNCHER] flg=0x10008000 cmp=com.example.healthcare/.LabTestActivity }, activity.getIntent()=Intent { act=android.intent.action.MAIN cat=[android.intent.category.LAUNCHER] flg=0x10000000 cmp=com.example.healthcare/androidx.test.core.app.InstrumentationActivityInvoker$EmptyActivity mCallingUid=10495 }, activity=androidx.test.core.app.InstrumentationActivityInvoker$EmptyActivity@baf51e5
05-19 13:24:07.313 15027 15027 D LifecycleMonitor: Lifecycle status change: androidx.test.core.app.InstrumentationActivityInvoker$EmptyActivity@baf51e5 in: CREATED
05-19 13:24:07.313 15027 15027 V ActivityScenario: Activity lifecycle changed event received but ignored because the intent does not match. startActivityIntent=Intent { act=android.intent.action.MAIN cat=[android.intent.category.LAUNCHER] flg=0x10008000 cmp=com.example.healthcare/.LabTestActivity }, activity.getIntent()=Intent { act=android.intent.action.MAIN cat=[android.intent.category.LAUNCHER] flg=0x10000000 cmp=com.example.healthcare/androidx.test.core.app.InstrumentationActivityInvoker$EmptyActivity mCallingUid=10495 }, activity=androidx.test.core.app.InstrumentationActivityInvoker$EmptyActivity@baf51e5
05-19 13:24:07.315 15027 15027 D LifecycleMonitor: Lifecycle status change: androidx.test.core.app.InstrumentationActivityInvoker$EmptyActivity@baf51e5 in: STARTED
05-19 13:24:07.315  1931  1948 I FocusResolver: updateFocusedWindow,  on display 0, reason: Waiting for window because NOT_FOCUSABLE, result:   FocusedWindows: <none>
05-19 13:24:07.316 15027 15027 V ActivityScenario: Activity lifecycle changed event received but ignored because the intent does not match. startActivityIntent=Intent { act=android.intent.action.MAIN cat=[android.intent.category.LAUNCHER] flg=0x10008000 cmp=com.example.healthcare/.LabTestActivity }, activity.getIntent()=Intent { act=android.intent.action.MAIN cat=[android.intent.category.LAUNCHER] flg=0x10000000 cmp=com.example.healthcare/androidx.test.core.app.InstrumentationActivityInvoker$EmptyActivity mCallingUid=10495 }, activity=androidx.test.core.app.InstrumentationActivityInvoker$EmptyActivity@baf51e5
05-19 13:24:07.318 15027 15027 D LifecycleMonitor: Lifecycle status change: androidx.test.core.app.InstrumentationActivityInvoker$EmptyActivity@baf51e5 in: RESUMED
05-19 13:24:07.318 15027 15027 V ActivityScenario: Activity lifecycle changed event received but ignored because the intent does not match. startActivityIntent=Intent { act=android.intent.action.MAIN cat=[android.intent.category.LAUNCHER] flg=0x10008000 cmp=com.example.healthcare/.LabTestActivity }, activity.getIntent()=Intent { act=android.intent.action.MAIN cat=[android.intent.category.LAUNCHER] flg=0x10000000 cmp=com.example.healthcare/androidx.test.core.app.InstrumentationActivityInvoker$EmptyActivity mCallingUid=10495 }, activity=androidx.test.core.app.InstrumentationActivityInvoker$EmptyActivity@baf51e5
05-19 13:24:07.319  1176  1381 I SurfaceFlinger: [SF client] NEW(0xb400006fc3919180) for (15027:com.example.healthcare)
05-19 13:24:07.322 15027 15027 D WindowManager: Add to mViews: DecorView@4bed89d[InstrumentationActivityInvoker$EmptyActivity],pkg= com.example.healthcare
05-19 13:24:07.332 15027 15027 D InputEventReceiver: Input log is disabled
05-19 13:24:07.336 15027 15027 D VRI[LabTestActivity]: onFocusEvent false
05-19 13:24:07.342  1176  1381 I BufferQueueDebug: [com.example.healthcare/androidx.test.core.app.InstrumentationActivityInvoker$EmptyActivity#251952](this:0xb400006fb3df29e8,id:-1,api:0,p:-1,c:-1) BufferQueue core=(1176:/system/bin/surfaceflinger)
05-19 13:24:07.352  1931  2802 D Theia.NoFocusWindow: FocusWindowErrorScene cancelCheckFreezeScreen
05-19 13:24:07.355  1176  1389 D [OSIE]  : scltmLayer_name VRI[InstrumentationActivityInvoker$EmptyActivity][com.example.healthcare/androidx.test.core.app.InstrumentationActivityInvoker$EmptyActivity]
05-19 13:24:07.355  1176  1389 D [OSIE]  : IsSCLTMLayer=0
05-19 13:24:07.355 15027 15027 D BufferQueueConsumer: [](id:3ab300000001,api:0,p:-1,c:15027) connect: controlledByApp=false
05-19 13:24:07.359 15027 15027 D VRI[InstrumentationActivityInvoker$EmptyActivity]: registerCallbacksForSync syncBuffer=false
05-19 13:24:07.364  1176  1176 D Layer   : reparent to null sequence=251945, seq[2], name=Surface(name=28e464 NavigationBar0)/@0xde740b - animation-leash of insets_animation#251945
05-19 13:24:07.364  1176  1176 D Layer   : reparent to null sequence=251944, seq[1], name=Surface(name=c402886 StatusBar)/@0xaf05d85 - animation-leash of insets_animation#251944
05-19 13:24:07.370 15027 15061 D BLASTBufferQueue: [VRI[InstrumentationActivityInvoker$EmptyActivity][com.example.healthcare/androidx.test.core.app.InstrumentationActivityInvoker$EmptyActivity]#1](f:0,a:1) acquireNextBufferLocked size=1080x2400 mFrameNumber=1 applyTransaction=true mTimestamp=861286894275179(auto) mPendingTransactions.size=0 graphicBufferId=64540473557001 transform=0
05-19 13:24:07.371 15027 15061 D VRI[InstrumentationActivityInvoker$EmptyActivity]: Received frameCommittedCallback lastAttemptedDrawFrameNum=1 didProduceBuffer=true syncBuffer=false
05-19 13:24:07.371 15027 15061 W Parcel  : Expecting binder but got null!
05-19 13:24:07.371 15027 15027 D VRI[InstrumentationActivityInvoker$EmptyActivity]: draw finished.
05-19 13:24:07.376 15027 15046 D VRI[LabTestActivity]: dispatchAppVisibility visible:false
05-19 13:24:07.377  1931  1955 I ActivityTaskManager: Displayed com.example.healthcare/androidx.test.core.app.InstrumentationActivityInvoker$EmptyActivity: +112ms
05-19 13:24:07.381  1176  1176 D BufferStateLayer: com.example.healthcare/androidx.test.core.app.InstrumentationActivityInvoker$EmptyActivity#251952 setBuffer frameId=1, bufferId=64540473557001 fenceId=755, w= 1080, h=2400
05-19 13:24:07.381  1176  1176 D OplusLayer: (251952,com.example.healthcare/androidx.test.core.app.InstrumentationActivityInvoker$EmptyActivity#251952,com.example.healthcare) setBuffer
05-19 13:24:07.385 15027 15027 D VRI[InstrumentationActivityInvoker$EmptyActivity]: registerCallbacksForSync syncBuffer=false
05-19 13:24:07.385 15027 15061 D VRI[InstrumentationActivityInvoker$EmptyActivity]: Received frameCommittedCallback lastAttemptedDrawFrameNum=2 didProduceBuffer=false syncBuffer=false
05-19 13:24:07.386 15027 15027 D VRI[InstrumentationActivityInvoker$EmptyActivity]: draw finished.
05-19 13:24:07.392 15027 15027 D VRI[LabTestActivity]: setWindowStopped stopped:true
05-19 13:24:07.393 15027 15027 D LifecycleMonitor: Lifecycle status change: com.example.healthcare.LabTestActivity@8d4d755 in: STOPPED
05-19 13:24:07.393 15027 15027 V ActivityScenario: Update currentActivityStage to STOPPED, currentActivity=com.example.healthcare.LabTestActivity@8d4d755
05-19 13:24:07.395 15027 15027 D LifecycleMonitor: Lifecycle status change: com.example.healthcare.LabTestActivity@8d4d755 in: DESTROYED
05-19 13:24:07.396 15027 15027 V ActivityScenario: Update currentActivityStage to DESTROYED, currentActivity=null
05-19 13:24:07.396 15027 15027 D OplusScrollToTopManager: unregisterGuidePopupDismissReceiverInSystemUI
05-19 13:24:07.396 15027 15027 D OplusScrollToTopManager: Receiver not registered: android.view.OplusScrollToTopManager$1@e0712c2
05-19 13:24:07.396 15027 15027 D OplusScrollToTopManager: unregisterSystemUIBroadcastReceiver
05-19 13:24:07.396 15027 15027 D OplusScrollToTopManager: java.lang.IllegalArgumentException: Receiver not registered: android.view.OplusScrollToTopManager$2@4c648d3
05-19 13:24:07.398  1176  1176 D OplusLayer: ~Layer() sequence=251945, name=Surface(name=28e464 NavigationBar0)/@0xde740b - animation-leash of insets_animation#251945
05-19 13:24:07.398  1176  1176 D OplusLayer: ~Layer() sequence=251944, name=Surface(name=c402886 StatusBar)/@0xaf05d85 - animation-leash of insets_animation#251944
05-19 13:24:07.400  1931  2436 I FocusResolver: updateFocusedWindow, 80ce294 com.example.healthcare/androidx.test.core.app.InstrumentationActivityInvoker$EmptyActivity on display 0, reason: Window became focusable. Previous reason: NOT_VISIBLE, result:   FocusedWindows:
05-19 13:24:07.400  1931  2436 I FocusResolver:     displayId=0, name='80ce294 com.example.healthcare/androidx.test.core.app.InstrumentationActivityInvoker$EmptyActivity'
