05-19 13:24:10.430  3728  4872 D OplusAtlas.OplusAudioScene: callback success event:atlas_event_on_foreground_activities_changed eventInfo:pid:2821,uid:10106,hasForegroundActivities:0
05-19 13:24:10.430  3728  5211 D OplusAtlas.OplusMessageHandler: handleMessage: Msg { when=0 what=2 obj=com.oplus.atlas.OplusAtlasEvent@e37aa30 target=com.oplus.atlas.OplusMessageHandler$MyHandler }
05-19 13:24:10.443  1176  1176 I BufferQueueDebug: [com.android.launcher/com.android.launcher.Launcher#252016](this:0xb400006fb3dd39e8,id:-1,api:0,p:-1,c:1176) onDestructor()
05-19 13:24:10.443  1176  1176 D OplusLayer: ~Layer() sequence=252016, name=com.android.launcher/com.android.launcher.Launcher#252016
05-19 13:24:10.457  7182  7321 V bt_stack: [VERBOSE1:btm_ble_gap.cc(2573)] btm_ble_process_adv_addr: bda=10:**:**:**:e7:f0 addr_type=1
05-19 13:24:10.457  7182  7321 I bt_btm  : LogMsg: btm_ble_process_adv_pkt: pkt_data_len: 31
05-19 13:24:10.457  7182  7321 I bt_btif : LogMsg: bta_dm_observe_results_cb
05-19 13:24:10.457  7182  7321 I bt_btif : LogMsg: btif_ble_scanner_update_COD 10:e8:9c:c5:e7:f0 cod is 0x000000
05-19 13:24:10.457  7182  7321 I bt_btif : LogMsg: btif_ble_scanner_update_COD cod in config 0x001f00, status=0
05-19 13:24:10.457  7182  7321 I bt_btif : LogMsg: btif_ble_scanner_update_COD invalid cod 0x0, use cod 0x1f00 in config
05-19 13:24:10.457  7182  7218 I bt_btif : LogMsg: bta_scan_results_cb_impl : type 0 channel 0
05-19 13:24:10.457  7182  7218 I bt_btif : LogMsg: bta_scan_results_cb_impl: HAL bt_gatt_callbacks->scanner->scan_result_cb
05-19 13:24:10.457  7182  7218 D BtGatt.GattService: onScanResult() - eventType=0x10, addressType=1, address=10:E8:9C:C5:E7:F0, primaryPhy=1, secondaryPhy=0, advertisingSid=0xff, txPower=127, rssi=-96, periodicAdvInt=0x0, originalAddress=10:E8:9C:C5:E7:F0, type=0, channel=0
05-19 13:24:10.458  7182  7218 D BtGatt.GattService: Skipping client: permission=true matches=false
05-19 13:24:10.458  7182  7218 D BtGatt.GattService: Skipping client: permission=true matches=false
05-19 13:24:10.458  7182  7218 D BtGatt.GattService: Skipping client: permission=true matches=false
05-19 13:24:10.458  7182  7218 D BtGatt.GattService: Skipping client: permission=true matches=false
05-19 13:24:10.458  7182  7218 D BtGatt.GattService: Skipping client: permission=true matches=false
05-19 13:24:10.458  7182  7218 D BtGatt.GattService: Skipping client: permission=true matches=false
05-19 13:24:10.464  1078  1185 I libPowerHal: [perfLockRel] hdl:511911, idx:1
05-19 13:24:10.464  1078  1185 I libPowerHal: [PD] MTKPOWER_HINT_APP_TOUCH update cmd:3408600 param:0
05-19 13:24:10.470  1931  2479 I mtkpower_client: perf_lock_rel, hdl:511910, tid:2479
05-19 13:24:10.471  1931  2479 I mtkpower_client: perf_lock_acq, hdl:511910, dur:0, num:10, tid:2479
05-19 13:24:10.471  1078  1116 I mtkpower@impl: [check_work_req] i:0, msg:1 hdl:511910, wait
05-19 13:24:10.472  1078  1185 I libPowerHal: [perfLockRel] hdl:511910, idx:0
05-19 13:24:10.472  1078  1185 I libPowerHal: system_server: cpu_ctrl set cpu freq: -1 -1 -1 -1
05-19 13:24:10.472  1078  1185 I libPowerHal: [PD] system_server update cmd:1c3c000 param:1
05-19 13:24:10.472  1078  1185 I libPowerHal: [PD] (more) /proc/mcdi/state set +prefix:enable 1;
05-19 13:24:10.472  1078  1185 I libPowerHal: [PD] system_server update cmd:2004100 param:2
05-19 13:24:10.474  1931  2479 I mtkpower_client: ret_hdl:511912
05-19 13:24:10.474  1078  1185 I libPowerHal: system_server: cpu_ctrl set cpu freq: 2000000 -1 2200000 -1
05-19 13:24:10.481  1078  1119 I mtkpower@impl: [setMode] type:5, enabled:1
05-19 13:24:10.484  1931  2802 I PowerHalWrapper: <amsBoostResume> last:com.example.healthcare, next:com.example.healthcare
05-19 13:24:10.488  1931  2802 D OplusUIFirst_FB: com.example.healthcare activity event: []
05-19 13:24:10.488  1931  2802 D OplusUIFirst_FB: List of ThreadOp: size=0 []
05-19 13:24:10.497 15027 15027 D LifecycleMonitor: Lifecycle status change: com.example.healthcare.LabTestActivity@b5180b9 in: PAUSED
05-19 13:24:10.497 15027 15027 V ActivityScenario: Update currentActivityStage to PAUSED, currentActivity=com.example.healthcare.LabTestActivity@b5180b9
05-19 13:24:10.498  1931  2802 D OplusUIFirst_FB: com.example.healthcare activity event: []
05-19 13:24:10.498  1931  2802 D OplusUIFirst_FB: List of ThreadOp: size=0 []
05-19 13:24:10.498  1931  2802 D OplusUIFirst_FB: handleParaSwitch com.example.healthcare null null 1
05-19 13:24:10.498  1931  2802 D OplusUIFirst_FB: com.example.healthcare activity event: []
05-19 13:24:10.498  1931  2802 D OplusUIFirst_FB: List of ThreadOp: size=0 []
05-19 13:24:10.498  1931  2802 D OplusUIFirst_FB: handleParaSwitch com.example.healthcare null null 1
05-19 13:24:10.504  1931  2802 I PowerHalWrapper: amsBoostNotify pid:15027,activity:com.example.healthcare.HomeActivity, package:com.example.healthcare, mProcessCreatePackcom.example.healthcare
05-19 13:24:10.504  1931  2802 I PowerHalWrapper: state: 1
05-19 13:24:10.504  1931  2802 I mtkpower_client: [Legacy][PowerHal_Wrap_notifyAppState] com.example.healthcare/com.example.healthcare.HomeActivity pid=15027 state:1
05-19 13:24:10.504  1931  2802 I game_scn: collectForegroundAppList packName=com.example.healthcare, actName=com.example.healthcare.HomeActivity, pid=15027, uid=10495, state:RESUMED
05-19 13:24:10.504  1931  2802 I PowerHalWrapper: amsBoostNotify AMS_BOOST_PROCESS_CREATE_BOOST:false
05-19 13:24:10.504  1931  2802 I InputDispatcher: setFocusedApplication displayId=0 ActivityRecord{342bec8 u0 com.example.healthcare/.HomeActivity} t2211}
05-19 13:24:10.504  1078  1116 I mtkpower@impl: [notifyAppState] act com.example.healthcare.CartLabActivity => com.example.healthcare.HomeActivity
05-19 13:24:10.509  1931  2802 D Theia.NoFocusWindow: FocusWindowErrorScene CheckFreezeScreen
05-19 13:24:10.514  1931  2802 I PowerHalWrapper: amsBoostNotify pid:15027,activity:com.example.healthcare.LabTestActivity, package:com.example.healthcare, mProcessCreatePackcom.example.healthcare
05-19 13:24:10.514  1931  2802 I PowerHalWrapper: state: 0
05-19 13:24:10.514  1931  2802 I mtkpower_client: [Legacy][PowerHal_Wrap_notifyAppState] com.example.healthcare/com.example.healthcare.LabTestActivity pid=15027 state:0
05-19 13:24:10.514  1931  2802 I game_scn: collectForegroundAppList packName=com.example.healthcare, actName=com.example.healthcare.LabTestActivity, pid=15027, uid=10495, state:PAUSED
05-19 13:24:10.514  1931  2802 I PowerHalWrapper: amsBoostNotify AMS_BOOST_PROCESS_CREATE_BOOST:false
05-19 13:24:10.519  1931  2479 I mtkpower_client: perf_lock_rel, hdl:511912, tid:2479
05-19 13:24:10.519 15027 15161 D libMEOW : meow new tls: 0xb4000071f1988100
05-19 13:24:10.519 15027 15161 D libMEOW : applied 1 plugins for [com.example.healthcare]:
05-19 13:24:10.519 15027 15161 D libMEOW :   plugin 1: [libMEOW_gift.so]: 0xb4000071e5138080
05-19 13:24:10.519  1931  2479 I mtkpower_client: perf_lock_acq, hdl:511912, dur:0, num:10, tid:2479
05-19 13:24:10.519  1078  1185 I libPowerHal: [perfLockRel] hdl:511912, idx:0
05-19 13:24:10.519 15027 15161 D libMEOW : rebuild call chain: 0xb4000071f1997cc0
05-19 13:24:10.520  1078  1185 I libPowerHal: [PD] system_server update cmd:1c3c000 param:1
05-19 13:24:10.520  1078  1185 I libPowerHal: [PD] (more) /proc/mcdi/state set +prefix:enable 1;
05-19 13:24:10.520 15027 15161 D libMEOW : meow delete tls: 0xb4000071f1988100
05-19 13:24:10.520  1078  1185 I libPowerHal: [PD] system_server update cmd:2004100 param:2
05-19 13:24:10.520  1931  2479 I mtkpower_client: ret_hdl:511915
05-19 13:24:10.525  1176  1176 D Layer   : reparent to null sequence=252037, seq[1], name=Surface(name=c402886 StatusBar)/@0xaf05d85 - animation-leash of insets_animation#252037
05-19 13:24:10.525  1176  1176 D Layer   : reparent to null sequence=252038, seq[2], name=Surface(name=28e464 NavigationBar0)/@0xde740b - animation-leash of insets_animation#252038
05-19 13:24:10.526 15027 15027 D LifecycleMonitor: Lifecycle status change: com.example.healthcare.HomeActivity@11ee63 in: PRE_ON_CREATE
05-19 13:24:10.526 15027 15027 V ActivityScenario: Activity lifecycle changed event received but ignored because the intent does not match. startActivityIntent=Intent { act=android.intent.action.MAIN cat=[android.intent.category.LAUNCHER] flg=0x10008000 cmp=com.example.healthcare/.LabTestActivity }, activity.getIntent()=Intent { cmp=com.example.healthcare/.HomeActivity mCallingUid=10495 }, activity=com.example.healthcare.HomeActivity@11ee63
05-19 13:24:10.542 15027 15027 D skia    : SkJpegCodec::onGetPixels +
05-19 13:24:10.542 15027 15027 E ion     : ioctl c0044901 failed with code -1: Invalid argument
05-19 13:24:10.542 15027 15027 D skia    : stream getLength() supported, buffer addr 0x72b550e000 length 42112
05-19 13:24:10.542 15027 15027 D skia    : LoadInputStreamToMem va 0x72b550e000  size 42112
05-19 13:24:10.543  1931  6256 I FocusResolver: updateFocusedWindow,  on display 0, reason: Waiting for window because NOT_FOCUSABLE, result:   FocusedWindows: <none>
05-19 13:24:10.544 15027 15027 D libjpeg-alpha: Huffman Builder run in subthread
05-19 13:24:10.544 15027 15027 D libjpeg-alpha: Tile Decoder (#thread:4, size:256 256 256 312x480, alignment:256x16)
05-19 13:24:10.545 15027 15165 D libjpeg-alpha: Inconsistent progression sequence for component 0 coefficient 0
05-19 13:24:10.545 15027 15164 D libjpeg-alpha: Inconsistent progression sequence for component 0 coefficient 0
05-19 13:24:10.545 15027 15167 D libjpeg-alpha: Inconsistent progression sequence for component 0 coefficient 0
05-19 13:24:10.545 15027 15166 D libjpeg-alpha: Inconsistent progression sequence for component 0 coefficient 0
05-19 13:24:10.545 15027 15163 D libjpeg-alpha: Corrupt JPEG data: 11373 extraneous bytes before marker 0xc4
05-19 13:24:10.550 15027 15165 D libjpeg-alpha: Inconsistent progression sequence for component 0 coefficient 0
05-19 13:24:10.551 15027 15166 D libjpeg-alpha: Inconsistent progression sequence for component 0 coefficient 0
05-19 13:24:10.551 15027 15164 D libjpeg-alpha: Inconsistent progression sequence for component 0 coefficient 0
05-19 13:24:10.555 15027 15167 D libjpeg-alpha: Inconsistent progression sequence for component 0 coefficient 0
05-19 13:24:10.565 15027 15165 D libjpeg-alpha: Inconsistent progression sequence for component 0 coefficient 0
05-19 13:24:10.565 15027 15164 D libjpeg-alpha: Inconsistent progression sequence for component 0 coefficient 0
05-19 13:24:10.566 15027 15166 D libjpeg-alpha: Inconsistent progression sequence for component 0 coefficient 0
05-19 13:24:10.566 15027 15167 D libjpeg-alpha: Inconsistent progression sequence for component 0 coefficient 0
05-19 13:24:10.569 15027 15165 D libjpeg-alpha: Inconsistent progression sequence for component 0 coefficient 0
05-19 13:24:10.569 15027 15164 D libjpeg-alpha: Inconsistent progression sequence for component 0 coefficient 0
05-19 13:24:10.570 15027 15167 D libjpeg-alpha: Inconsistent progression sequence for component 0 coefficient 0
05-19 13:24:10.571 15027 15166 D libjpeg-alpha: Inconsistent progression sequence for component 0 coefficient 0
05-19 13:24:10.575 15027 15027 D skia    : SkJpegCodec::onGetPixels -
05-19 13:24:10.585  2431  2556 D BLASTBufferQueue: [VRI[healthcare][Splash Screen com.example.healthcare]#19892](f:0,a:1) destructor()
05-19 13:24:10.585  2431  2556 D BufferQueueConsumer: [VRI[healthcare][Splash Screen com.example.healthcare]#19892(BLAST Consumer)19892](id:97f00004e50,api:0,p:-1,c:2431) disconnect
05-19 13:24:10.587  2431  2556 D OplusScrollToTopManager: unregisterGuidePopupDismissReceiverInSystemUI
05-19 13:24:10.587  2431  2556 D OplusScrollToTopManager: Receiver not registered: android.view.OplusScrollToTopManager$1@92a932f
05-19 13:24:10.587  2431  2556 D OplusScrollToTopManager: unregisterSystemUIBroadcastReceiver
05-19 13:24:10.587  2431  2556 D OplusScrollToTopManager: java.lang.IllegalArgumentException: Receiver not registered: android.view.OplusScrollToTopManager$2@5532d3c
05-19 13:24:10.588  1931  4626 W InputManager-JNI: Input channel object 'afb7eb4 Splash Screen com.example.healthcare (client)' was disposed without first being removed with the input manager!
05-19 13:24:10.608  1176  1176 D Layer   : reparent to null sequence=252039, seq[32], name=Surface(name=8b1e105 com.example.healthcare/com.example.healthcare.LabTestActivity)/@0xbf2afe - animation-leash of starting_reveal#252039
05-19 13:24:10.610 15027 15027 D CompatibilityChangeReporter: Compat change id reported: 147798919; UID 10495; state: ENABLED
05-19 13:24:10.613  1931  2802 D NotificationService--OplusNotificationManagerServiceExtImpl: shouldInterceptToast:
05-19 13:24:10.618 15027 15027 D LifecycleMonitor: Lifecycle status change: com.example.healthcare.HomeActivity@11ee63 in: CREATED
05-19 13:24:10.618 15027 15027 V ActivityScenario: Activity lifecycle changed event received but ignored because the intent does not match. startActivityIntent=Intent { act=android.intent.action.MAIN cat=[android.intent.category.LAUNCHER] flg=0x10008000 cmp=com.example.healthcare/.LabTestActivity }, activity.getIntent()=Intent { cmp=com.example.healthcare/.HomeActivity mCallingUid=10495 }, activity=com.example.healthcare.HomeActivity@11ee63
05-19 13:24:10.620 15027 15027 D LifecycleMonitor: Lifecycle status change: com.example.healthcare.HomeActivity@11ee63 in: STARTED
05-19 13:24:10.620 15027 15027 V ActivityScenario: Activity lifecycle changed event received but ignored because the intent does not match. startActivityIntent=Intent { act=android.intent.action.MAIN cat=[android.intent.category.LAUNCHER] flg=0x10008000 cmp=com.example.healthcare/.LabTestActivity }, activity.getIntent()=Intent { cmp=com.example.healthcare/.HomeActivity mCallingUid=10495 }, activity=com.example.healthcare.HomeActivity@11ee63
05-19 13:24:10.621 15027 15027 D LifecycleMonitor: Lifecycle status change: com.example.healthcare.HomeActivity@11ee63 in: RESUMED
05-19 13:24:10.622 15027 15027 V ActivityScenario: Activity lifecycle changed event received but ignored because the intent does not match. startActivityIntent=Intent { act=android.intent.action.MAIN cat=[android.intent.category.LAUNCHER] flg=0x10008000 cmp=com.example.healthcare/.LabTestActivity }, activity.getIntent()=Intent { cmp=com.example.healthcare/.HomeActivity mCallingUid=10495 }, activity=com.example.healthcare.HomeActivity@11ee63
05-19 13:24:10.623  1176  1389 I SurfaceFlinger: [SF client] NEW(0xb400006fdf5dd040) for (15027:com.example.healthcare)
05-19 13:24:10.626 15027 15027 D WindowManager: Add to mViews: DecorView@9b99766[HomeActivity],pkg= com.example.healthcare
05-19 13:24:10.631  2431  2431 D UxIconPackageManagerExt: UxIcon checkChooseIconsRootPath false
05-19 13:24:10.640  1176  1389 I SurfaceFlinger: [SF client] NEW(0xb400006fdf5dd100) for (2431:com.android.systemui)
05-19 13:24:10.642  2431  2431 D WindowManager: Add to mViews: com.oplusos.systemui.toast.OplusToastLayout{e46f121 V.E...... ......I. 0,0-0,0},pkg= com.android.systemui
05-19 13:24:10.649  1931  2479 I mtkpower_client: perf_lock_rel, hdl:511915, tid:2479
05-19 13:24:10.650  1931  2479 I mtkpower_client: perf_lock_acq, hdl:511915, dur:0, num:10, tid:2479
05-19 13:24:10.650  1078  1185 I libPowerHal: [perfLockRel] hdl:511915, idx:0
05-19 13:24:10.650  1078  1185 I libPowerHal: [PD] system_server update cmd:1c3c000 param:1
05-19 13:24:10.650  1078  1185 I libPowerHal: [PD] (more) /proc/mcdi/state set +prefix:enable 1;
05-19 13:24:10.650  1078  1185 I libPowerHal: [PD] system_server update cmd:2004100 param:2
05-19 13:24:10.650  1931  2479 I mtkpower_client: ret_hdl:511916
05-19 13:24:10.652 15027 15027 D InputEventReceiver: Input log is disabled
05-19 13:24:10.656 15027 15027 D VRI[LabTestActivity]: onFocusEvent false
05-19 13:24:10.658  2431  2431 D InputEventReceiver: Input log is disabled
05-19 13:24:10.658  1176  1176 D OplusLayer: ~Layer() sequence=252037, name=Surface(name=c402886 StatusBar)/@0xaf05d85 - animation-leash of insets_animation#252037
05-19 13:24:10.661  1457  1488 D ULogGuard: Monitoring: 16 threads, 0 requests, 0 time-bombs; 87 guards. ResetFlags = 0x7
05-19 13:24:10.667  1176  1238 I BufferQueueDebug: [Toast#252048](this:0xb400006fb7e149e8,id:-1,api:0,p:-1,c:-1) BufferQueue core=(1176:/system/bin/surfaceflinger)
05-19 13:24:10.675  1176  1176 D OplusLayer: ~Layer() sequence=252038, name=Surface(name=28e464 NavigationBar0)/@0xde740b - animation-leash of insets_animation#252038
05-19 13:24:10.675  1176  1238 I BufferQueueDebug: [com.example.healthcare/com.example.healthcare.HomeActivity#252049](this:0xb400006fdf5ec9e8,id:-1,api:0,p:-1,c:-1) BufferQueue core=(1176:/system/bin/surfaceflinger)
05-19 13:24:10.678  1176  1238 D [OSIE]  : scltmLayer_name VRI[Toast][Toast]
05-19 13:24:10.678  1176  1238 D [OSIE]  : IsSCLTMLayer=0
05-19 13:24:10.678  2431  2431 D BufferQueueConsumer: [](id:97f00004e51,api:0,p:-1,c:2431) connect: controlledByApp=false
05-19 13:24:10.679  2431  2431 E IPCThreadState: attemptIncStrongHandle(324): Not supported
05-19 13:24:10.686  1931  4714 D Theia.NoFocusWindow: FocusWindowErrorScene cancelCheckFreezeScreen
05-19 13:24:10.687  2431  2431 D VRI[Toast]: registerCallbacksForSync syncBuffer=false
05-19 13:24:10.689  1176  1239 D [OSIE]  : scltmLayer_name VRI[HomeActivity][com.example.healthcare/com.example.healthcare.HomeActivity]
05-19 13:24:10.689  1176  1239 D [OSIE]  : IsSCLTMLayer=0
05-19 13:24:10.689 15027 15027 D BufferQueueConsumer: [](id:3ab300000006,api:0,p:-1,c:15027) connect: controlledByApp=false
05-19 13:24:10.691  1176  1176 D Layer   : reparent to null sequence=252042, seq[1], name=Surface(name=c402886 StatusBar)/@0xaf05d85 - animation-leash of insets_animation#252042
05-19 13:24:10.691  1176  1176 D Layer   : reparent to null sequence=252043, seq[2], name=Surface(name=28e464 NavigationBar0)/@0xde740b - animation-leash of insets_animation#252043
05-19 13:24:10.692  1176  1176 D OplusLayer: ~Layer() sequence=252042, name=Surface(name=c402886 StatusBar)/@0xaf05d85 - animation-leash of insets_animation#252042
05-19 13:24:10.692  1176  1176 D OplusLayer: ~Layer() sequence=252043, name=Surface(name=28e464 NavigationBar0)/@0xde740b - animation-leash of insets_animation#252043
05-19 13:24:10.694  2431  2594 D BLASTBufferQueue: [VRI[Toast][Toast]#19893](f:0,a:1) acquireNextBufferLocked size=598x273 mFrameNumber=1 applyTransaction=true mTimestamp=861290216871718(auto) mPendingTransactions.size=0 graphicBufferId=10441065815485 transform=0
05-19 13:24:10.694  2431  2594 D VRI[Toast]: Received frameCommittedCallback lastAttemptedDrawFrameNum=1 didProduceBuffer=true syncBuffer=false
05-19 13:24:10.694  2431  2594 W Parcel  : Expecting binder but got null!
05-19 13:24:10.695  2431  2431 D VRI[Toast]: draw finished.
05-19 13:24:10.702 15027 15027 D VRI[HomeActivity]: registerCallbacksForSync syncBuffer=false
05-19 13:24:10.705  4740  5387 I AudioTrack: getMarkerPosition(): 0xb4000070dfbf0000, marker = 169028
05-19 13:24:10.705  4740  5387 I AudioTrack: getMarkerPosition(): 0xb4000070dfbf0000, marker = 169028
05-19 13:24:10.707  1176  1176 D BufferStateLayer: Toast#252048 setBuffer frameId=1, bufferId=10441065815485 fenceId=127, w= 598, h=273
05-19 13:24:10.708  1176  1176 D OplusLayer: (252048,Toast#252048,com.android.systemui) setBuffer
05-19 13:24:10.710  1176  1176 I DispPerfService: updateLayerMask 0
05-19 13:24:10.712  2431  2431 D VRI[Toast]: registerCallbacksForSync syncBuffer=false
05-19 13:24:10.721  2431  2594 D VRI[Toast]: Received frameCommittedCallback lastAttemptedDrawFrameNum=3 didProduceBuffer=true syncBuffer=false
05-19 13:24:10.721  2431  2431 D VRI[Toast]: draw finished.
05-19 13:24:10.730 15027 15061 D BLASTBufferQueue: [VRI[HomeActivity][com.example.healthcare/com.example.healthcare.HomeActivity]#6](f:0,a:1) acquireNextBufferLocked size=1080x2400 mFrameNumber=1 applyTransaction=true mTimestamp=861290253886641(auto) mPendingTransactions.size=0 graphicBufferId=64540473557038 transform=0
05-19 13:24:10.730 15027 15061 D VRI[HomeActivity]: Received frameCommittedCallback lastAttemptedDrawFrameNum=1 didProduceBuffer=true syncBuffer=false
05-19 13:24:10.731 15027 15061 W Parcel  : Expecting binder but got null!
05-19 13:24:10.731 15027 15027 D VRI[HomeActivity]: draw finished.
05-19 13:24:10.741  1176  1176 D BufferStateLayer: com.example.healthcare/com.example.healthcare.HomeActivity#252049 setBuffer frameId=1, bufferId=64540473557038 fenceId=944, w= 1080, h=2400
05-19 13:24:10.741  1176  1176 D OplusLayer: (252049,com.example.healthcare/com.example.healthcare.HomeActivity#252049,com.example.healthcare) setBuffer
05-19 13:24:10.751  1931  1955 I ActivityTaskManager: Displayed com.example.healthcare/.HomeActivity: +280ms
05-19 13:24:10.766  1176  1176 D OplusLayer: ~Layer() sequence=252057, name=Screenshot Parent#252057
05-19 13:24:10.768  1176  1176 D OplusLayer: ~Layer() sequence=252058, name=Screenshot Parent#252058
05-19 13:24:10.769  1176  1239 I BufferQueueDebug: [Left Edge Extension#252059](this:0xb400006f8dffe9e8,id:-1,api:0,p:-1,c:-1) BufferQueue core=(1176:/system/bin/surfaceflinger)
05-19 13:24:10.771  1176  1389 I BufferQueueDebug: [bbq-wrapper#252060](this:0xb400006fb815b9e8,id:-1,api:0,p:-1,c:-1) BufferQueue core=(1176:/system/bin/surfaceflinger)
05-19 13:24:10.773  1176  1381 D [OSIE]  : scltmLayer_name bbq-adapter
05-19 13:24:10.773  1176  1381 D [OSIE]  : IsSCLTMLayer=0
05-19 13:24:10.773  1931 15677 D BufferQueueConsumer: [](id:78b00002ec7,api:0,p:-1,c:1931) connect: controlledByApp=false
05-19 13:24:10.773  1176  1176 D Layer   : reparent to null sequence=252029, seq[5], name=Splash Screen com.example.healthcare#252029
05-19 13:24:10.774  1176  1176 D Layer   : reparent to null sequence=252028, seq[4], name=afb7eb4 Splash Screen com.example.healthcare#252028
05-19 13:24:10.774  1176  1176 D Layer   : reparent to null sequence=252044, seq[23], name=Surface(name=afb7eb4 Splash Screen com.example.healthcare)/@0xc47c46a - animation-leash of window_animation#252044
05-19 13:24:10.774  1931 15677 E IPCThreadState: attemptIncStrongHandle(6842): Not supported
05-19 13:24:10.774  1931 15677 E IPCThreadState: attemptIncStrongHandle(6834): Not supported
05-19 13:24:10.774  1931 15677 D BLASTBufferQueue: [bbq-adapter#8424](f:0,a:0) constructor() width=1 height=2400 format=-1
05-19 13:24:10.774  1176  1176 D OplusLayer: ~Layer() sequence=252044, name=Surface(name=afb7eb4 Splash Screen com.example.healthcare)/@0xc47c46a - animation-leash of window_animation#252044
05-19 13:24:10.774  1176  1176 D OplusLayer: ~Layer() sequence=252028, name=afb7eb4 Splash Screen com.example.healthcare#252028
05-19 13:24:10.775  1931 15677 D BLASTBufferQueue: [bbq-adapter#8424](f:0,a:1) acquireNextBufferLocked size=1x2400 mFrameNumber=1 applyTransaction=true mTimestamp=861290298849333(auto) mPendingTransactions.size=0 graphicBufferId=5050882626220 transform=0
05-19 13:24:10.781  1176  1239 I BufferQueueDebug: [Right Edge Extension#252061](this:0xb400006fc3b989e8,id:-1,api:0,p:-1,c:-1) BufferQueue core=(1176:/system/bin/surfaceflinger)
05-19 13:24:10.781  1176  1176 I BufferQueueDebug: [Splash Screen com.example.healthcare#252029](this:0xb400006f8dffb9e8,id:-1,api:0,p:-1,c:1176) onDestructor()
05-19 13:24:10.781  1176  1176 D OplusLayer: ~Layer() sequence=252029, name=Splash Screen com.example.healthcare#252029
05-19 13:24:10.782  1176  1176 I DispPerfService: updateLayerMask 0
05-19 13:24:10.783  1176  1389 I BufferQueueDebug: [bbq-wrapper#252062](this:0xb400006fb81979e8,id:-1,api:0,p:-1,c:-1) BufferQueue core=(1176:/system/bin/surfaceflinger)
05-19 13:24:10.786  1176  1239 D [OSIE]  : scltmLayer_name bbq-adapter
05-19 13:24:10.787  1176  1239 D [OSIE]  : IsSCLTMLayer=0
05-19 13:24:10.787  1931 15678 D BufferQueueConsumer: [](id:78b00002ec8,api:0,p:-1,c:1931) connect: controlledByApp=false
05-19 13:24:10.787  1931 15678 D BLASTBufferQueue: [bbq-adapter#8425](f:0,a:0) constructor() width=1 height=2400 format=-1
05-19 13:24:10.788  1931 15678 D BLASTBufferQueue: [bbq-adapter#8425](f:0,a:1) acquireNextBufferLocked size=1x2400 mFrameNumber=1 applyTransaction=true mTimestamp=861290311704103(auto) mPendingTransactions.size=0 graphicBufferId=5050882626221 transform=0
05-19 13:24:10.790  1176  1176 D BufferStateLayer: bbq-wrapper#252060 Left Edge Extension#252059 setBuffer frameId=1, bufferId=5050882626220 fenceId=-1, w= 1, h=2400
05-19 13:24:10.790  1176  1176 D OplusLayer: (252060,bbq-wrapper#252060 Left Edge Extension#252059,system_server) setBuffer
05-19 13:24:10.790  1176  1176 D BufferStateLayer: bbq-wrapper#252062 Right Edge Extension#252061 setBuffer frameId=1, bufferId=5050882626221 fenceId=-1, w= 1, h=2400
05-19 13:24:10.791  1176  1176 D OplusLayer: (252062,bbq-wrapper#252062 Right Edge Extension#252061,system_server) setBuffer
05-19 13:24:10.810  1176  1176 I DispPerfService: updateLayerMask 0
05-19 13:24:10.812  1078  1119 I mtkpower@impl: [setMode] type:5, enabled:0
05-19 13:24:10.812  1078  1119 I mtkpower@impl: [setMode] type:6, enabled:1
05-19 13:24:10.812  1078  1119 E mtkpower@impl: [setMode] unknown type
05-19 13:24:10.812  1078  1185 I libPowerHal: [perfLockRel] hdl:511913, idx:1
05-19 13:24:10.813  1931  6256 I PowerHalWrapper: amsBoostStop AMS_BOOST_PACK_SWITCH:false, AMS_BOOST_ACT_SWITCH:true, AMS_BOOST_PROCESS_CREATE:false
05-19 13:24:10.813  1078  1116 I mtkpower@impl: [mtkPowerHint] hint:23, hold:0, ext:30, ext_hold:5000
05-19 13:24:10.813  1078  1185 I libPowerHal: [perfLockRel] hdl:511914, idx:2
05-19 13:24:10.814  1078  1185 I libPowerHal: MTKPOWER_HINT_ACT_SWITCH: cpu_ctrl set cpu freq: 1275000 -1 2200000 -1
05-19 13:24:10.814  1078  1185 I libPowerHal: [PD] MTKPOWER_HINT_ACT_SWITCH update cmd:1000000, param:-1
05-19 13:24:10.814  1078  1185 I libPowerHal: [PD] MTKPOWER_HINT_ACT_SWITCH update cmd:1408300 param:0
05-19 13:24:10.814  1078  1185 I libPowerHal: [PD] MTKPOWER_HINT_ACT_SWITCH update cmd:1000000 param:-1
05-19 13:24:10.859  1931  6256 I FocusResolver: updateFocusedWindow, 905dcd3 com.example.healthcare/com.example.healthcare.HomeActivity on display 0, reason: Window became focusable. Previous reason: NOT_VISIBLE, result:   FocusedWindows:
05-19 13:24:10.859  1931  6256 I FocusResolver:     displayId=0, name='905dcd3 com.example.healthcare/com.example.healthcare.HomeActivity'
05-19 13:24:10.859 15027 15027 D VRI[HomeActivity]: onFocusEvent true
05-19 13:24:10.860  1176  1176 I DispPerfService: updateLayerMask 0
05-19 13:24:10.866 17158 17158 I GoogleInputMethodService: GoogleInputMethodService.onFinishInput():3261
05-19 13:24:10.867 17158 17158 I GoogleInputMethodService: GoogleInputMethodService.updateDeviceLockedStatus():2110 repeatCheckTimes = 0, locked = false
05-19 13:24:10.867 17158 17158 I GoogleInputMethodService: GoogleInputMethodService.onStartInput():1898 onStartInput(EditorInfo{inputType=0x0(NULL) imeOptions=0x0 privateImeOptions=null actionName=UNSPECIFIED actionLabel=null actionId=0 initialSelStart=-1 initialSelEnd=-1 initialCapsMode=0x0 hintText=null label=null packageName=com.example.healthcare fieldId=2131230853 fieldName=null extras=Bundle[{com.oplus.im.SCENES=0}] hintLocales=[]}, false)
05-19 13:24:10.867 17158 17158 I GoogleInputMethodService: GoogleInputMethodService.shouldHideHeaderOnInitialState():4088 ShouldHideHeaderOnInitialState = false
05-19 13:24:10.868 17158 17158 I GoogleInputMethodService: GoogleInputMethodService.updateDeviceLockedStatus():2110 repeatCheckTimes = 1, locked = false
05-19 13:24:10.873  1176  1176 D Layer   : reparent to null sequence=252040, seq[3], name=Surface(name=33bba53 InputMethod)/@0xbdd8c45 - animation-leash of insets_animation#252040
05-19 13:24:10.907  1176  1176 D OplusLayer: ~Layer() sequence=252040, name=Surface(name=33bba53 InputMethod)/@0xbdd8c45 - animation-leash of insets_animation#252040
05-19 13:24:10.942  1176  1176 I DispPerfService: updateLayerMask 0
05-19 13:24:10.971  1931  2479 I mtkpower_client: perf_lock_rel, hdl:511916, tid:2479
05-19 13:24:10.972  1931  2479 I mtkpower_client: perf_lock_acq, hdl:511916, dur:0, num:10, tid:2479
05-19 13:24:10.972  1078  1185 I libPowerHal: [perfLockRel] hdl:511916, idx:0
05-19 13:24:10.972  1078  1185 I libPowerHal: system_server: cpu_ctrl set cpu freq: -1 -1 -1 -1
05-19 13:24:10.972  1078  1185 I libPowerHal: [PD] system_server update cmd:1c3c000 param:1
05-19 13:24:10.972  1078  1185 I libPowerHal: [PD] (more) /proc/mcdi/state set +prefix:enable 1;
05-19 13:24:10.972  1078  1185 I libPowerHal: [PD] system_server update cmd:2004100 param:2
05-19 13:24:10.973  1931  2479 I mtkpower_client: ret_hdl:511918
05-19 13:24:10.973  1078  1185 I libPowerHal: system_server: cpu_ctrl set cpu freq: 1275000 -1 2200000 -1
05-19 13:24:11.031 15027 15027 I ViewInteraction: Checking 'androidx.test.espresso.intent.Intents$2@1b8e776' assertion on view view.getRootView() to equal view
05-19 13:24:11.040  1931  2479 I mtkpower_client: perf_lock_rel, hdl:511918, tid:2479
05-19 13:24:11.040  1931  2479 I mtkpower_client: perf_lock_acq, hdl:511918, dur:0, num:10, tid:2479
05-19 13:24:11.040  1078  1116 I mtkpower@impl: [check_work_req] i:0, msg:1 hdl:511918, wait
05-19 13:24:11.041  1078  1185 I libPowerHal: [perfLockRel] hdl:511918, idx:0
05-19 13:24:11.041  1078  1185 I libPowerHal: system_server: cpu_ctrl set cpu freq: -1 -1 -1 -1
05-19 13:24:11.041  1078  1185 I libPowerHal: [PD] system_server update cmd:1c3c000 param:1
05-19 13:24:11.041  1078  1185 I libPowerHal: [PD] (more) /proc/mcdi/state set +prefix:enable 1;
05-19 13:24:11.041  1078  1185 I libPowerHal: [PD] system_server update cmd:2004100 param:2
05-19 13:24:11.044  1931  2479 I mtkpower_client: ret_hdl:511919
05-19 13:24:11.044  1078  1185 I libPowerHal: system_server: cpu_ctrl set cpu freq: 1275000 -1 2200000 -1
05-19 13:24:11.047  1078  1119 I mtkpower@impl: [setMode] type:5, enabled:1
05-19 13:24:11.048  1078  1185 I libPowerHal: LAUNCH: cpu_ctrl set cpu freq: 2000000 -1 2200000 -1
05-19 13:24:11.050  1931  4714 I PowerHalWrapper: <amsBoostResume> last:com.example.healthcare, next:com.example.healthcare
05-19 13:24:11.053  1078  1185 I libPowerHal: [perfLockRel] hdl:511917, idx:1
05-19 13:24:11.053  1078  1185 I libPowerHal: [PD] MTKPOWER_HINT_EXT_LAUNCH update cmd:2020000 param:1
05-19 13:24:11.054  1931  4714 D OplusUIFirst_FB: com.example.healthcare activity event: []
05-19 13:24:11.054  1931  4714 D OplusUIFirst_FB: List of ThreadOp: size=0 []
05-19 13:24:11.059 15027 15027 D LifecycleMonitor: Lifecycle status change: com.example.healthcare.HomeActivity@11ee63 in: PAUSED
05-19 13:24:11.059 15027 15027 V ActivityScenario: Activity lifecycle changed event received but ignored because the intent does not match. startActivityIntent=Intent { act=android.intent.action.MAIN cat=[android.intent.category.LAUNCHER] flg=0x10008000 cmp=com.example.healthcare/.LabTestActivity }, activity.getIntent()=Intent { cmp=com.example.healthcare/.HomeActivity mCallingUid=10495 }, activity=com.example.healthcare.HomeActivity@11ee63
05-19 13:24:11.060  1931  4716 D OplusUIFirst_FB: com.example.healthcare activity event: []
05-19 13:24:11.060  1931  4716 D OplusUIFirst_FB: List of ThreadOp: size=0 []
05-19 13:24:11.060  1931  4716 D OplusUIFirst_FB: handleParaSwitch com.example.healthcare null null 1
05-19 13:24:11.060  1931  4716 D OplusUIFirst_FB: com.example.healthcare activity event: []
05-19 13:24:11.060  1931  4716 D OplusUIFirst_FB: List of ThreadOp: size=0 []
05-19 13:24:11.060  1931  4716 D OplusUIFirst_FB: handleParaSwitch com.example.healthcare null null 1
05-19 13:24:11.066  1931  4716 I PowerHalWrapper: amsBoostNotify pid:15027,activity:androidx.test.core.app.InstrumentationActivityInvoker$EmptyActivity, package:com.example.healthcare, mProcessCreatePackcom.example.healthcare
05-19 13:24:11.066  1931  4716 I PowerHalWrapper: state: 1
05-19 13:24:11.066  1931  4716 I mtkpower_client: [Legacy][PowerHal_Wrap_notifyAppState] com.example.healthcare/androidx.test.core.app.InstrumentationActivityInvoker$EmptyActivity pid=15027 state:1
05-19 13:24:11.066  1931  4716 I game_scn: collectForegroundAppList packName=com.example.healthcare, actName=androidx.test.core.app.InstrumentationActivityInvoker$EmptyActivity, pid=15027, uid=10495, state:RESUMED
05-19 13:24:11.066  1931  4716 I PowerHalWrapper: amsBoostNotify AMS_BOOST_PROCESS_CREATE_BOOST:false
05-19 13:24:11.066  1931  4716 I InputDispatcher: setFocusedApplication displayId=0 ActivityRecord{1f02ba0 u0 com.example.healthcare/androidx.test.core.app.InstrumentationActivityInvoker$EmptyActivity} t2211}
05-19 13:24:11.066  1078  1116 I mtkpower@impl: [notifyAppState] act com.example.healthcare.HomeActivity => androidx.test.core.app.InstrumentationActivityInvoker$EmptyActivity
05-19 13:24:11.068  1931  4716 D Theia.NoFocusWindow: FocusWindowErrorScene CheckFreezeScreen
05-19 13:24:11.072  1931  4716 I PowerHalWrapper: amsBoostNotify pid:15027,activity:com.example.healthcare.HomeActivity, package:com.example.healthcare, mProcessCreatePackcom.example.healthcare
05-19 13:24:11.072  1931  4716 I PowerHalWrapper: state: 0
05-19 13:24:11.072  1931  4716 I mtkpower_client: [Legacy][PowerHal_Wrap_notifyAppState] com.example.healthcare/com.example.healthcare.HomeActivity pid=15027 state:0
05-19 13:24:11.072  1931  4716 I game_scn: collectForegroundAppList packName=com.example.healthcare, actName=com.example.healthcare.HomeActivity, pid=15027, uid=10495, state:PAUSED
05-19 13:24:11.072  1931  4716 I PowerHalWrapper: amsBoostNotify AMS_BOOST_PROCESS_CREATE_BOOST:false
05-19 13:24:11.074 15027 15176 D libMEOW : meow new tls: 0xb4000071f1983400
05-19 13:24:11.074  1931  2479 I mtkpower_client: perf_lock_rel, hdl:511919, tid:2479
05-19 13:24:11.074 15027 15176 D libMEOW : applied 1 plugins for [com.example.healthcare]:
05-19 13:24:11.074 15027 15176 D libMEOW :   plugin 1: [libMEOW_gift.so]: 0xb4000071e5138080
05-19 13:24:11.075  1931  2479 I mtkpower_client: perf_lock_acq, hdl:511919, dur:0, num:10, tid:2479
05-19 13:24:11.075  1078  1116 I mtkpower@impl: [check_work_req] i:0, msg:1 hdl:511919, wait
05-19 13:24:11.075  1078  1185 I libPowerHal: [perfLockRel] hdl:511919, idx:0
05-19 13:24:11.075  1078  1185 I libPowerHal: [PD] system_server update cmd:1c3c000 param:1
05-19 13:24:11.075  1078  1185 I libPowerHal: [PD] (more) /proc/mcdi/state set +prefix:enable 1;
05-19 13:24:11.075  1078  1185 I libPowerHal: [PD] system_server update cmd:2004100 param:2
05-19 13:24:11.076 15027 15176 D libMEOW : rebuild call chain: 0xb4000071f1992bc0
05-19 13:24:11.077 15027 15176 D libMEOW : meow delete tls: 0xb4000071f1983400
05-19 13:24:11.077  1931  2479 I mtkpower_client: ret_hdl:511922
05-19 13:24:11.078 15027 15027 D LifecycleMonitor: Lifecycle status change: androidx.test.core.app.InstrumentationActivityInvoker$EmptyActivity@1095850 in: PRE_ON_CREATE
05-19 13:24:11.079 15027 15027 V ActivityScenario: Activity lifecycle changed event received but ignored because the intent does not match. startActivityIntent=Intent { act=android.intent.action.MAIN cat=[android.intent.category.LAUNCHER] flg=0x10008000 cmp=com.example.healthcare/.LabTestActivity }, activity.getIntent()=Intent { act=android.intent.action.MAIN cat=[android.intent.category.LAUNCHER] flg=0x10000000 cmp=com.example.healthcare/androidx.test.core.app.InstrumentationActivityInvoker$EmptyActivity mCallingUid=10495 }, activity=androidx.test.core.app.InstrumentationActivityInvoker$EmptyActivity@1095850
05-19 13:24:11.089  1931  4716 I FocusResolver: updateFocusedWindow,  on display 0, reason: Waiting for window because NOT_FOCUSABLE, result:   FocusedWindows: <none>
05-19 13:24:11.090 15027 15027 D LifecycleMonitor: Lifecycle status change: androidx.test.core.app.InstrumentationActivityInvoker$EmptyActivity@1095850 in: CREATED
05-19 13:24:11.090 15027 15027 V ActivityScenario: Activity lifecycle changed event received but ignored because the intent does not match. startActivityIntent=Intent { act=android.intent.action.MAIN cat=[android.intent.category.LAUNCHER] flg=0x10008000 cmp=com.example.healthcare/.LabTestActivity }, activity.getIntent()=Intent { act=android.intent.action.MAIN cat=[android.intent.category.LAUNCHER] flg=0x10000000 cmp=com.example.healthcare/androidx.test.core.app.InstrumentationActivityInvoker$EmptyActivity mCallingUid=10495 }, activity=androidx.test.core.app.InstrumentationActivityInvoker$EmptyActivity@1095850
05-19 13:24:11.092 15027 15027 D LifecycleMonitor: Lifecycle status change: androidx.test.core.app.InstrumentationActivityInvoker$EmptyActivity@1095850 in: STARTED
05-19 13:24:11.092 15027 15027 V ActivityScenario: Activity lifecycle changed event received but ignored because the intent does not match. startActivityIntent=Intent { act=android.intent.action.MAIN cat=[android.intent.category.LAUNCHER] flg=0x10008000 cmp=com.example.healthcare/.LabTestActivity }, activity.getIntent()=Intent { act=android.intent.action.MAIN cat=[android.intent.category.LAUNCHER] flg=0x10000000 cmp=com.example.healthcare/androidx.test.core.app.InstrumentationActivityInvoker$EmptyActivity mCallingUid=10495 }, activity=androidx.test.core.app.InstrumentationActivityInvoker$EmptyActivity@1095850
05-19 13:24:11.094 15027 15027 D LifecycleMonitor: Lifecycle status change: androidx.test.core.app.InstrumentationActivityInvoker$EmptyActivity@1095850 in: RESUMED
05-19 13:24:11.094 15027 15027 V ActivityScenario: Activity lifecycle changed event received but ignored because the intent does not match. startActivityIntent=Intent { act=android.intent.action.MAIN cat=[android.intent.category.LAUNCHER] flg=0x10008000 cmp=com.example.healthcare/.LabTestActivity }, activity.getIntent()=Intent { act=android.intent.action.MAIN cat=[android.intent.category.LAUNCHER] flg=0x10000000 cmp=com.example.healthcare/androidx.test.core.app.InstrumentationActivityInvoker$EmptyActivity mCallingUid=10495 }, activity=androidx.test.core.app.InstrumentationActivityInvoker$EmptyActivity@1095850
05-19 13:24:11.095  1176  1389 I SurfaceFlinger: [SF client] NEW(0xb400006fdf4e11c0) for (15027:com.example.healthcare)
05-19 13:24:11.098 15027 15027 D WindowManager: Add to mViews: DecorView@4fe168[InstrumentationActivityInvoker$EmptyActivity],pkg= com.example.healthcare
05-19 13:24:11.108 15027 15027 D InputEventReceiver: Input log is disabled
05-19 13:24:11.112 15027 15027 D VRI[HomeActivity]: onFocusEvent false
05-19 13:24:11.118  1176  1381 I BufferQueueDebug: [com.example.healthcare/androidx.test.core.app.InstrumentationActivityInvoker$EmptyActivity#252066](this:0xb400006fc3ba89e8,id:-1,api:0,p:-1,c:-1) BufferQueue core=(1176:/system/bin/surfaceflinger)
05-19 13:24:11.129  1931  4716 D Theia.NoFocusWindow: FocusWindowErrorScene cancelCheckFreezeScreen
05-19 13:24:11.132  1176  1381 D [OSIE]  : scltmLayer_name VRI[InstrumentationActivityInvoker$EmptyActivity][com.example.healthcare/androidx.test.core.app.InstrumentationActivityInvoker$EmptyActivity]
05-19 13:24:11.132  1176  1381 D [OSIE]  : IsSCLTMLayer=0
05-19 13:24:11.132 15027 15027 D BufferQueueConsumer: [](id:3ab300000007,api:0,p:-1,c:15027) connect: controlledByApp=false
05-19 13:24:11.136 15027 15027 D VRI[InstrumentationActivityInvoker$EmptyActivity]: registerCallbacksForSync syncBuffer=false
05-19 13:24:11.138  1176  1176 D Layer   : reparent to null sequence=252050, seq[1], name=Surface(name=c402886 StatusBar)/@0xaf05d85 - animation-leash of insets_animation#252050
05-19 13:24:11.138  1176  1176 D Layer   : reparent to null sequence=252051, seq[2], name=Surface(name=28e464 NavigationBar0)/@0xde740b - animation-leash of insets_animation#252051
05-19 13:24:11.143 15027 15061 D BLASTBufferQueue: [VRI[InstrumentationActivityInvoker$EmptyActivity][com.example.healthcare/androidx.test.core.app.InstrumentationActivityInvoker$EmptyActivity]#7](f:0,a:1) acquireNextBufferLocked size=1080x2400 mFrameNumber=1 applyTransaction=true mTimestamp=861290665832949(auto) mPendingTransactions.size=0 graphicBufferId=64540473557042 transform=0
05-19 13:24:11.143 15027 15061 D VRI[InstrumentationActivityInvoker$EmptyActivity]: Received frameCommittedCallback lastAttemptedDrawFrameNum=1 didProduceBuffer=true syncBuffer=false
05-19 13:24:11.143 15027 15061 W Parcel  : Expecting binder but got null!
05-19 13:24:11.143 15027 15027 D VRI[InstrumentationActivityInvoker$EmptyActivity]: draw finished.
05-19 13:24:11.149  1931  1955 I ActivityTaskManager: Displayed com.example.healthcare/androidx.test.core.app.InstrumentationActivityInvoker$EmptyActivity: +110ms
05-19 13:24:11.154  1176  1176 D BufferStateLayer: com.example.healthcare/androidx.test.core.app.InstrumentationActivityInvoker$EmptyActivity#252066 setBuffer frameId=1, bufferId=64540473557042 fenceId=1094, w= 1080, h=2400
05-19 13:24:11.154  1176  1176 D OplusLayer: (252066,com.example.healthcare/androidx.test.core.app.InstrumentationActivityInvoker$EmptyActivity#252066,com.example.healthcare) setBuffer
05-19 13:24:11.158  1931  6256 I FocusResolver: updateFocusedWindow, 1de98cd com.example.healthcare/androidx.test.core.app.InstrumentationActivityInvoker$EmptyActivity on display 0, reason: Window became focusable. Previous reason: NO_WINDOW, result:   FocusedWindows:
05-19 13:24:11.158  1931  6256 I FocusResolver:     displayId=0, name='1de98cd com.example.healthcare/androidx.test.core.app.InstrumentationActivityInvoker$EmptyActivity'
05-19 13:24:11.158  1176  1176 I DispPerfService: updateLayerMask 0
05-19 13:24:11.159 15027 15027 D VRI[InstrumentationActivityInvoker$EmptyActivity]: registerCallbacksForSync syncBuffer=false
05-19 13:24:11.160 15027 15061 D VRI[InstrumentationActivityInvoker$EmptyActivity]: Received frameCommittedCallback lastAttemptedDrawFrameNum=2 didProduceBuffer=false syncBuffer=false
05-19 13:24:11.160 15027 15027 D VRI[InstrumentationActivityInvoker$EmptyActivity]: draw finished.
05-19 13:24:11.160  1078  1119 I mtkpower@impl: [setMode] type:6, enabled:0
05-19 13:24:11.160  1078  1119 E mtkpower@impl: [setMode] unknown type
05-19 13:24:11.162 15027 15027 D VRI[InstrumentationActivityInvoker$EmptyActivity]: onFocusEvent true
05-19 13:24:11.165 15027 15027 D VRI[LabTestActivity]: setWindowStopped stopped:true
05-19 13:24:11.166 15027 15027 D LifecycleMonitor: Lifecycle status change: com.example.healthcare.LabTestActivity@b5180b9 in: STOPPED
05-19 13:24:11.167 15027 15027 V ActivityScenario: Update currentActivityStage to STOPPED, currentActivity=com.example.healthcare.LabTestActivity@b5180b9
05-19 13:24:11.169 15027 15027 D LifecycleMonitor: Lifecycle status change: com.example.healthcare.LabTestActivity@b5180b9 in: DESTROYED
05-19 13:24:11.169 15027 15027 V ActivityScenario: Update currentActivityStage to DESTROYED, currentActivity=null
05-19 13:24:11.169 15027 15027 D OplusScrollToTopManager: unregisterGuidePopupDismissReceiverInSystemUI
05-19 13:24:11.169 15027 15027 D OplusScrollToTopManager: Receiver not registered: android.view.OplusScrollToTopManager$1@5224f1
05-19 13:24:11.169 15027 15027 D OplusScrollToTopManager: unregisterSystemUIBroadcastReceiver
05-19 13:24:11.169 15027 15027 D OplusScrollToTopManager: java.lang.IllegalArgumentException: Receiver not registered: android.view.OplusScrollToTopManager$2@da158d6
05-19 13:24:11.171  1176  1176 D OplusLayer: ~Layer() sequence=252050, name=Surface(name=c402886 StatusBar)/@0xaf05d85 - animation-leash of insets_animation#252050
05-19 13:24:11.171  1176  1176 D OplusLayer: ~Layer() sequence=252051, name=Surface(name=28e464 NavigationBar0)/@0xde740b - animation-leash of insets_animation#252051
05-19 13:24:11.175 15027 15061 D BLASTBufferQueue: [VRI[LabTestActivity][com.example.healthcare/com.example.healthcare.LabTestActivity]#5](f:0,a:1) destructor()
05-19 13:24:11.175 15027 15061 D BufferQueueConsumer: [VRI[LabTestActivity][com.example.healthcare/com.example.healthcare.LabTestActivity]#5(BLAST Consumer)5](id:3ab300000005,api:0,p:-1,c:15027) disconnect
05-19 13:24:11.176  1931  4716 W InputManager-JNI: Input channel object '8b1e105 com.example.healthcare/com.example.healthcare.LabTestActivity (client)' was disposed without first being removed with the input manager!
05-19 13:24:11.183  1931  6256 I PowerHalWrapper: <amsBoostResume> last:com.example.healthcare, next:com.example.healthcare
05-19 13:24:11.185  1078  1185 I libPowerHal: [perfLockRel] hdl:511921, idx:3
05-19 13:24:11.188  1191  1216 D ccci_mdinit: (1):monitor_time_update_thread round:30888 ########
05-19 13:24:11.195 17158 17158 I GoogleInputMethodService: GoogleInputMethodService.onFinishInput():3261
05-19 13:24:11.195 17158 17158 I GoogleInputMethodService: GoogleInputMethodService.updateDeviceLockedStatus():2110 repeatCheckTimes = 0, locked = false
05-19 13:24:11.196 17158 17158 I GoogleInputMethodService: GoogleInputMethodService.onStartInput():1898 onStartInput(EditorInfo{inputType=0x0(NULL) imeOptions=0x0 privateImeOptions=null actionName=UNSPECIFIED actionLabel=null actionId=0 initialSelStart=-1 initialSelEnd=-1 initialCapsMode=0x0 hintText=null label=null packageName=com.example.healthcare fieldId=-1 fieldName=null extras=Bundle[{com.oplus.im.SCENES=0}] hintLocales=[]}, false)
05-19 13:24:11.196 17158 17158 I GoogleInputMethodService: GoogleInputMethodService.shouldHideHeaderOnInitialState():4088 ShouldHideHeaderOnInitialState = false
05-19 13:24:11.196 17158 17158 I GoogleInputMethodService: GoogleInputMethodService.updateDeviceLockedStatus():2110 repeatCheckTimes = 1, locked = false
05-19 13:24:11.201 15027 15027 D LifecycleMonitor: Lifecycle status change: androidx.test.core.app.InstrumentationActivityInvoker$EmptyActivity@1095850 in: PAUSED
05-19 13:24:11.201 15027 15027 V ActivityScenario: Activity lifecycle changed event received but ignored because the intent does not match. startActivityIntent=Intent { act=android.intent.action.MAIN cat=[android.intent.category.LAUNCHER] flg=0x10008000 cmp=com.example.healthcare/.LabTestActivity }, activity.getIntent()=Intent { act=android.intent.action.MAIN cat=[android.intent.category.LAUNCHER] flg=0x10000000 cmp=com.example.healthcare/androidx.test.core.app.InstrumentationActivityInvoker$EmptyActivity mCallingUid=10495 }, activity=androidx.test.core.app.InstrumentationActivityInvoker$EmptyActivity@1095850
05-19 13:24:11.202  1931  6256 D OplusUIFirst_FB: com.example.healthcare activity event: []
05-19 13:24:11.202  1931  6256 D OplusUIFirst_FB: List of ThreadOp: size=0 []
05-19 13:24:11.202  1931  6256 D OplusUIFirst_FB: handleParaSwitch com.example.healthcare null null 1
05-19 13:24:11.202  1931  6256 D OplusUIFirst_FB: com.example.healthcare activity event: []
05-19 13:24:11.202  1931  6256 D OplusUIFirst_FB: List of ThreadOp: size=0 []
05-19 13:24:11.202  1931  6256 D OplusUIFirst_FB: handleParaSwitch com.example.healthcare null null 1
05-19 13:24:11.204  1176  1176 D Layer   : reparent to null sequence=252063, seq[3], name=Surface(name=33bba53 InputMethod)/@0xbdd8c45 - animation-leash of insets_animation#252063
05-19 13:24:11.207  1931  4716 I FocusResolver: updateFocusedWindow,  on display 0, reason: NO_WINDOW, result:   FocusedWindows: <none>
05-19 13:24:11.208  1931  6256 I PowerHalWrapper: amsBoostNotify pid:15027,activity:com.example.healthcare.HomeActivity, package:com.example.healthcare, mProcessCreatePackcom.example.healthcare
05-19 13:24:11.208  1931  6256 I PowerHalWrapper: state: 1
05-19 13:24:11.208  1931  6256 I mtkpower_client: [Legacy][PowerHal_Wrap_notifyAppState] com.example.healthcare/com.example.healthcare.HomeActivity pid=15027 state:1
05-19 13:24:11.208  1931  6256 I game_scn: collectForegroundAppList packName=com.example.healthcare, actName=com.example.healthcare.HomeActivity, pid=15027, uid=10495, state:RESUMED
05-19 13:24:11.208  1931  6256 I PowerHalWrapper: amsBoostNotify AMS_BOOST_PROCESS_CREATE_BOOST:false
05-19 13:24:11.208  1931  6256 I InputDispatcher: setFocusedApplication displayId=0 ActivityRecord{342bec8 u0 com.example.healthcare/.HomeActivity} t2211}
05-19 13:24:11.208  1078  1116 I mtkpower@impl: [notifyAppState] act androidx.test.core.app.InstrumentationActivityInvoker$EmptyActivity => com.example.healthcare.HomeActivity
05-19 13:24:11.214  1931  6256 D Theia.NoFocusWindow: FocusWindowErrorScene cancelCheckFreezeScreen
05-19 13:24:11.223 15027 15128 D VRI[InstrumentationActivityInvoker$EmptyActivity]: dispatchAppVisibility visible:false
05-19 13:24:11.228  1931  6256 I PowerHalWrapper: amsBoostNotify pid:15027,activity:androidx.test.core.app.InstrumentationActivityInvoker$EmptyActivity, package:com.example.healthcare, mProcessCreatePackcom.example.healthcare
05-19 13:24:11.228  1931  6256 I PowerHalWrapper: state: 0
05-19 13:24:11.228  1931  6256 I mtkpower_client: [Legacy][PowerHal_Wrap_notifyAppState] com.example.healthcare/androidx.test.core.app.InstrumentationActivityInvoker$EmptyActivity pid=15027 state:0
05-19 13:24:11.228  1931  6256 I game_scn: collectForegroundAppList packName=com.example.healthcare, actName=androidx.test.core.app.InstrumentationActivityInvoker$EmptyActivity, pid=15027, uid=10495, state:PAUSED
05-19 13:24:11.229  1931  6256 I PowerHalWrapper: amsBoostNotify AMS_BOOST_PROCESS_CREATE_BOOST:false
05-19 13:24:11.229 15027 15027 D VRI[InstrumentationActivityInvoker$EmptyActivity]: onFocusEvent false
05-19 13:24:11.234 15027 15027 D LifecycleMonitor: Lifecycle status change: com.example.healthcare.HomeActivity@11ee63 in: RESUMED
05-19 13:24:11.235 15027 15027 V ActivityScenario: Activity lifecycle changed event received but ignored because the intent does not match. startActivityIntent=Intent { act=android.intent.action.MAIN cat=[android.intent.category.LAUNCHER] flg=0x10008000 cmp=com.example.healthcare/.LabTestActivity }, activity.getIntent()=Intent { cmp=com.example.healthcare/.HomeActivity mCallingUid=10495 }, activity=com.example.healthcare.HomeActivity@11ee63
05-19 13:24:11.237  1176  1176 D Layer   : reparent to null sequence=252067, seq[1], name=Surface(name=c402886 StatusBar)/@0xaf05d85 - animation-leash of insets_animation#252067
