05-19 13:24:09.098  1078  1185 I libPowerHal: [PD] (more) /proc/mcdi/state set +prefix:enable 1;
05-19 13:24:09.098  1078  1185 I libPowerHal: [PD] system_server update cmd:2004100 param:2
05-19 13:24:09.099  1931  2479 I mtkpower_client: ret_hdl:511897
05-19 13:24:09.113  1486  1573 D AALCust : aal_backlight_bits, specialConfig:12
05-19 13:24:09.113  1486  1573 D AAL     : onBacklightChanged: 1381/1023 -> 1407/1023(phy:1407/4095)
05-19 13:24:09.129  1486  1573 D AALCust : aal_backlight_bits, specialConfig:12
05-19 13:24:09.129  1486  1573 D AAL     : onBacklightChanged: 1407/1023 -> 1434/1023(phy:1434/4095)
05-19 13:24:09.145 12053 12053 D BoundBrokerSvc: onUnbind: Intent { act=com.google.android.gms.auth.cryptauth.cryptauthservice.START dat=chimera-action:/... cmp=com.google.android.gms/.chimera.GmsBoundBrokerService }
05-19 13:24:09.146  1486  1573 D AALCust : aal_backlight_bits, specialConfig:12
05-19 13:24:09.146  1486  1573 D AAL     : onBacklightChanged: 1434/1023 -> 1460/1023(phy:1460/4095)
05-19 13:24:09.149 13028 13028 D BoundBrokerSvc: onUnbind: Intent { act=com.google.android.gms.cast.firstparty.START dat=chimera-action:/... cmp=com.google.android.gms/.chimera.PersistentApiService }
05-19 13:24:09.150 13028 13028 D BoundBrokerSvc: onUnbind: Intent { act=com.google.android.gms.trustagent.BridgeApi.START pkg=com.google.android.gms }
05-19 13:24:09.151 13028 13028 D BoundBrokerSvc: onUnbind: Intent { act=com.google.android.gms.gmscompliance.service.START dat=chimera-action:/... cmp=com.google.android.gms/.chimera.PersistentBoundBrokerService }
05-19 13:24:09.157  3057  3057 D OplusTelephonyController: onSignalStrengthChanged: SignalStrength=SignalStrength:{mCdma=CellSignalStrengthCdma: cdmaDbm=2147483647 cdmaEcio=2147483647 evdoDbm=2147483647 evdoEcio=2147483647 evdoSnr=2147483647 level=0,mGsm=CellSignalStrengthGsm: rssi=2147483647 ber=2147483647 mTa=2147483647 mLevel=0,mWcdma=CellSignalStrengthWcdma: ss=2147483647 ber=2147483647 rscp=2147483647 ecno=2147483647 level=0,mTdscdma=CellSignalStrengthTdscdma: rssi=2147483647 ber=2147483647 rscp=2147483647 level=0,mLte=CellSignalStrengthLte: rssi=2147483647 rsrp=-105 rsrq=-11 rssnr=11 cqiTableIndex=2147483647 cqi=0 ta=0 level=3 parametersUseForLevel=0,mNr=CellSignalStrengthNr:{ csiRsrp = 2147483647 csiRsrq = 2147483647 csiCqiTableIndex = 2147483647 csiCqiReport = [] ssRsrp = 2147483647 ssRsrq = 2147483647 ssSinr = 2147483647 level = 0 parametersUseForLevel = 0 },primary=CellSignalStrengthLte}, phoneId=0, mMtkLevel=0, mMtkRsrpOnly=false, mMtkLteRsrpThreshold=null, mMtkLteRssnrThreshold=null
05-19 13:24:09.162  1486  1573 D AALCust : aal_backlight_bits, specialConfig:12
05-19 13:24:09.162  1486  1573 D AAL     : onBacklightChanged: 1460/1023 -> 1487/1023(phy:1487/4095)
05-19 13:24:09.162  1486  1573 D AAL     : 05-19 01:24:09.096 BL=1372,ESS= 256, 05-19 01:24:09.113 BL=1400,ESS= 256, 05-19 01:24:09.129 BL=1429,ESS= 256, 05-19 01:24:09.146 BL=1458,ESS= 256, 05-19 01:24:09.162 BL=1487,ESS= 256,
05-19 13:24:09.179  1486  1573 D AALCust : aal_backlight_bits, specialConfig:12
05-19 13:24:09.179  1486  1573 D AAL     : onBacklightChanged: 1487/1023 -> 1513/1023(phy:1513/4095)
05-19 13:24:09.195  1486  1573 D AALCust : aal_backlight_bits, specialConfig:12
05-19 13:24:09.195  1486  1573 D AAL     : onBacklightChanged: 1513/1023 -> 1540/1023(phy:1540/4095)
05-19 13:24:09.213 15027 15027 I ViewInteraction: Checking 'androidx.test.espresso.intent.Intents$2@7bb3b43' assertion on view view.getRootView() to equal view
05-19 13:24:09.214  1486  1573 D AALCust : aal_backlight_bits, specialConfig:12
05-19 13:24:09.214  1486  1573 D AAL     : onBacklightChanged: 1540/1023 -> 1566/1023(phy:1566/4095)
05-19 13:24:09.226  1931  2479 I mtkpower_client: perf_lock_rel, hdl:511897, tid:2479
05-19 13:24:09.226  1931  2479 I mtkpower_client: perf_lock_acq, hdl:511897, dur:0, num:10, tid:2479
05-19 13:24:09.226  1078  1185 I libPowerHal: [perfLockRel] hdl:511897, idx:0
05-19 13:24:09.227  1078  1185 I libPowerHal: [PD] system_server update cmd:2004100 param:2
05-19 13:24:09.227  1931  2479 I mtkpower_client: ret_hdl:511898
05-19 13:24:09.228  1078  1185 I libPowerHal: system_server: cpu_ctrl set cpu freq: 1275000 -1 2200000 -1
05-19 13:24:09.228  1486  1573 D AALCust : aal_backlight_bits, specialConfig:12
05-19 13:24:09.228  1486  1573 D AAL     : onBacklightChanged: 1566/1023 -> 1593/1023(phy:1593/4095)
05-19 13:24:09.233  1078  1119 I mtkpower@impl: [setMode] type:5, enabled:1
05-19 13:24:09.234  1078  1185 I libPowerHal: LAUNCH: cpu_ctrl set cpu freq: 2000000 -1 2200000 -1
05-19 13:24:09.235  1931  1948 I PowerHalWrapper: <amsBoostResume> last:com.example.healthcare, next:com.example.healthcare
05-19 13:24:09.236  1078  1185 I libPowerHal: [perfLockRel] hdl:511896, idx:1
05-19 13:24:09.236  1078  1185 I libPowerHal: [PD] MTKPOWER_HINT_EXT_LAUNCH update cmd:2020000 param:1
05-19 13:24:09.239  1931  1948 D OplusUIFirst_FB: com.example.healthcare activity event: []
05-19 13:24:09.239  1931  1948 D OplusUIFirst_FB: List of ThreadOp: size=0 []
05-19 13:24:09.241 15027 15027 D LifecycleMonitor: Lifecycle status change: com.example.healthcare.CartLabActivity@34094aa in: PAUSED
05-19 13:24:09.241 15027 15027 V ActivityScenario: Activity lifecycle changed event received but ignored because the intent does not match. startActivityIntent=Intent { act=android.intent.action.MAIN cat=[android.intent.category.LAUNCHER] flg=0x10008000 cmp=com.example.healthcare/.LabTestActivity }, activity.getIntent()=Intent { cmp=com.example.healthcare/.CartLabActivity mCallingUid=10495 }, activity=com.example.healthcare.CartLabActivity@34094aa
05-19 13:24:09.242  1931  1948 D OplusUIFirst_FB: com.example.healthcare activity event: []
05-19 13:24:09.242  1931  1948 D OplusUIFirst_FB: List of ThreadOp: size=0 []
05-19 13:24:09.242  1931  1948 D OplusUIFirst_FB: handleParaSwitch com.example.healthcare null null 1
05-19 13:24:09.242  1931  1948 D OplusUIFirst_FB: com.example.healthcare activity event: []
05-19 13:24:09.242  1931  1948 D OplusUIFirst_FB: List of ThreadOp: size=0 []
05-19 13:24:09.242  1931  1948 D OplusUIFirst_FB: handleParaSwitch com.example.healthcare null null 1
05-19 13:24:09.245  1486  1573 D AALCust : aal_backlight_bits, specialConfig:12
05-19 13:24:09.245  1486  1573 D AAL     : onBacklightChanged: 1593/1023 -> 1619/1023(phy:1619/4095)
05-19 13:24:09.245  1486  1573 D AAL     : 05-19 01:24:09.179 BL=1512,ESS= 256, 05-19 01:24:09.196 BL=1540,ESS= 256, 05-19 01:24:09.215 BL=1563,ESS= 256, 05-19 01:24:09.229 BL=1593,ESS= 256, 05-19 01:24:09.245 BL=1618,ESS= 256,
05-19 13:24:09.250  1931  1948 I PowerHalWrapper: amsBoostNotify pid:15027,activity:androidx.test.core.app.InstrumentationActivityInvoker$EmptyActivity, package:com.example.healthcare, mProcessCreatePackcom.example.healthcare
05-19 13:24:09.250  1931  1948 I PowerHalWrapper: state: 1
05-19 13:24:09.250  1931  1948 I mtkpower_client: [Legacy][PowerHal_Wrap_notifyAppState] com.example.healthcare/androidx.test.core.app.InstrumentationActivityInvoker$EmptyActivity pid=15027 state:1
05-19 13:24:09.250  1931  1948 I game_scn: collectForegroundAppList packName=com.example.healthcare, actName=androidx.test.core.app.InstrumentationActivityInvoker$EmptyActivity, pid=15027, uid=10495, state:RESUMED
05-19 13:24:09.250  1931  1948 I PowerHalWrapper: amsBoostNotify AMS_BOOST_PROCESS_CREATE_BOOST:false
05-19 13:24:09.250  1931  1948 I InputDispatcher: setFocusedApplication displayId=0 ActivityRecord{65600f7 u0 com.example.healthcare/androidx.test.core.app.InstrumentationActivityInvoker$EmptyActivity} t2210}
05-19 13:24:09.251  1078  1116 I mtkpower@impl: [notifyAppState] act com.example.healthcare.CartLabActivity => androidx.test.core.app.InstrumentationActivityInvoker$EmptyActivity
05-19 13:24:09.252  1931  1948 D Theia.NoFocusWindow: FocusWindowErrorScene CheckFreezeScreen
05-19 13:24:09.256  1931  1948 I PowerHalWrapper: amsBoostNotify pid:15027,activity:com.example.healthcare.CartLabActivity, package:com.example.healthcare, mProcessCreatePackcom.example.healthcare
05-19 13:24:09.256  1931  1948 I PowerHalWrapper: state: 0
05-19 13:24:09.256  1931  1948 I mtkpower_client: [Legacy][PowerHal_Wrap_notifyAppState] com.example.healthcare/com.example.healthcare.CartLabActivity pid=15027 state:0
05-19 13:24:09.257  1931  1948 I game_scn: collectForegroundAppList packName=com.example.healthcare, actName=com.example.healthcare.CartLabActivity, pid=15027, uid=10495, state:PAUSED
05-19 13:24:09.257  1931  1948 I PowerHalWrapper: amsBoostNotify AMS_BOOST_PROCESS_CREATE_BOOST:false
05-19 13:24:09.259  1931  2479 I mtkpower_client: perf_lock_rel, hdl:511898, tid:2479
05-19 13:24:09.259  1931  2479 I mtkpower_client: perf_lock_acq, hdl:511898, dur:0, num:10, tid:2479
05-19 13:24:09.259  1078  1185 I libPowerHal: [perfLockRel] hdl:511898, idx:0
05-19 13:24:09.259  1078  1185 I libPowerHal: [PD] system_server update cmd:1c3c000 param:1
05-19 13:24:09.259  1078  1185 I libPowerHal: [PD] (more) /proc/mcdi/state set +prefix:enable 1;
05-19 13:24:09.259  1078  1185 I libPowerHal: [PD] system_server update cmd:2004100 param:2
05-19 13:24:09.260  1931  2479 I mtkpower_client: ret_hdl:511901
05-19 13:24:09.261 15027 15138 D libMEOW : meow new tls: 0xb4000071894bdb40
05-19 13:24:09.262  1486  1573 D AALCust : aal_backlight_bits, specialConfig:12
05-19 13:24:09.262  1486  1573 D AAL     : onBacklightChanged: 1619/1023 -> 1672/1023(phy:1672/4095)
05-19 13:24:09.262 15027 15138 D libMEOW : applied 1 plugins for [com.example.healthcare]:
05-19 13:24:09.262 15027 15138 D libMEOW :   plugin 1: [libMEOW_gift.so]: 0xb4000071e5138080
05-19 13:24:09.262 15027 15138 D libMEOW : rebuild call chain: 0xb400007177a65840
05-19 13:24:09.262 15027 15138 D libMEOW : meow delete tls: 0xb4000071894bdb40
05-19 13:24:09.262 15027 15027 D LifecycleMonitor: Lifecycle status change: androidx.test.core.app.InstrumentationActivityInvoker$EmptyActivity@ef385b5 in: PRE_ON_CREATE
05-19 13:24:09.262 15027 15027 V ActivityScenario: Activity lifecycle changed event received but ignored because the intent does not match. startActivityIntent=Intent { act=android.intent.action.MAIN cat=[android.intent.category.LAUNCHER] flg=0x10008000 cmp=com.example.healthcare/.LabTestActivity }, activity.getIntent()=Intent { act=android.intent.action.MAIN cat=[android.intent.category.LAUNCHER] flg=0x10000000 cmp=com.example.healthcare/androidx.test.core.app.InstrumentationActivityInvoker$EmptyActivity mCallingUid=10495 }, activity=androidx.test.core.app.InstrumentationActivityInvoker$EmptyActivity@ef385b5
05-19 13:24:09.275 15027 15027 D LifecycleMonitor: Lifecycle status change: androidx.test.core.app.InstrumentationActivityInvoker$EmptyActivity@ef385b5 in: CREATED
05-19 13:24:09.275 15027 15027 V ActivityScenario: Activity lifecycle changed event received but ignored because the intent does not match. startActivityIntent=Intent { act=android.intent.action.MAIN cat=[android.intent.category.LAUNCHER] flg=0x10008000 cmp=com.example.healthcare/.LabTestActivity }, activity.getIntent()=Intent { act=android.intent.action.MAIN cat=[android.intent.category.LAUNCHER] flg=0x10000000 cmp=com.example.healthcare/androidx.test.core.app.InstrumentationActivityInvoker$EmptyActivity mCallingUid=10495 }, activity=androidx.test.core.app.InstrumentationActivityInvoker$EmptyActivity@ef385b5
05-19 13:24:09.277 15027 15027 D LifecycleMonitor: Lifecycle status change: androidx.test.core.app.InstrumentationActivityInvoker$EmptyActivity@ef385b5 in: STARTED
05-19 13:24:09.277 15027 15027 V ActivityScenario: Activity lifecycle changed event received but ignored because the intent does not match. startActivityIntent=Intent { act=android.intent.action.MAIN cat=[android.intent.category.LAUNCHER] flg=0x10008000 cmp=com.example.healthcare/.LabTestActivity }, activity.getIntent()=Intent { act=android.intent.action.MAIN cat=[android.intent.category.LAUNCHER] flg=0x10000000 cmp=com.example.healthcare/androidx.test.core.app.InstrumentationActivityInvoker$EmptyActivity mCallingUid=10495 }, activity=androidx.test.core.app.InstrumentationActivityInvoker$EmptyActivity@ef385b5
05-19 13:24:09.278  1486  1573 D AALCust : aal_backlight_bits, specialConfig:12
05-19 13:24:09.278  1486  1573 D AAL     : onBacklightChanged: 1672/1023 -> 1699/1023(phy:1699/4095)
05-19 13:24:09.279 15027 15027 D LifecycleMonitor: Lifecycle status change: androidx.test.core.app.InstrumentationActivityInvoker$EmptyActivity@ef385b5 in: RESUMED
05-19 13:24:09.279 15027 15027 V ActivityScenario: Activity lifecycle changed event received but ignored because the intent does not match. startActivityIntent=Intent { act=android.intent.action.MAIN cat=[android.intent.category.LAUNCHER] flg=0x10008000 cmp=com.example.healthcare/.LabTestActivity }, activity.getIntent()=Intent { act=android.intent.action.MAIN cat=[android.intent.category.LAUNCHER] flg=0x10000000 cmp=com.example.healthcare/androidx.test.core.app.InstrumentationActivityInvoker$EmptyActivity mCallingUid=10495 }, activity=androidx.test.core.app.InstrumentationActivityInvoker$EmptyActivity@ef385b5
05-19 13:24:09.280  1176  1239 I SurfaceFlinger: [SF client] NEW(0xb400006fc38394c0) for (15027:com.example.healthcare)
05-19 13:24:09.283 15027 15027 D WindowManager: Add to mViews: DecorView@43bb66d[InstrumentationActivityInvoker$EmptyActivity],pkg= com.example.healthcare
05-19 13:24:09.285  1931  2826 I FocusResolver: updateFocusedWindow,  on display 0, reason: Waiting for window because NOT_FOCUSABLE, result:   FocusedWindows: <none>
05-19 13:24:09.293 15027 15027 D InputEventReceiver: Input log is disabled
05-19 13:24:09.295  1486  1573 D AALCust : aal_backlight_bits, specialConfig:12
05-19 13:24:09.295  1486  1573 D AAL     : onBacklightChanged: 1699/1023 -> 1725/1023(phy:1725/4095)
05-19 13:24:09.297 15027 15027 D VRI[CartLabActivity]: onFocusEvent false
05-19 13:24:09.303  1176  1381 I BufferQueueDebug: [com.example.healthcare/androidx.test.core.app.InstrumentationActivityInvoker$EmptyActivity#252007](this:0xb400006fb3d489e8,id:-1,api:0,p:-1,c:-1) BufferQueue core=(1176:/system/bin/surfaceflinger)
05-19 13:24:09.311  1486  1573 D AALCust : aal_backlight_bits, specialConfig:12
05-19 13:24:09.311  1486  1573 D AAL     : onBacklightChanged: 1725/1023 -> 1752/1023(phy:1752/4095)
05-19 13:24:09.314  1931  2802 D Theia.NoFocusWindow: FocusWindowErrorScene cancelCheckFreezeScreen
05-19 13:24:09.318  1176  1239 D [OSIE]  : scltmLayer_name VRI[InstrumentationActivityInvoker$EmptyActivity][com.example.healthcare/androidx.test.core.app.InstrumentationActivityInvoker$EmptyActivity]
05-19 13:24:09.318  1176  1239 D [OSIE]  : IsSCLTMLayer=0
05-19 13:24:09.318 15027 15027 D BufferQueueConsumer: [](id:3ab300000004,api:0,p:-1,c:15027) connect: controlledByApp=false
05-19 13:24:09.319  1176  1176 I DispPerfService: updateLayerMask 0
05-19 13:24:09.321  1078  1119 I mtkpower@impl: [setMode] type:6, enabled:0
05-19 13:24:09.321  1078  1119 E mtkpower@impl: [setMode] unknown type
05-19 13:24:09.323 15027 15027 D VRI[InstrumentationActivityInvoker$EmptyActivity]: registerCallbacksForSync syncBuffer=false
05-19 13:24:09.333  1486  1573 D AALCust : aal_backlight_bits, specialConfig:12
05-19 13:24:09.333  1486  1573 D AAL     : onBacklightChanged: 1752/1023 -> 1800/1023(phy:1800/4095)
05-19 13:24:09.334  1176  1176 D Layer   : reparent to null sequence=251991, seq[1], name=Surface(name=c402886 StatusBar)/@0xaf05d85 - animation-leash of insets_animation#251991
05-19 13:24:09.334  1176  1176 D Layer   : reparent to null sequence=251992, seq[2], name=Surface(name=28e464 NavigationBar0)/@0xde740b - animation-leash of insets_animation#251992
05-19 13:24:09.334 15027 15061 D BLASTBufferQueue: [VRI[InstrumentationActivityInvoker$EmptyActivity][com.example.healthcare/androidx.test.core.app.InstrumentationActivityInvoker$EmptyActivity]#4](f:0,a:1) acquireNextBufferLocked size=1080x2400 mFrameNumber=1 applyTransaction=true mTimestamp=861288857858026(auto) mPendingTransactions.size=0 graphicBufferId=64540473557022 transform=0
05-19 13:24:09.334 15027 15061 D VRI[InstrumentationActivityInvoker$EmptyActivity]: Received frameCommittedCallback lastAttemptedDrawFrameNum=1 didProduceBuffer=true syncBuffer=false
05-19 13:24:09.335 15027 15061 W Parcel  : Expecting binder but got null!
05-19 13:24:09.335  1486  1573 D AAL     : 05-19 01:24:09.262 BL=1670,ESS= 256, 05-19 01:24:09.278 BL=1699,ESS= 256, 05-19 01:24:09.295 BL=1724,ESS= 256, 05-19 01:24:09.311 BL=1752,ESS= 256, 05-19 01:24:09.335 BL=1788,ESS= 256,
05-19 13:24:09.335 15027 15027 D VRI[InstrumentationActivityInvoker$EmptyActivity]: draw finished.
05-19 13:24:09.341  1931  1955 I ActivityTaskManager: Displayed com.example.healthcare/androidx.test.core.app.InstrumentationActivityInvoker$EmptyActivity: +115ms
05-19 13:24:09.349 15027 15027 D VRI[InstrumentationActivityInvoker$EmptyActivity]: registerCallbacksForSync syncBuffer=false
05-19 13:24:09.349 15027 15061 D VRI[InstrumentationActivityInvoker$EmptyActivity]: Received frameCommittedCallback lastAttemptedDrawFrameNum=2 didProduceBuffer=false syncBuffer=false
05-19 13:24:09.350 15027 15027 D VRI[InstrumentationActivityInvoker$EmptyActivity]: draw finished.
05-19 13:24:09.350  1176  1176 D BufferStateLayer: com.example.healthcare/androidx.test.core.app.InstrumentationActivityInvoker$EmptyActivity#252007 setBuffer frameId=1, bufferId=64540473557022 fenceId=1079, w= 1080, h=2400
05-19 13:24:09.350  1176  1176 D OplusLayer: (252007,com.example.healthcare/androidx.test.core.app.InstrumentationActivityInvoker$EmptyActivity#252007,com.example.healthcare) setBuffer
05-19 13:24:09.353  1931  2826 I FocusResolver: updateFocusedWindow, 26882e8 com.example.healthcare/androidx.test.core.app.InstrumentationActivityInvoker$EmptyActivity on display 0, reason: Window became focusable. Previous reason: NOT_VISIBLE, result:   FocusedWindows:
05-19 13:24:09.353  1931  2826 I FocusResolver:     displayId=0, name='26882e8 com.example.healthcare/androidx.test.core.app.InstrumentationActivityInvoker$EmptyActivity'
05-19 13:24:09.354 15027 15027 D VRI[InstrumentationActivityInvoker$EmptyActivity]: onFocusEvent true
05-19 13:24:09.354  1176  1176 I DispPerfService: updateLayerMask 0
05-19 13:24:09.361  1486  1573 D AAL     : 05-19 01:24:09.344 BL=1800,ESS= 256,
05-19 13:24:09.367  1176  1176 D OplusLayer: ~Layer() sequence=251991, name=Surface(name=c402886 StatusBar)/@0xaf05d85 - animation-leash of insets_animation#251991
05-19 13:24:09.367  1176  1176 D OplusLayer: ~Layer() sequence=251992, name=Surface(name=28e464 NavigationBar0)/@0xde740b - animation-leash of insets_animation#251992
05-19 13:24:09.370  1931  2802 I PowerHalWrapper: <amsBoostResume> last:com.example.healthcare, next:com.example.healthcare
05-19 13:24:09.372  1078  1185 I libPowerHal: [perfLockRel] hdl:511900, idx:3
05-19 13:24:09.377 17158 17158 I GoogleInputMethodService: GoogleInputMethodService.onFinishInput():3261
05-19 13:24:09.378 17158 17158 I GoogleInputMethodService: GoogleInputMethodService.updateDeviceLockedStatus():2110 repeatCheckTimes = 0, locked = false
05-19 13:24:09.378 17158 17158 I GoogleInputMethodService: GoogleInputMethodService.onStartInput():1898 onStartInput(EditorInfo{inputType=0x0(NULL) imeOptions=0x0 privateImeOptions=null actionName=UNSPECIFIED actionLabel=null actionId=0 initialSelStart=-1 initialSelEnd=-1 initialCapsMode=0x0 hintText=null label=null packageName=com.example.healthcare fieldId=-1 fieldName=null extras=Bundle[{com.oplus.im.SCENES=0}] hintLocales=[]}, false)
05-19 13:24:09.378 17158 17158 I GoogleInputMethodService: GoogleInputMethodService.shouldHideHeaderOnInitialState():4088 ShouldHideHeaderOnInitialState = false
05-19 13:24:09.379 17158 17158 I GoogleInputMethodService: GoogleInputMethodService.updateDeviceLockedStatus():2110 repeatCheckTimes = 1, locked = false
05-19 13:24:09.382 15027 15027 D LifecycleMonitor: Lifecycle status change: androidx.test.core.app.InstrumentationActivityInvoker$EmptyActivity@ef385b5 in: PAUSED
05-19 13:24:09.383 15027 15027 V ActivityScenario: Activity lifecycle changed event received but ignored because the intent does not match. startActivityIntent=Intent { act=android.intent.action.MAIN cat=[android.intent.category.LAUNCHER] flg=0x10008000 cmp=com.example.healthcare/.LabTestActivity }, activity.getIntent()=Intent { act=android.intent.action.MAIN cat=[android.intent.category.LAUNCHER] flg=0x10000000 cmp=com.example.healthcare/androidx.test.core.app.InstrumentationActivityInvoker$EmptyActivity mCallingUid=10495 }, activity=androidx.test.core.app.InstrumentationActivityInvoker$EmptyActivity@ef385b5
05-19 13:24:09.384  1176  1176 D Layer   : reparent to null sequence=252004, seq[3], name=Surface(name=33bba53 InputMethod)/@0xbdd8c45 - animation-leash of insets_animation#252004
05-19 13:24:09.385  1931  1948 D OplusUIFirst_FB: com.example.healthcare activity event: []
05-19 13:24:09.385  1931  1948 D OplusUIFirst_FB: List of ThreadOp: size=0 []
05-19 13:24:09.385  1931  1948 D OplusUIFirst_FB: handleParaSwitch com.example.healthcare null null 1
05-19 13:24:09.385  1931  1948 D OplusUIFirst_FB: com.example.healthcare activity event: []
05-19 13:24:09.385  1931  1948 D OplusUIFirst_FB: List of ThreadOp: size=0 []
05-19 13:24:09.385  1931  1948 D OplusUIFirst_FB: handleParaSwitch com.example.healthcare null null 1
05-19 13:24:09.386  1931  2802 I FocusResolver: updateFocusedWindow,  on display 0, reason: NO_WINDOW, result:   FocusedWindows: <none>
05-19 13:24:09.387  1931  1948 I PowerHalWrapper: amsBoostNotify pid:15027,activity:com.example.healthcare.CartLabActivity, package:com.example.healthcare, mProcessCreatePackcom.example.healthcare
05-19 13:24:09.387  1931  1948 I PowerHalWrapper: state: 1
05-19 13:24:09.387  1931  1948 I mtkpower_client: [Legacy][PowerHal_Wrap_notifyAppState] com.example.healthcare/com.example.healthcare.CartLabActivity pid=15027 state:1
05-19 13:24:09.387  1931  1948 I game_scn: collectForegroundAppList packName=com.example.healthcare, actName=com.example.healthcare.CartLabActivity, pid=15027, uid=10495, state:RESUMED
05-19 13:24:09.387  1931  1948 I PowerHalWrapper: amsBoostNotify AMS_BOOST_PROCESS_CREATE_BOOST:false
05-19 13:24:09.387  1931  1948 I InputDispatcher: setFocusedApplication displayId=0 ActivityRecord{543ac98 u0 com.example.healthcare/.CartLabActivity} t2210}
05-19 13:24:09.388  1078  1116 I mtkpower@impl: [notifyAppState] act androidx.test.core.app.InstrumentationActivityInvoker$EmptyActivity => com.example.healthcare.CartLabActivity
05-19 13:24:09.394  1931  1948 D Theia.NoFocusWindow: FocusWindowErrorScene cancelCheckFreezeScreen
05-19 13:24:09.403 15027 15127 D VRI[InstrumentationActivityInvoker$EmptyActivity]: dispatchAppVisibility visible:false
05-19 13:24:09.408  1931  1948 I PowerHalWrapper: amsBoostNotify pid:15027,activity:androidx.test.core.app.InstrumentationActivityInvoker$EmptyActivity, package:com.example.healthcare, mProcessCreatePackcom.example.healthcare
05-19 13:24:09.408  1931  1948 I PowerHalWrapper: state: 0
05-19 13:24:09.408  1931  1948 I mtkpower_client: [Legacy][PowerHal_Wrap_notifyAppState] com.example.healthcare/androidx.test.core.app.InstrumentationActivityInvoker$EmptyActivity pid=15027 state:0
05-19 13:24:09.408  1931  1948 I game_scn: collectForegroundAppList packName=com.example.healthcare, actName=androidx.test.core.app.InstrumentationActivityInvoker$EmptyActivity, pid=15027, uid=10495, state:PAUSED
05-19 13:24:09.408  1931  1948 I PowerHalWrapper: amsBoostNotify AMS_BOOST_PROCESS_CREATE_BOOST:false
05-19 13:24:09.409 15027 15127 D VRI[LabTestActivity]: dispatchAppVisibility visible:false
05-19 13:24:09.409 15027 15027 D VRI[InstrumentationActivityInvoker$EmptyActivity]: onFocusEvent false
05-19 13:24:09.415 15027 15027 D LifecycleMonitor: Lifecycle status change: com.example.healthcare.CartLabActivity@34094aa in: RESUMED
05-19 13:24:09.415 15027 15027 V ActivityScenario: Activity lifecycle changed event received but ignored because the intent does not match. startActivityIntent=Intent { act=android.intent.action.MAIN cat=[android.intent.category.LAUNCHER] flg=0x10008000 cmp=com.example.healthcare/.LabTestActivity }, activity.getIntent()=Intent { cmp=com.example.healthcare/.CartLabActivity mCallingUid=10495 }, activity=com.example.healthcare.CartLabActivity@34094aa
05-19 13:24:09.415  1931  1959 D BLASTBufferQueue: [bbq-adapter#8423](f:0,a:1) destructor()
05-19 13:24:09.415  1931  1959 D BufferQueueConsumer: [bbq-adapter#8423(BLAST Consumer)8423](id:78b00002ec6,api:0,p:-1,c:1931) disconnect
05-19 13:24:09.416  1931  1959 D BLASTBufferQueue: [bbq-adapter#8422](f:0,a:1) destructor()
05-19 13:24:09.416  1931  1959 D BufferQueueConsumer: [bbq-adapter#8422(BLAST Consumer)8422](id:78b00002ec5,api:0,p:-1,c:1931) disconnect
05-19 13:24:09.416  1176  1176 D Layer   : reparent to null sequence=252008, seq[1], name=Surface(name=c402886 StatusBar)/@0xaf05d85 - animation-leash of insets_animation#252008
05-19 13:24:09.417  1176  1176 D Layer   : reparent to null sequence=252009, seq[2], name=Surface(name=28e464 NavigationBar0)/@0xde740b - animation-leash of insets_animation#252009
05-19 13:24:09.417  1176  1176 D Layer   : reparent to null sequence=251995, seq[85], name=Surface(name=ActivityRecord{d20574a u0 com.example.healthcare/.LabTestActivity})/@0xe84f8a5 - animation-leash of app_transition#251995
05-19 13:24:09.417  1176  1176 D Layer   : reparent to null sequence=252002, seq[4], name=Right Edge Extension#252002
05-19 13:24:09.417  1176  1176 D Layer   : reparent to null sequence=251996, seq[1], name=Surface(name=ActivityRecord{d20574a u0 com.example.healthcare/.LabTestActivity})/@0xe84f8a5 - animation-bounds#251996
05-19 13:24:09.417  1176  1176 D Layer   : reparent to null sequence=251993, seq[85], name=Surface(name=ActivityRecord{543ac98 u0 com.example.healthcare/.CartLabActivity})/@0xe4b5370 - animation-leash of app_transition#251993
05-19 13:24:09.417  1176  1176 D Layer   : reparent to null sequence=251999, seq[4], name=Left Edge Extension#251999
05-19 13:24:09.417  1176  1176 D Layer   : reparent to null sequence=251994, seq[2], name=Surface(name=ActivityRecord{543ac98 u0 com.example.healthcare/.CartLabActivity})/@0xe4b5370 - animation-bounds#251994
05-19 13:24:09.418  1176  1176 D OplusLayer: ~Layer() sequence=252004, name=Surface(name=33bba53 InputMethod)/@0xbdd8c45 - animation-leash of insets_animation#252004
05-19 13:24:09.418  1176  1176 D OplusLayer: ~Layer() sequence=251996, name=Surface(name=ActivityRecord{d20574a u0 com.example.healthcare/.LabTestActivity})/@0xe84f8a5 - animation-bounds#251996
05-19 13:24:09.418  1176  1176 D OplusLayer: ~Layer() sequence=251995, name=Surface(name=ActivityRecord{d20574a u0 com.example.healthcare/.LabTestActivity})/@0xe84f8a5 - animation-leash of app_transition#251995
05-19 13:24:09.418  1176  1176 I BufferQueueDebug: [Right Edge Extension#252002](this:0xb400006fb3d679e8,id:-1,api:0,p:-1,c:1176) onDestructor()
05-19 13:24:09.418  1176  1176 D OplusLayer: ~Layer() sequence=252002, name=Right Edge Extension#252002
05-19 13:24:09.418  1176  1176 I BufferQueueDebug: [bbq-wrapper#252003](this:0xb400006fb80ed9e8,id:-1,api:0,p:-1,c:1176) onDestructor()
05-19 13:24:09.418  1176  1176 D OplusLayer: ~Layer() sequence=252003, name=bbq-wrapper#252003 Right Edge Extension#252002
05-19 13:24:09.419  1176  1176 D OplusLayer: ~Layer() sequence=251994, name=Surface(name=ActivityRecord{543ac98 u0 com.example.healthcare/.CartLabActivity})/@0xe4b5370 - animation-bounds#251994
05-19 13:24:09.419  1176  1176 D OplusLayer: ~Layer() sequence=251993, name=Surface(name=ActivityRecord{543ac98 u0 com.example.healthcare/.CartLabActivity})/@0xe4b5370 - animation-leash of app_transition#251993
05-19 13:24:09.419  1176  1176 I BufferQueueDebug: [Left Edge Extension#251999](this:0xb400006fc39809e8,id:-1,api:0,p:-1,c:1176) onDestructor()
05-19 13:24:09.419  1176  1176 D OplusLayer: ~Layer() sequence=251999, name=Left Edge Extension#251999
05-19 13:24:09.419  1176  1176 I BufferQueueDebug: [bbq-wrapper#252001](this:0xb400006fb3d399e8,id:-1,api:0,p:-1,c:1176) onDestructor()
05-19 13:24:09.419  1176  1176 D OplusLayer: ~Layer() sequence=252001, name=bbq-wrapper#252001 Left Edge Extension#251999
05-19 13:24:09.421  1931  1948 I FocusResolver: updateFocusedWindow, 75c9e5b com.example.healthcare/com.example.healthcare.CartLabActivity on display 0, reason: Window became focusable. Previous reason: NO_WINDOW, result:   FocusedWindows:
05-19 13:24:09.421  1931  1948 I FocusResolver:     displayId=0, name='75c9e5b com.example.healthcare/com.example.healthcare.CartLabActivity'
05-19 13:24:09.422  1176  1176 I DispPerfService: updateLayerMask 0
05-19 13:24:09.430 15027 15027 D BLASTBufferQueue: [VRI[InstrumentationActivityInvoker$EmptyActivity][com.example.healthcare/androidx.test.core.app.InstrumentationActivityInvoker$EmptyActivity]#4](f:0,a:1) destructor()
05-19 13:24:09.430 15027 15027 D BufferQueueConsumer: [VRI[InstrumentationActivityInvoker$EmptyActivity][com.example.healthcare/androidx.test.core.app.InstrumentationActivityInvoker$EmptyActivity]#4(BLAST Consumer)4](id:3ab300000004,api:0,p:-1,c:15027) disconnect
05-19 13:24:09.433  1176  1176 D OplusLayer: ~Layer() sequence=252008, name=Surface(name=c402886 StatusBar)/@0xaf05d85 - animation-leash of insets_animation#252008
05-19 13:24:09.433  1176  1176 D OplusLayer: ~Layer() sequence=252009, name=Surface(name=28e464 NavigationBar0)/@0xde740b - animation-leash of insets_animation#252009
05-19 13:24:09.439 15027 15027 D BLASTBufferQueue: [VRI[LabTestActivity][com.example.healthcare/com.example.healthcare.LabTestActivity]#2](f:0,a:1) destructor()
05-19 13:24:09.439 15027 15027 D BufferQueueConsumer: [VRI[LabTestActivity][com.example.healthcare/com.example.healthcare.LabTestActivity]#2(BLAST Consumer)2](id:3ab300000002,api:0,p:-1,c:15027) disconnect
05-19 13:24:09.442 15027 15027 D VRI[CartLabActivity]: onFocusEvent true
05-19 13:24:09.443 15027 15027 D VRI[InstrumentationActivityInvoker$EmptyActivity]: setWindowStopped stopped:true
05-19 13:24:09.444 15027 15027 D LifecycleMonitor: Lifecycle status change: androidx.test.core.app.InstrumentationActivityInvoker$EmptyActivity@ef385b5 in: STOPPED
05-19 13:24:09.445 15027 15027 V ActivityScenario: Activity lifecycle changed event received but ignored because the intent does not match. startActivityIntent=Intent { act=android.intent.action.MAIN cat=[android.intent.category.LAUNCHER] flg=0x10008000 cmp=com.example.healthcare/.LabTestActivity }, activity.getIntent()=Intent { act=android.intent.action.MAIN cat=[android.intent.category.LAUNCHER] flg=0x10000000 cmp=com.example.healthcare/androidx.test.core.app.InstrumentationActivityInvoker$EmptyActivity mCallingUid=10495 }, activity=androidx.test.core.app.InstrumentationActivityInvoker$EmptyActivity@ef385b5
05-19 13:24:09.446 15027 15027 D LifecycleMonitor: Lifecycle status change: androidx.test.core.app.InstrumentationActivityInvoker$EmptyActivity@ef385b5 in: DESTROYED
05-19 13:24:09.447 15027 15027 V ActivityScenario: Activity lifecycle changed event received but ignored because the intent does not match. startActivityIntent=Intent { act=android.intent.action.MAIN cat=[android.intent.category.LAUNCHER] flg=0x10008000 cmp=com.example.healthcare/.LabTestActivity }, activity.getIntent()=Intent { act=android.intent.action.MAIN cat=[android.intent.category.LAUNCHER] flg=0x10000000 cmp=com.example.healthcare/androidx.test.core.app.InstrumentationActivityInvoker$EmptyActivity mCallingUid=10495 }, activity=androidx.test.core.app.InstrumentationActivityInvoker$EmptyActivity@ef385b5
05-19 13:24:09.447 15027 15027 D OplusScrollToTopManager: unregisterGuidePopupDismissReceiverInSystemUI
05-19 13:24:09.447 15027 15027 D OplusScrollToTopManager: Receiver not registered: android.view.OplusScrollToTopManager$1@b7221d9
05-19 13:24:09.447 15027 15027 D OplusScrollToTopManager: unregisterSystemUIBroadcastReceiver
05-19 13:24:09.447 15027 15027 D OplusScrollToTopManager: java.lang.IllegalArgumentException: Receiver not registered: android.view.OplusScrollToTopManager$2@cbeb79e
05-19 13:24:09.451  1931  4626 W InputManager-JNI: Input channel object '26882e8 com.example.healthcare/androidx.test.core.app.InstrumentationActivityInvoker$EmptyActivity (client)' was disposed without first being removed with the input manager!
05-19 13:24:09.460 15027 15027 D VRI[LabTestActivity]: setWindowStopped stopped:true
05-19 13:24:09.460 15027 15027 D LifecycleMonitor: Lifecycle status change: com.example.healthcare.LabTestActivity@cb35 in: STOPPED
05-19 13:24:09.461 15027 15027 V ActivityScenario: Update currentActivityStage to STOPPED, currentActivity=com.example.healthcare.LabTestActivity@cb35
05-19 13:24:09.462 15027 15027 D LifecycleMonitor: Lifecycle status change: com.example.healthcare.LabTestActivity@cb35 in: DESTROYED
05-19 13:24:09.462 15027 15027 V ActivityScenario: Update currentActivityStage to DESTROYED, currentActivity=null
05-19 13:24:09.462 15027 15027 D OplusScrollToTopManager: unregisterGuidePopupDismissReceiverInSystemUI
05-19 13:24:09.462 15027 15027 D OplusScrollToTopManager: Receiver not registered: android.view.OplusScrollToTopManager$1@f1ec79b
05-19 13:24:09.462 15027 15027 D OplusScrollToTopManager: unregisterSystemUIBroadcastReceiver
05-19 13:24:09.462 15027 15027 D OplusScrollToTopManager: java.lang.IllegalArgumentException: Receiver not registered: android.view.OplusScrollToTopManager$2@dce6738
05-19 13:24:09.466  1176  1176 D Layer   : reparent to null sequence=252007, seq[7], name=com.example.healthcare/androidx.test.core.app.InstrumentationActivityInvoker$EmptyActivity#252007
05-19 13:24:09.466  1176  1176 D Layer   : reparent to null sequence=252006, seq[5], name=26882e8 com.example.healthcare/androidx.test.core.app.InstrumentationActivityInvoker$EmptyActivity#252006
05-19 13:24:09.466  1176  1176 D Layer   : reparent to null sequence=252011, seq[3], name=Surface(name=33bba53 InputMethod)/@0xbdd8c45 - animation-leash of insets_animation#252011
05-19 13:24:09.467  1176  1176 D OplusLayer: ~Layer() sequence=251956, name=Surface(name=33bba53 InputMethod)/@0xbdd8c45 - animation-leash of insets_animation#251956
05-19 13:24:09.467  1176  1176 D OplusLayer: ~Layer() sequence=252006, name=26882e8 com.example.healthcare/androidx.test.core.app.InstrumentationActivityInvoker$EmptyActivity#252006
05-19 13:24:09.467  1176  1176 I BufferQueueDebug: [com.example.healthcare/androidx.test.core.app.InstrumentationActivityInvoker$EmptyActivity#252007](this:0xb400006fb3d489e8,id:-1,api:0,p:-1,c:1176) onDestructor()
05-19 13:24:09.467  1176  1176 D OplusLayer: ~Layer() sequence=252007, name=com.example.healthcare/androidx.test.core.app.InstrumentationActivityInvoker$EmptyActivity#252007
05-19 13:24:09.467  1176  1176 D OplusLayer: ~Layer() sequence=252011, name=Surface(name=33bba53 InputMethod)/@0xbdd8c45 - animation-leash of insets_animation#252011
05-19 13:24:09.468  1931  4626 W InputManager-JNI: Input channel object 'bc2b238 com.example.healthcare/com.example.healthcare.LabTestActivity (client)' was disposed without first being removed with the input manager!
05-19 13:24:09.481 17158 17158 I GoogleInputMethodService: GoogleInputMethodService.onFinishInput():3261
05-19 13:24:09.482 17158 17158 I GoogleInputMethodService: GoogleInputMethodService.updateDeviceLockedStatus():2110 repeatCheckTimes = 0, locked = false
05-19 13:24:09.482 17158 17158 I GoogleInputMethodService: GoogleInputMethodService.onStartInput():1898 onStartInput(EditorInfo{inputType=0x0(NULL) imeOptions=0x0 privateImeOptions=null actionName=UNSPECIFIED actionLabel=null actionId=0 initialSelStart=-1 initialSelEnd=-1 initialCapsMode=0x0 hintText=null label=null packageName=com.example.healthcare fieldId=2131230830 fieldName=null extras=Bundle[{com.oplus.im.SCENES=0}] hintLocales=[]}, false)
05-19 13:24:09.482 17158 17158 I GoogleInputMethodService: GoogleInputMethodService.shouldHideHeaderOnInitialState():4088 ShouldHideHeaderOnInitialState = false
05-19 13:24:09.483  1176  1176 D Layer   : reparent to null sequence=252005, seq[5], name=ActivityRecord{65600f7 u0 com.example.healthcare/androidx.test.core.app.InstrumentationActivityInvoker$EmptyActivity}#252005
05-19 13:24:09.483 17158 17158 I GoogleInputMethodService: GoogleInputMethodService.updateDeviceLockedStatus():2110 repeatCheckTimes = 1, locked = false
05-19 13:24:09.483  1176  1176 D Layer   : reparent to null sequence=251978, seq[7], name=com.example.healthcare/com.example.healthcare.LabTestActivity#251978
05-19 13:24:09.483  1176  1176 D Layer   : reparent to null sequence=251977, seq[5], name=bc2b238 com.example.healthcare/com.example.healthcare.LabTestActivity#251977
05-19 13:24:09.483  1176  1176 D OplusLayer: ~Layer() sequence=251977, name=bc2b238 com.example.healthcare/com.example.healthcare.LabTestActivity#251977
05-19 13:24:09.483  1176  1176 I BufferQueueDebug: [com.example.healthcare/com.example.healthcare.LabTestActivity#251978](this:0xb400006fc3ba89e8,id:-1,api:0,p:-1,c:1176) onDestructor()
05-19 13:24:09.483  1176  1176 D OplusLayer: ~Layer() sequence=251978, name=com.example.healthcare/com.example.healthcare.LabTestActivity#251978
05-19 13:24:09.484  1176  1176 D OplusLayer: ~Layer() sequence=252005, name=ActivityRecord{65600f7 u0 com.example.healthcare/androidx.test.core.app.InstrumentationActivityInvoker$EmptyActivity}#252005
05-19 13:24:09.484  1176  1176 D OplusLayer: ~Layer() sequence=252010, name=cf3db64 ActivityRecordInputSink com.example.healthcare/androidx.test.core.app.InstrumentationActivityInvoker$EmptyActivity#252010
05-19 13:24:09.487  7182  7321 V bt_stack: [VERBOSE1:btm_ble_gap.cc(2573)] btm_ble_process_adv_addr: bda=ca:**:**:**:3f:21 addr_type=1
05-19 13:24:09.487  7182  7321 I bt_btm  : LogMsg: btm_ble_process_adv_pkt: pkt_data_len: 21
05-19 13:24:09.487  7182  7321 V bt_stack: [VERBOSE1:btm_ble_gap.cc(2573)] btm_ble_process_adv_addr: bda=ca:**:**:**:3f:21 addr_type=1
05-19 13:24:09.487  7182  7321 I bt_btm  : LogMsg: btm_ble_process_adv_pkt: pkt_data_len: 18
05-19 13:24:09.487  7182  7321 I bt_btif : LogMsg: bta_dm_observe_results_cb
05-19 13:24:09.487  7182  7321 I bt_btif : LogMsg: btif_ble_scanner_update_COD ca:0f:76:9e:3f:21 cod is 0x000000
05-19 13:24:09.487  7182  7321 I bt_btif : LogMsg: btif_ble_scanner_update_COD cod in config 0x001f00, status=0
05-19 13:24:09.487  7182  7321 I bt_btif : LogMsg: btif_ble_scanner_update_COD invalid cod 0x0, use cod 0x1f00 in config
05-19 13:24:09.487  7182  7218 I bt_btif : LogMsg: bta_scan_results_cb_impl : type 0 channel 0
05-19 13:24:09.488  7182  7218 I bt_btif : LogMsg: bta_scan_results_cb_impl: HAL bt_gatt_callbacks->scanner->scan_result_cb
05-19 13:24:09.488  7182  7218 D BtGatt.GattService: onScanResult() - eventType=0x1b, addressType=1, address=CA:0F:76:9E:3F:21, primaryPhy=1, secondaryPhy=0, advertisingSid=0xff, txPower=127, rssi=-81, periodicAdvInt=0x0, originalAddress=CA:0F:76:9E:3F:21, type=0, channel=0
05-19 13:24:09.488  7182  7218 D BtGatt.GattService: Skipping client: permission=true matches=false
05-19 13:24:09.488  7182  7218 D BtGatt.GattService: Skipping client: permission=true matches=false
05-19 13:24:09.488  7182  7218 D BtGatt.GattService: Skipping client: permission=true matches=false
05-19 13:24:09.488  7182  7218 D BtGatt.GattService: Skipping client: permission=true matches=false
05-19 13:24:09.488  7182  7218 D BtGatt.GattService: Skipping client: permission=true matches=false
05-19 13:24:09.488  7182  7218 D BtGatt.GattService: Skipping client: permission=true matches=false
05-19 13:24:09.490  7182  7321 V bt_stack: [VERBOSE1:btm_ble_gap.cc(2573)] btm_ble_process_adv_addr: bda=5c:**:**:**:a3:5d addr_type=1
05-19 13:24:09.490  7182  7321 I bt_btm  : LogMsg: btm_ble_process_adv_pkt: pkt_data_len: 25
05-19 13:24:09.490  7182  7321 I bt_btif : LogMsg: bta_dm_observe_results_cb
05-19 13:24:09.490  7182  7321 I bt_btif : LogMsg: btif_ble_scanner_update_COD 5c:5d:bd:a5:a3:5d cod is 0x000000
05-19 13:24:09.491  7182  7321 I bt_btif : LogMsg: btif_ble_scanner_update_COD cod in config 0x000000, status=1
05-19 13:24:09.491  7182  7321 I bt_btif : LogMsg: btif_ble_scanner_update_COD invalid cod 0x0, use cod 0x0 in config
05-19 13:24:09.491  7182  7321 I bt_btif : LogMsg: btif_ble_scanner_update_COD cod is again 0, set as unclassified
05-19 13:24:09.491  7182  7321 I bt_btif : LogMsg: btif_ble_scanner_update_COD cod change 0x0=>0x1f00, update config
05-19 13:24:09.491  7182  7321 V bt_stack: [VERBOSE1:btif_config.cc(499)] btif_config_get_bin: cannot find string for section 5c:5d:bd:a5:a3:5d, key LinkKey
05-19 13:24:09.491  7182  7218 I bt_btif : LogMsg: bta_scan_results_cb_impl dev_type change 0x0=>0x2, update config
05-19 13:24:09.491  7182  7218 V bt_stack: [VERBOSE1:btif_config.cc(499)] btif_config_get_bin: cannot find string for section 5c:5d:bd:a5:a3:5d, key LinkKey
05-19 13:24:09.491  7182  7218 I bt_btif : LogMsg: btif_in_fetch_bonded_ble_device Found a LE device: 5c:5d:bd:a5:a3:5d
05-19 13:24:09.491  7182  7218 V bt_stack: [VERBOSE1:btif_config.cc(499)] btif_config_get_bin: cannot find string for section 5c:5d:bd:a5:a3:5d, key LE_KEY_PENC
05-19 13:24:09.491  7182  7218 V bt_stack: [VERBOSE1:btif_config.cc(499)] btif_config_get_bin: cannot find string for section 5c:5d:bd:a5:a3:5d, key LE_KEY_PID
05-19 13:24:09.491  7182  7218 V bt_stack: [VERBOSE1:btif_config.cc(499)] btif_config_get_bin: cannot find string for section 5c:5d:bd:a5:a3:5d, key LE_KEY_LID
05-19 13:24:09.491  7182  7218 V bt_stack: [VERBOSE1:btif_config.cc(499)] btif_config_get_bin: cannot find string for section 5c:5d:bd:a5:a3:5d, key LE_KEY_PCSRK
05-19 13:24:09.491  7182  7218 V bt_stack: [VERBOSE1:btif_config.cc(499)] btif_config_get_bin: cannot find string for section 5c:5d:bd:a5:a3:5d, key LE_KEY_LENC
05-19 13:24:09.491  7182  7218 V bt_stack: [VERBOSE1:btif_config.cc(499)] btif_config_get_bin: cannot find string for section 5c:5d:bd:a5:a3:5d, key LE_KEY_LCSRK
05-19 13:24:09.491  7182  7218 I bt_btif : LogMsg: bta_scan_results_cb_impl : type 0 channel 0
05-19 13:24:09.491  7182  7218 I bt_btif : LogMsg: bta_scan_results_cb_impl: HAL bt_gatt_callbacks->scanner->scan_result_cb
05-19 13:24:09.491  7182  7218 D BtGatt.GattService: onScanResult() - eventType=0x10, addressType=1, address=5C:5D:BD:A5:A3:5D, primaryPhy=1, secondaryPhy=0, advertisingSid=0xff, txPower=127, rssi=-92, periodicAdvInt=0x0, originalAddress=5C:5D:BD:A5:A3:5D, type=0, channel=0
05-19 13:24:09.492  7182  7218 D BtGatt.GattService: Skipping client: permission=true matches=false
05-19 13:24:09.492  7182  7218 D BtGatt.GattService: Skipping client: permission=true matches=false
05-19 13:24:09.492  7182  7218 D BtGatt.GattService: Skipping client: permission=true matches=false
05-19 13:24:09.492  7182  7218 D BtGatt.GattService: Skipping client: permission=true matches=false
05-19 13:24:09.492  7182  7218 D BtGatt.GattService: Skipping client: permission=true matches=false
05-19 13:24:09.492  7182  7218 D BtGatt.GattService: Skipping client: permission=true matches=false
05-19 13:24:09.496  7182  7321 V bt_stack: [VERBOSE1:btm_ble_gap.cc(2573)] btm_ble_process_adv_addr: bda=46:**:**:**:97:d5 addr_type=1
05-19 13:24:09.496  7182  7321 I bt_btm  : LogMsg: btm_ble_process_adv_pkt: pkt_data_len: 31
05-19 13:24:09.496  7182  7321 V bt_stack: [VERBOSE1:btm_ble_gap.cc(2573)] btm_ble_process_adv_addr: bda=46:**:**:**:97:d5 addr_type=1
05-19 13:24:09.496  7182  7321 I bt_btm  : LogMsg: btm_ble_process_adv_pkt: pkt_data_len: 0
05-19 13:24:09.496  7182  7321 I bt_btif : LogMsg: bta_dm_observe_results_cb
05-19 13:24:09.496  7182  7321 I bt_btif : LogMsg: btif_ble_scanner_update_COD 46:2a:19:3c:97:d5 cod is 0x000000
05-19 13:24:09.496  7182  7321 I bt_btif : LogMsg: btif_ble_scanner_update_COD cod in config 0x001f00, status=0
05-19 13:24:09.496  7182  7321 I bt_btif : LogMsg: btif_ble_scanner_update_COD invalid cod 0x0, use cod 0x1f00 in config
05-19 13:24:09.497  7182  7218 I bt_btif : LogMsg: bta_scan_results_cb_impl : type 0 channel 0
05-19 13:24:09.497  7182  7218 I bt_btif : LogMsg: bta_scan_results_cb_impl: HAL bt_gatt_callbacks->scanner->scan_result_cb
05-19 13:24:09.497  7182  7218 D BtGatt.GattService: onScanResult() - eventType=0x1b, addressType=1, address=46:2A:19:3C:97:D5, primaryPhy=1, secondaryPhy=0, advertisingSid=0xff, txPower=127, rssi=-88, periodicAdvInt=0x0, originalAddress=46:2A:19:3C:97:D5, type=0, channel=0
05-19 13:24:09.497  7182  7218 D BtGatt.GattService: Skipping client: permission=true matches=false
05-19 13:24:09.497  7182  7218 D BtGatt.GattService: Skipping client: permission=true matches=false
05-19 13:24:09.497  7182  7218 D BtGatt.GattService: Skipping client: permission=true matches=false
05-19 13:24:09.497  7182  7218 D BtGatt.GattService: Skipping client: permission=true matches=false
05-19 13:24:09.497  7182  7218 D BtGatt.GattService: Skipping client: permission=true matches=false
05-19 13:24:09.497  7182  7218 D BtGatt.GattService: Skipping client: permission=true matches=false
05-19 13:24:09.499  1176  1176 D Layer   : reparent to null sequence=251969, seq[4], name=ActivityRecord{d20574a u0 com.example.healthcare/.LabTestActivity}#251969
05-19 13:24:09.499  1176  1176 D Layer   : reparent to null sequence=252014, seq[2], name=Surface(name=33bba53 InputMethod)/@0xbdd8c45 - animation-leash of insets_animation#252014
05-19 13:24:09.500  1176  1176 D OplusLayer: ~Layer() sequence=251969, name=ActivityRecord{d20574a u0 com.example.healthcare/.LabTestActivity}#251969
05-19 13:24:09.500  1176  1176 D OplusLayer: ~Layer() sequence=251976, name=e99e6bb ActivityRecordInputSink com.example.healthcare/.LabTestActivity#251976
05-19 13:24:09.501 15027 15057 I TestRunner: finished: testGoToCartButton(com.example.healthcare.LabTestActivityTest)
