05-19 13:24:07.401  1176  1176 I DispPerfService: updateLayerMask 0
05-19 13:24:07.403  1931  2802 W InputManager-JNI: Input channel object '4b21f5b com.example.healthcare/com.example.healthcare.LabTestActivity (client)' was disposed without first being removed with the input manager!
05-19 13:24:07.404 15027 15046 D BLASTBufferQueue: [VRI[LabTestActivity][com.example.healthcare/com.example.healthcare.LabTestActivity]#0](f:0,a:1) destructor()
05-19 13:24:07.405 15027 15046 D BufferQueueConsumer: [VRI[LabTestActivity][com.example.healthcare/com.example.healthcare.LabTestActivity]#0(BLAST Consumer)0](id:3ab300000000,api:0,p:-1,c:15027) disconnect
05-19 13:24:07.410 15027 15027 D VRI[InstrumentationActivityInvoker$EmptyActivity]: onFocusEvent true
05-19 13:24:07.414  1176  1176 D Layer   : reparent to null sequence=251943, seq[7], name=com.example.healthcare/com.example.healthcare.LabTestActivity#251943
05-19 13:24:07.414  1176  1176 D Layer   : reparent to null sequence=251942, seq[5], name=4b21f5b com.example.healthcare/com.example.healthcare.LabTestActivity#251942
05-19 13:24:07.414  1176  1176 D Layer   : reparent to null sequence=251947, seq[3], name=Surface(name=33bba53 InputMethod)/@0xbdd8c45 - animation-leash of insets_animation#251947
05-19 13:24:07.414  1931  2479 I mtkpower_client: perf_lock_rel, hdl:511881, tid:2479
05-19 13:24:07.415  1176  1176 D OplusLayer: ~Layer() sequence=251942, name=4b21f5b com.example.healthcare/com.example.healthcare.LabTestActivity#251942
05-19 13:24:07.415  1931  2479 I mtkpower_client: perf_lock_acq, hdl:511881, dur:0, num:10, tid:2479
05-19 13:24:07.415  1931  4716 I InputDispatcher: setFocusedApplication displayId=0 ActivityRecord{5f29859 u0 com.android.launcher/.Launcher} t1643}
05-19 13:24:07.415  1176  1176 I BufferQueueDebug: [com.example.healthcare/com.example.healthcare.LabTestActivity#251943](this:0xb400006fb3ffe9e8,id:-1,api:0,p:-1,c:1176) onDestructor()
05-19 13:24:07.415  1176  1176 D OplusLayer: ~Layer() sequence=251943, name=com.example.healthcare/com.example.healthcare.LabTestActivity#251943
05-19 13:24:07.415  1078  1185 I libPowerHal: [perfLockRel] hdl:511881, idx:0
05-19 13:24:07.415  1078  1185 I libPowerHal: [PD] system_server update cmd:1c3c000 param:1
05-19 13:24:07.415  1078  1185 I libPowerHal: [PD] (more) /proc/mcdi/state set +prefix:enable 1;
05-19 13:24:07.415  1176  1176 D OplusLayer: ~Layer() sequence=251947, name=Surface(name=33bba53 InputMethod)/@0xbdd8c45 - animation-leash of insets_animation#251947
05-19 13:24:07.415  1078  1185 I libPowerHal: [PD] system_server update cmd:2004100 param:2
05-19 13:24:07.416  1931  2479 I mtkpower_client: ret_hdl:511882
05-19 13:24:07.417  1931  4716 D Theia.NoFocusWindow: FocusWindowErrorScene CheckFreezeScreen
05-19 13:24:07.418  1931  2479 I mtkpower_client: perf_lock_rel, hdl:511882, tid:2479
05-19 13:24:07.418  1931  2479 I mtkpower_client: perf_lock_acq, hdl:511882, dur:0, num:10, tid:2479
05-19 13:24:07.418  1078  1185 I libPowerHal: [perfLockRel] hdl:511882, idx:0
05-19 13:24:07.418  1078  1185 I libPowerHal: [PD] system_server update cmd:1c3c000 param:1
05-19 13:24:07.419  1078  1185 I libPowerHal: [PD] (more) /proc/mcdi/state set +prefix:enable 1;
05-19 13:24:07.419  1078  1185 I libPowerHal: [PD] system_server update cmd:2004100 param:2
05-19 13:24:07.419  1931  2479 I mtkpower_client: ret_hdl:511883
05-19 13:24:07.430  1176  1176 D Layer   : reparent to null sequence=251934, seq[4], name=ActivityRecord{3df1d50 u0 com.example.healthcare/.LabTestActivity}#251934
05-19 13:24:07.431  1176  1176 D OplusLayer: ~Layer() sequence=251780, name=Surface(name=33bba53 InputMethod)/@0xbdd8c45 - animation-leash of insets_animation#251780
05-19 13:24:07.431  1176  1176 D OplusLayer: ~Layer() sequence=251934, name=ActivityRecord{3df1d50 u0 com.example.healthcare/.LabTestActivity}#251934
05-19 13:24:07.431  1176  1176 D OplusLayer: ~Layer() sequence=251941, name=cce0b49 ActivityRecordInputSink com.example.healthcare/.LabTestActivity#251941
05-19 13:24:07.431 17158 17158 I GoogleInputMethodService: GoogleInputMethodService.onFinishInput():3261
05-19 13:24:07.432 17158 17158 I GoogleInputMethodService: GoogleInputMethodService.updateDeviceLockedStatus():2110 repeatCheckTimes = 0, locked = false
05-19 13:24:07.433  1931  4367 I FocusResolver: updateFocusedWindow,  on display 0, reason: Waiting for window because NOT_FOCUSABLE, result:   FocusedWindows: <none>
05-19 13:24:07.433 17158 17158 I GoogleInputMethodService: GoogleInputMethodService.onStartInput():1898 onStartInput(EditorInfo{inputType=0x0(NULL) imeOptions=0x0 privateImeOptions=null actionName=UNSPECIFIED actionLabel=null actionId=0 initialSelStart=-1 initialSelEnd=-1 initialCapsMode=0x0 hintText=null label=null packageName=com.example.healthcare fieldId=-1 fieldName=null extras=Bundle[{com.oplus.im.SCENES=0}] hintLocales=[]}, false)
05-19 13:24:07.433 17158 17158 I GoogleInputMethodService: GoogleInputMethodService.shouldHideHeaderOnInitialState():4088 ShouldHideHeaderOnInitialState = false
05-19 13:24:07.434 17158 17158 I GoogleInputMethodService: GoogleInputMethodService.updateDeviceLockedStatus():2110 repeatCheckTimes = 1, locked = false
05-19 13:24:07.436 15027 15027 D VRI[InstrumentationActivityInvoker$EmptyActivity]: onFocusEvent false
05-19 13:24:07.436 15027 15027 D LifecycleMonitor: Lifecycle status change: androidx.test.core.app.InstrumentationActivityInvoker$EmptyActivity@baf51e5 in: PAUSED
05-19 13:24:07.437 15027 15027 V ActivityScenario: Activity lifecycle changed event received but ignored because the intent does not match. startActivityIntent=Intent { act=android.intent.action.MAIN cat=[android.intent.category.LAUNCHER] flg=0x10008000 cmp=com.example.healthcare/.LabTestActivity }, activity.getIntent()=Intent { act=android.intent.action.MAIN cat=[android.intent.category.LAUNCHER] flg=0x10000000 cmp=com.example.healthcare/androidx.test.core.app.InstrumentationActivityInvoker$EmptyActivity mCallingUid=10495 }, activity=androidx.test.core.app.InstrumentationActivityInvoker$EmptyActivity@baf51e5
05-19 13:24:07.438  1931  4716 V SensorManager: call sensorServiceCommonInterface name: setScreenShotDisable
05-19 13:24:07.438  1931  4716 D SensorService: SensorService sensorServiceCommonInterface = setScreenShotDisable
05-19 13:24:07.438  1931  4716 D SensorServiceExtImpl: sensorServiceCommonInterface funcName = setScreenShotDisable, flag = 0, status = 0
05-19 13:24:07.438  1931  4716 D OplusUIFirst_FB: com.android.launcher activity event: []
05-19 13:24:07.438  1931  4716 D OplusUIFirst_FB: List of ThreadOp: size=0 []
05-19 13:24:07.438  1931  4716 D OplusUIFirst_FB: handleParaSwitch com.android.launcher null null 1
05-19 13:24:07.438  1931  4716 I OplusHansManager : front pkg: com.android.launcher, uid: 10106, prev pkg: com.example.healthcare, prev uid: 10495
05-19 13:24:07.438  1931  3113 I OplusHansManager : notifyAppGoForeground, uid=10106
05-19 13:24:07.438  1931  4716 D OplusUIFirst_FB: com.android.launcher activity event: []
05-19 13:24:07.438  1931  3113 I OplusHansManager : notifyAppGoBackground, uid=10495
05-19 13:24:07.439  1931  4716 D OplusUIFirst_FB: List of ThreadOp: size=0 []
05-19 13:24:07.439  1931  4716 D OplusUIFirst_FB: handleParaSwitch com.android.launcher null null 1
05-19 13:24:07.439  1931  2275 I Osense-DecisionMaker: notifySceneToAthenaPolicy: SCENE_LAUNCHER, bundle: Bundle[{prevPkgName=com.example.healthcare, curUid=10106, curPkgName=com.android.launcher, prevUid=10495}]
05-19 13:24:07.439  1931  3007 I OplusHansManager : uid=10495, pkg=com.example.healthcare enter SM
05-19 13:24:07.439  1931  3007 I OplusHansManager : uid=10495, pkg=com.example.healthcare R enter(), D stay=1
05-19 13:24:07.439  1931  2275 D Osense-DecisionMaker: getCurrentSysStats, availmemMb: 2286
05-19 13:24:07.439  1931  2275 D Osense-DecisionMaker: getCurrentSysStats, availmemMb: 2286
05-19 13:24:07.439  1931  2275 D Osense-DecisionMaker: getCurrentSysStats, availmemMb: 2286
05-19 13:24:07.439  1931  2275 D Osense-DecisionMaker: getCurrentSysStats, availmemMb: 2286
05-19 13:24:07.439  1931  3016 I OplusResourcePreloadManager: resume pkg: com.android.launcher, uid:10106, prev pkg: com.example.healthcare, prev uid: 10495
05-19 13:24:07.440  9567 31002 D VRI[Launcher]: dispatchAppVisibility visible:true
05-19 13:24:07.440  2821 25323 D VRI[Launcher]: dispatchAppVisibility visible:true
05-19 13:24:07.441  1931  4716 I PowerHalWrapper: amsBoostNotify pid:2821,activity:com.android.launcher.Launcher, package:com.android.launcher, mProcessCreatePackcom.example.healthcare
05-19 13:24:07.441  1931  4716 I PowerHalWrapper: state: 1
05-19 13:24:07.441  1931  4716 I mtkpower_client: [Legacy][PowerHal_Wrap_notifyAppState] com.android.launcher/com.android.launcher.Launcher pid=2821 state:1
05-19 13:24:07.441  1931  4716 I game_scn: collectForegroundAppList packName=com.android.launcher, actName=com.android.launcher.Launcher, pid=2821, uid=10106, state:RESUMED
05-19 13:24:07.442  1931  4716 I PowerHalWrapper: amsBoostNotify AMS_BOOST_PROCESS_CREATE_BOOST:false
05-19 13:24:07.442  1931  3161 V DCSEX-AppSwitchManager: OnAppSwitchObserver: onAppExit, resuming = com.android.launcher, target = com.example.healthcare, is ResumingFirstStart =  false, is ResumingMultiApp =  false, extensionInfo =  Bundle[{taskId=1643, uid=10106}]
05-19 13:24:07.442  1931  8040 D DCSEX-AppLaunchEventRecorder: onAppSwitch from = com.example.healthcare to = com.android.launcher
05-19 13:24:07.442  1931  8040 D DCSEX-AppLaunchEventRecorder: recordExitApp = com.example.healthcare
05-19 13:24:07.443  1931  8040 E OplusTrack-ApkInfoUtil: java.lang.NullPointerException: Attempt to invoke virtual method 'java.lang.Object android.os.Bundle.get(java.lang.String)' on a null object reference
05-19 13:24:07.443  1931  8040 W System.err: java.lang.NullPointerException: Attempt to invoke virtual method 'java.lang.Object android.os.Bundle.get(java.lang.String)' on a null object reference
05-19 13:24:07.443  1931  8040 W System.err: 	at t6.a.a(ApkInfoUtil.java:6)
05-19 13:24:07.443  1931  8040 W System.err: 	at m6.b.<init>(TrackEvent.java:10)
05-19 13:24:07.443  1931  8040 W System.err: 	at m6.a.<init>(CommonBean.java:1)
05-19 13:24:07.443  1931  8040 W System.err: 	at k6.f.b(OplusTrack.java:1)
05-19 13:24:07.443  1931  8040 W System.err: 	at q6.b$c.d(AppLaunchEventRecorder.java:9)
05-19 13:24:07.443  1931  8040 W System.err: 	at q6.b$c.a(AppLaunchEventRecorder.java:7)
05-19 13:24:07.443  1931  8040 W System.err: 	at q6.a.b(Unknown Source:2)
05-19 13:24:07.443  1931  8040 W System.err: 	at n6.c.accept(Unknown Source:1)
05-19 13:24:07.443  1931  8040 W System.err: 	at java.util.concurrent.CopyOnWriteArrayList.forEach(CopyOnWriteArrayList.java:811)
05-19 13:24:07.443  1931  8040 W System.err: 	at n6.b.run(Unknown Source:1)
05-19 13:24:07.443  1931  8040 W System.err: 	at java.util.concurrent.ThreadPoolExecutor.runWorker(ThreadPoolExecutor.java:1137)
05-19 13:24:07.443  1931  8040 W System.err: 	at java.util.concurrent.ThreadPoolExecutor$Worker.run(ThreadPoolExecutor.java:637)
05-19 13:24:07.443  1931  8040 W System.err: 	at java.lang.Thread.run(Thread.java:1012)
05-19 13:24:07.443  1931  8040 W OplusTrack-TrackEvent: appId is empty
05-19 13:24:07.443  1931  3161 D OplusLatencyOptimizerManager: enter pkg: com.android.launcher isPrevBlackAppTop: false mIsBlackAppTop: false
05-19 13:24:07.443  1931  2108 E Athena  : MemoryGuardAction: handleAppChange
05-19 13:24:07.444  1931  3161 V DCSEX-AppSwitchManager: OnAppSwitchObserver: onAppEnter, launchedFrom =  com.android.launcher, target =  com.android.launcher, is firstStart =  false, is multiApp =  false, extensionInfo =  Bundle[{taskId=1643, pid=2821, uid=10106, versionCode=13000012}]
05-19 13:24:07.444  1078  1185 I libPowerHal: [perfNotifyAppState] foreground:com.android.launcher, pid:2821, uid:10106
05-19 13:24:07.445  1078  1185 E UxUtility: notifyAppState error = NULL
05-19 13:24:07.445  1078  1185 I TouchUtility: notifyAppState error = NULL
05-19 13:24:07.446  3059 26552 I Athena  : AthenaDynamicReceiver: pre_app:com.example.healthcare, next_app:com.android.launcher(10106|2821)
05-19 13:24:07.447  1078  1116 I mtkpower@impl: [notifyAppState] pc:0, com.example.healthcare => com.android.launcher
05-19 13:24:07.447  1176  1176 D Layer   : reparent to null sequence=251956, seq[2], name=Surface(name=33bba53 InputMethod)/@0xbdd8c45 - animation-leash of insets_animation#251956
05-19 13:24:07.447  2821  2821 D VRI[Launcher]: setWindowStopped stopped:false
05-19 13:24:07.449  4710  5530 W Battery : ThermalControlUtils: mForegroundPkg=com.android.launcher
05-19 13:24:07.450  1176  1389 I VRR [FRTC]: setFrameRateTarget with [0, com.example.healthcare, 0, com.oplus.battery, 1, 0, 1000]
05-19 13:24:07.450  1931  4716 I PowerHalWrapper: amsBoostNotify pid:15027,activity:androidx.test.core.app.InstrumentationActivityInvoker$EmptyActivity, package:com.example.healthcare, mProcessCreatePackcom.example.healthcare
05-19 13:24:07.450  1176  1389 W VRR [FRTC]: invalid param { fps 0, proc_name com.example.healthcare, strict_mode 0, description com.oplus.battery, proc_id 0, rate_status 0, backend Surface, version 1, pid 0, uid 1000, enable at 2023-05-19 13:24:07, disable waiting } for current status.
05-19 13:24:07.450  1176  1389 W VRR [FRTC]: CurrentTarget size 0:
05-19 13:24:07.450  1931  4716 I PowerHalWrapper: state: 0
05-19 13:24:07.450  1931  4716 I mtkpower_client: [Legacy][PowerHal_Wrap_notifyAppState] com.example.healthcare/androidx.test.core.app.InstrumentationActivityInvoker$EmptyActivity pid=15027 state:0
05-19 13:24:07.450  1931  4716 I game_scn: collectForegroundAppList packName=com.example.healthcare, actName=androidx.test.core.app.InstrumentationActivityInvoker$EmptyActivity, pid=15027, uid=10495, state:PAUSED
05-19 13:24:07.450  1931  4716 I PowerHalWrapper: amsBoostNotify AMS_BOOST_PROCESS_CREATE_BOOST:false
05-19 13:24:07.451 28291 28392 I [0]DCS-StrategyManager: isNeedUpload: true, type: 1, appID: 0, logTag: , eventID:
05-19 13:24:07.453  2821  2821 D LauncherClient: getThreadPriority 0
05-19 13:24:07.453  1176  1389 I BufferQueueDebug: [com.android.launcher/com.android.launcher.Launcher#251958](this:0xb400006fb80b79e8,id:-1,api:0,p:-1,c:-1) BufferQueue core=(1176:/system/bin/surfaceflinger)
05-19 13:24:07.454 15027 15057 E TestRunner: failed: testItemClick(com.example.healthcare.LabTestActivityTest)
05-19 13:24:07.454 15027 15057 E TestRunner: ----- begin exception -----
05-19 13:24:07.454  1931  1958 D OplusUIFirst_FB: com.android.launcher moveToTop:[]
05-19 13:24:07.454  1931  1958 D OplusUIFirst_FB: List of ThreadOp: size=0 []
05-19 13:24:07.454  1931  1958 D OplusUIFirst_FB: com.android.launcher boost hint: 2821
05-19 13:24:07.454  1931  1958 D OplusUIFirst_FB: handleParaSwitch com.android.launcher null null 0
05-19 13:24:07.455  1931  1958 D OplusUIFirst_FB: com.android.launcher toForeOps: []
05-19 13:24:07.455  1931  1958 D OplusUIFirst_FB: List of ThreadOp: size=0 []
05-19 13:24:07.457 15027 15057 E TestRunner: androidx.test.espresso.PerformException: Error performing 'load adapter data' on view 'Animations or transitions are enabled on the target device.
05-19 13:24:07.457 15027 15057 E TestRunner: For more info check: https://developer.android.com/training/testing/espresso/setup#set-up-environment
05-19 13:24:07.457 15027 15057 E TestRunner:
05-19 13:24:07.457 15027 15057 E TestRunner: view.getId() is <2131231024/com.example.healthcare:id/listViewBMCart>'.
05-19 13:24:07.457 15027 15057 E TestRunner: 	at androidx.test.espresso.PerformException$Builder.build(PerformException.java:1)
05-19 13:24:07.457 15027 15057 E TestRunner: 	at androidx.test.espresso.base.PerformExceptionHandler.handleSafely(PerformExceptionHandler.java:8)
05-19 13:24:07.457 15027 15057 E TestRunner: 	at androidx.test.espresso.base.PerformExceptionHandler.handleSafely(PerformExceptionHandler.java:9)
05-19 13:24:07.457 15027 15057 E TestRunner: 	at androidx.test.espresso.base.DefaultFailureHandler$TypedFailureHandler.handle(DefaultFailureHandler.java:4)
05-19 13:24:07.457 15027 15057 E TestRunner: 	at androidx.test.espresso.base.DefaultFailureHandler.handle(DefaultFailureHandler.java:5)
05-19 13:24:07.457 15027 15057 E TestRunner: 	at androidx.test.espresso.ViewInteraction.waitForAndHandleInteractionResults(ViewInteraction.java:8)
05-19 13:24:07.457 15027 15057 E TestRunner: 	at androidx.test.espresso.ViewInteraction.desugaredPerform(ViewInteraction.java:11)
05-19 13:24:07.457 15027 15057 E TestRunner: 	at androidx.test.espresso.ViewInteraction.perform(ViewInteraction.java:8)
05-19 13:24:07.457 15027 15057 E TestRunner: 	at androidx.test.espresso.DataInteraction$DisplayDataMatcher$1.apply(DataInteraction.java:1)
05-19 13:24:07.457 15027 15057 E TestRunner: 	at androidx.test.espresso.DataInteraction$DisplayDataMatcher$1.apply(DataInteraction.java:2)
05-19 13:24:07.457 15027 15057 E TestRunner: 	at androidx.test.espresso.DataInteraction$DisplayDataMatcher.<init>(DataInteraction.java:7)
05-19 13:24:07.457 15027 15057 E TestRunner: 	at androidx.test.espresso.DataInteraction$DisplayDataMatcher.<init>(DataInteraction.java:13)
05-19 13:24:07.457 15027 15057 E TestRunner: 	at androidx.test.espresso.DataInteraction$DisplayDataMatcher.displayDataMatcher(DataInteraction.java:1)
05-19 13:24:07.457 15027 15057 E TestRunner: 	at androidx.test.espresso.DataInteraction.makeTargetMatcher(DataInteraction.java:2)
05-19 13:24:07.457 15027 15057 E TestRunner: 	at androidx.test.espresso.DataInteraction.perform(DataInteraction.java:1)
05-19 13:24:07.457 15027 15057 E TestRunner: 	at com.example.healthcare.LabTestActivityTest.testItemClick(LabTestActivityTest.java:53)
05-19 13:24:07.457 15027 15057 E TestRunner: 	at java.lang.reflect.Method.invoke(Native Method)
05-19 13:24:07.457 15027 15057 E TestRunner: 	at org.junit.runners.model.FrameworkMethod$1.runReflectiveCall(FrameworkMethod.java:59)
05-19 13:24:07.457 15027 15057 E TestRunner: 	at org.junit.internal.runners.model.ReflectiveCallable.run(ReflectiveCallable.java:12)
05-19 13:24:07.457 15027 15057 E TestRunner: 	at org.junit.runners.model.FrameworkMethod.invokeExplosively(FrameworkMethod.java:56)
05-19 13:24:07.457 15027 15057 E TestRunner: 	at org.junit.internal.runners.statements.InvokeMethod.evaluate(InvokeMethod.java:17)
05-19 13:24:07.457 15027 15057 E TestRunner: 	at androidx.test.internal.runner.junit4.statement.RunBefores.evaluate(RunBefores.java:80)
05-19 13:24:07.457 15027 15057 E TestRunner: 	at androidx.test.internal.runner.junit4.statement.RunAfters.evaluate(RunAfters.java:61)
05-19 13:24:07.457 15027 15057 E TestRunner: 	at org.junit.rules.ExternalResource$1.evaluate(ExternalResource.java:54)
05-19 13:24:07.457 15027 15057 E TestRunner: 	at org.junit.runners.ParentRunner$3.evaluate(ParentRunner.java:306)
05-19 13:24:07.457 15027 15057 E TestRunner: 	at org.junit.runners.BlockJUnit4ClassRunner$1.evaluate(BlockJUnit4ClassRunner.java:100)
05-19 13:24:07.457 15027 15057 E TestRunner: 	at org.junit.runners.ParentRunner.runLeaf(ParentRunner.java:366)
05-19 13:24:07.457 15027 15057 E TestRunner: 	at org.junit.runners.BlockJUnit4ClassRunner.runChild(BlockJUnit4ClassRunner.java:103)
05-19 13:24:07.457 15027 15057 E TestRunner: 	at org.junit.runners.BlockJUnit4ClassRunner.runChild(BlockJUnit4ClassRunner.java:63)
05-19 13:24:07.457 15027 15057 E TestRunner: 	at org.junit.runners.ParentRunner$4.run(ParentRunner.java:331)
05-19 13:24:07.457 15027 15057 E TestRunner: 	at org.junit.runners.ParentRunner$1.schedule(ParentRunner.java:79)
05-19 13:24:07.457 15027 15057 E TestRunner: 	at org.junit.runners.ParentRunner.runChildren(ParentRunner.java:329)
05-19 13:24:07.457 15027 15057 E TestRunner: 	at org.junit.runners.ParentRunner.access$100(ParentRunner.java:66)
05-19 13:24:07.457 15027 15057 E TestRunner: 	at org.junit.runners.ParentRunner$2.evaluate(ParentRunner.java:293)
05-19 13:24:07.457 15027 15057 E TestRunner: 	at org.junit.runners.ParentRunner$3.evaluate(ParentRunner.java:306)
05-19 13:24:07.457 15027 15057 E TestRunner: 	at org.junit.runners.ParentRunner.run(ParentRunner.java:413)
05-19 13:24:07.457 15027 15057 E TestRunner: 	at androidx.test.ext.junit.runners.AndroidJUnit4.run(AndroidJUnit4.java:162)
05-19 13:24:07.457 15027 15057 E TestRunner: 	at org.junit.runners.Suite.runChild(Suite.java:128)
05-19 13:24:07.457 15027 15057 E TestRunner: 	at org.junit.runners.Suite.runChild(Suite.java:27)
05-19 13:24:07.457 15027 15057 E TestRunner: 	at org.junit.runners.ParentRunner$4.run(ParentRunner.java:331)
05-19 13:24:07.457 15027 15057 E TestRunner: 	at org.junit.runners.ParentRunner$1.schedule(ParentRunner.java:79)
05-19 13:24:07.457 15027 15057 E TestRunner: 	at org.junit.runners.ParentRunner.runChildren(ParentRunner.java:329)
05-19 13:24:07.457 15027 15057 E TestRunner: 	at org.junit.runners.ParentRunner.access$100(ParentRunner.java:66)
05-19 13:24:07.457 15027 15057 E TestRunner: 	at org.junit.runners.ParentRunner$2.evaluate(ParentRunner.java:293)
05-19 13:24:07.457 15027 15057 E TestRunner: 	at org.junit.runners.ParentRunner$3.evaluate(ParentRunner.java:306)
05-19 13:24:07.457 15027 15057 E TestRunner: 	at org.junit.runners.ParentRunner.run(ParentRunner.java:413)
05-19 13:24:07.457 15027 15057 E TestRunner: 	at org.junit.runner.JUnitCore.run(JUnitCore.java:137)
05-19 13:24:07.457 15027 15057 E TestRunner: 	at org.junit.runner.JUnitCore.run(JUnitCore.java:115)
05-19 13:24:07.457 15027 15057 E TestRunner: 	at androidx.test.internal.runner.TestExecutor.execute(TestExecutor.java:67)
05-19 13:24:07.457 15027 15057 E TestRunner: 	at androidx.test.internal.runner.TestExecutor.execute(TestExecutor.java:58)
05-19 13:24:07.457 15027 15057 E TestRunner: 	at androidx.test.runner.AndroidJUnitRunner.onStart(AndroidJUnitRunner.java:446)
05-19 13:24:07.457 15027 15057 E TestRunner: 	at android.app.Instrumentation$InstrumentationThread.run(Instrumentation.java:2348)
05-19 13:24:07.457 15027 15057 E TestRunner: Caused by: java.lang.RuntimeException: No data found matching: view.getId() is <2131231024> contained values: <[Data: {line5=Total Cost:200, line4=, line3=, line2=, line1=Package 1 : Full Body Checkup} (class: java.util.HashMap) token: 0, Data: {line5=Total Cost:299, line4=, line3=, line2=, line1=Package 2 : Blood Glucose Fasting} (class: java.util.HashMap) token: 1, Data: {line5=Total Cost:70, line4=, line3=, line2=, line1=Package 3 : COVID-19 Antibody - IgG} (class: java.util.HashMap) token: 2, Data: {line5=Total Cost:130, line4=, line3=, line2=, line1=Package 4 : Thyroid Check} (class: java.util.HashMap) token: 3, Data: {line5=Total Cost:170, line4=, line3=, line2=, line1=Package 5 : Immunity Check} (class: java.util.HashMap) token: 4]>
05-19 13:24:07.457 15027 15057 E TestRunner: 	at androidx.test.espresso.action.AdapterDataLoaderAction.perform(AdapterDataLoaderAction.java:15)
05-19 13:24:07.457 15027 15057 E TestRunner: 	at androidx.test.espresso.ViewInteraction$SingleExecutionViewAction.perform(ViewInteraction.java:2)
05-19 13:24:07.457 15027 15057 E TestRunner: 	at androidx.test.espresso.ViewInteraction.doPerform(ViewInteraction.java:25)
05-19 13:24:07.457 15027 15057 E TestRunner: 	at androidx.test.espresso.ViewInteraction.-$$Nest$mdoPerform(Unknown Source:0)
05-19 13:24:07.457 15027 15057 E TestRunner: 	at androidx.test.espresso.ViewInteraction$1.call(ViewInteraction.java:7)
05-19 13:24:07.457 15027 15057 E TestRunner: 	at androidx.test.espresso.ViewInteraction$1.call(ViewInteraction.java:1)
05-19 13:24:07.457 15027 15057 E TestRunner: 	at java.util.concurrent.FutureTask.run(FutureTask.java:264)
05-19 13:24:07.457 15027 15057 E TestRunner: 	at android.os.Handler.handleCallback(Handler.java:942)
05-19 13:24:07.457 15027 15057 E TestRunner: 	at android.os.Handler.dispatchMessage(Handler.java:99)
05-19 13:24:07.457 15027 15057 E TestRunner: 	at android.os.Looper.loopOnce(Looper.java:240)
05-19 13:24:07.457 15027 15057 E TestRunner: 	at android.os.Looper.loop(Looper.java:351)
05-19 13:24:07.457 15027 15057 E TestRunner: 	at android.app.ActivityThread.main(ActivityThread.java:8380)
05-19 13:24:07.457 15027 15057 E TestRunner: 	at java.lang.reflect.Method.invoke(Native Method)
05-19 13:24:07.457 15027 15057 E TestRunner: 	at com.android.internal.os.RuntimeInit$MethodAndArgsCaller.run(RuntimeInit.java:584)
05-19 13:24:07.457 15027 15057 E TestRunner: 	at com.android.internal.os.ZygoteInit.main(ZygoteInit.java:1013)
05-19 13:24:07.457 15027 15057 E TestRunner: ----- end exception -----
05-19 13:24:07.458  1931  1958 D OplusUIFirst_FB: com.google.android.googlequicksearchbox toForeOps: []
05-19 13:24:07.459  1931  1958 D OplusUIFirst_FB: List of ThreadOp: size=0 []
05-19 13:24:07.460  1931  1958 D OplusUIFirst_FB: com.example.healthcare moveToBack 15027
05-19 13:24:07.464  1176  1381 D [OSIE]  : scltmLayer_name VRI[Launcher][com.android.launcher/com.android.launcher.Launcher]
05-19 13:24:07.464  1176  1381 D [OSIE]  : IsSCLTMLayer=0
05-19 13:24:07.464  9567  9567 D BufferQueueConsumer: [](id:255f0000024a,api:0,p:-1,c:9567) connect: controlledByApp=false
05-19 13:24:07.464  9567  9567 E IPCThreadState: attemptIncStrongHandle(86): Not supported
05-19 13:24:07.466  9567  9567 D VRI[Launcher]: registerCallbacksForSync syncBuffer=false
05-19 13:24:07.467  1176  1381 I BufferQueueDebug: [com.android.launcher/com.android.launcher.Launcher#251959](this:0xb400006f961fe9e8,id:-1,api:0,p:-1,c:-1) BufferQueue core=(1176:/system/bin/surfaceflinger)
05-19 13:24:07.469  4710  5530 W Battery : ThermalControllHandler: tempLevel=5,userMode=3,gameUserMode=7,appType=-1,envTempType=0,appStates=[]
05-19 13:24:07.469  4710  5530 W Battery : ThermalControllerCenter: mSafetyState=10000
05-19 13:24:07.470  1931  1958 D OplusUIFirst_FB: com.coloros.assistantscreen toForeOps: []
05-19 13:24:07.470  1931  1958 D OplusUIFirst_FB: List of ThreadOp: size=0 []
05-19 13:24:07.471  3728 19778 D OplusAtlas.OplusAtlasEventDispatch: setEvent:atlas_event_on_foreground_activities_changed info:pid:2821,uid:10106,hasForegroundActivities:1
05-19 13:24:07.471  3728  4872 D OplusAtlas.OplusAudioScene: callback success event:atlas_event_on_foreground_activities_changed eventInfo:pid:2821,uid:10106,hasForegroundActivities:1
05-19 13:24:07.471  4710  5530 W Battery : ThermalControllHandler: tempGear=5,configItemName=common_config
05-19 13:24:07.472  3728  5211 D OplusAtlas.OplusMessageHandler: handleMessage: Msg { when=-1ms what=2 obj=com.oplus.atlas.OplusAtlasEvent@f0cd3f5 target=com.oplus.atlas.OplusMessageHandler$MyHandler }
05-19 13:24:07.473  1092  1092 D vendor.oplus.hardware.charger@1.0-service: set cooldown:7,  normalCoolDown:7
05-19 13:24:07.474  4710  6057 W Battery : ThermalControllHandler: MSG_THERMAL_CONTROL_CATEGORY_CHANGED
05-19 13:24:07.474  4993  3930 V DeepThinker: ProcessManager: onForegroundActivitiesChanged pid:2821, uid:10106, foregroundActivities:true
05-19 13:24:07.476  1931  4716 D Theia.NoFocusWindow: FocusWindowErrorScene cancelCheckFreezeScreen
05-19 13:24:07.477 15027 15057 I TestRunner: finished: testItemClick(com.example.healthcare.LabTestActivityTest)
