05-19 13:24:11.237  1176  1176 D Layer   : reparent to null sequence=252068, seq[2], name=Surface(name=28e464 NavigationBar0)/@0xde740b - animation-leash of insets_animation#252068
05-19 13:24:11.238  1176  1176 D OplusLayer: ~Layer() sequence=252063, name=Surface(name=33bba53 InputMethod)/@0xbdd8c45 - animation-leash of insets_animation#252063
05-19 13:24:11.238  1176  1176 D OplusLayer: ~Layer() sequence=252067, name=Surface(name=c402886 StatusBar)/@0xaf05d85 - animation-leash of insets_animation#252067
05-19 13:24:11.238 15027 15128 D VRI[LabTestActivity]: dispatchAppVisibility visible:false
05-19 13:24:11.238  1176  1176 D OplusLayer: ~Layer() sequence=252068, name=Surface(name=28e464 NavigationBar0)/@0xde740b - animation-leash of insets_animation#252068
05-19 13:24:11.241  1931  6256 I FocusResolver: updateFocusedWindow, 905dcd3 com.example.healthcare/com.example.healthcare.HomeActivity on display 0, reason: Window became focusable. Previous reason: NO_WINDOW, result:   FocusedWindows:
05-19 13:24:11.241  1931  6256 I FocusResolver:     displayId=0, name='905dcd3 com.example.healthcare/com.example.healthcare.HomeActivity'
05-19 13:24:11.242  1931  1959 D BLASTBufferQueue: [bbq-adapter#8425](f:0,a:1) destructor()
05-19 13:24:11.242  1176  1176 I DispPerfService: updateLayerMask 0
05-19 13:24:11.242  1931  1959 D BufferQueueConsumer: [bbq-adapter#8425(BLAST Consumer)8425](id:78b00002ec8,api:0,p:-1,c:1931) disconnect
05-19 13:24:11.248  1931  1959 D BLASTBufferQueue: [bbq-adapter#8424](f:0,a:1) destructor()
05-19 13:24:11.248  1931  1959 D BufferQueueConsumer: [bbq-adapter#8424(BLAST Consumer)8424](id:78b00002ec7,api:0,p:-1,c:1931) disconnect
05-19 13:24:11.253  1176  1176 D Layer   : reparent to null sequence=252036, seq[6], name=com.example.healthcare/com.example.healthcare.LabTestActivity#252036
05-19 13:24:11.254  1176  1176 D Layer   : reparent to null sequence=252054, seq[85], name=Surface(name=ActivityRecord{9291269 u0 com.example.healthcare/.LabTestActivity})/@0x73f4458 - animation-leash of app_transition#252054
05-19 13:24:11.254  1176  1176 D Layer   : reparent to null sequence=252061, seq[4], name=Right Edge Extension#252061
05-19 13:24:11.254  1176  1176 D Layer   : reparent to null sequence=252055, seq[1], name=Surface(name=ActivityRecord{9291269 u0 com.example.healthcare/.LabTestActivity})/@0x73f4458 - animation-bounds#252055
05-19 13:24:11.254  1176  1176 D Layer   : reparent to null sequence=252035, seq[3], name=8b1e105 com.example.healthcare/com.example.healthcare.LabTestActivity#252035
05-19 13:24:11.254  1176  1176 D Layer   : reparent to null sequence=252052, seq[85], name=Surface(name=ActivityRecord{342bec8 u0 com.example.healthcare/.HomeActivity})/@0x101861f - animation-leash of app_transition#252052
05-19 13:24:11.254  1176  1176 D Layer   : reparent to null sequence=252059, seq[4], name=Left Edge Extension#252059
05-19 13:24:11.254  1176  1176 D Layer   : reparent to null sequence=252053, seq[2], name=Surface(name=ActivityRecord{342bec8 u0 com.example.healthcare/.HomeActivity})/@0x101861f - animation-bounds#252053
05-19 13:24:11.255  1176  1176 D OplusLayer: ~Layer() sequence=252035, name=8b1e105 com.example.healthcare/com.example.healthcare.LabTestActivity#252035
05-19 13:24:11.255  1176  1176 I BufferQueueDebug: [com.example.healthcare/com.example.healthcare.LabTestActivity#252036](this:0xb400006fb3ffb9e8,id:-1,api:0,p:-1,c:1176) onDestructor()
05-19 13:24:11.255  1176  1176 D OplusLayer: ~Layer() sequence=252036, name=com.example.healthcare/com.example.healthcare.LabTestActivity#252036
05-19 13:24:11.255  1176  1176 D OplusLayer: ~Layer() sequence=252055, name=Surface(name=ActivityRecord{9291269 u0 com.example.healthcare/.LabTestActivity})/@0x73f4458 - animation-bounds#252055
05-19 13:24:11.255  1176  1176 D OplusLayer: ~Layer() sequence=252054, name=Surface(name=ActivityRecord{9291269 u0 com.example.healthcare/.LabTestActivity})/@0x73f4458 - animation-leash of app_transition#252054
05-19 13:24:11.255  1176  1176 I BufferQueueDebug: [Right Edge Extension#252061](this:0xb400006fc3b989e8,id:-1,api:0,p:-1,c:1176) onDestructor()
05-19 13:24:11.255  1176  1176 D OplusLayer: ~Layer() sequence=252061, name=Right Edge Extension#252061
05-19 13:24:11.256  1176  1176 I BufferQueueDebug: [bbq-wrapper#252062](this:0xb400006fb81979e8,id:-1,api:0,p:-1,c:1176) onDestructor()
05-19 13:24:11.256  1176  1176 D OplusLayer: ~Layer() sequence=252062, name=bbq-wrapper#252062 Right Edge Extension#252061
05-19 13:24:11.256  1176  1176 D OplusLayer: ~Layer() sequence=252053, name=Surface(name=ActivityRecord{342bec8 u0 com.example.healthcare/.HomeActivity})/@0x101861f - animation-bounds#252053
05-19 13:24:11.256  1176  1176 D OplusLayer: ~Layer() sequence=252052, name=Surface(name=ActivityRecord{342bec8 u0 com.example.healthcare/.HomeActivity})/@0x101861f - animation-leash of app_transition#252052
05-19 13:24:11.256  1176  1176 I BufferQueueDebug: [Left Edge Extension#252059](this:0xb400006f8dffe9e8,id:-1,api:0,p:-1,c:1176) onDestructor()
05-19 13:24:11.256  1176  1176 D OplusLayer: ~Layer() sequence=252059, name=Left Edge Extension#252059
05-19 13:24:11.256  1176  1176 I BufferQueueDebug: [bbq-wrapper#252060](this:0xb400006fb815b9e8,id:-1,api:0,p:-1,c:1176) onDestructor()
05-19 13:24:11.256  1176  1176 D OplusLayer: ~Layer() sequence=252060, name=bbq-wrapper#252060 Left Edge Extension#252059
05-19 13:24:11.257 15027 15027 D BLASTBufferQueue: [VRI[InstrumentationActivityInvoker$EmptyActivity][com.example.healthcare/androidx.test.core.app.InstrumentationActivityInvoker$EmptyActivity]#7](f:0,a:1) destructor()
05-19 13:24:11.257 15027 15027 D BufferQueueConsumer: [VRI[InstrumentationActivityInvoker$EmptyActivity][com.example.healthcare/androidx.test.core.app.InstrumentationActivityInvoker$EmptyActivity]#7(BLAST Consumer)7](id:3ab300000007,api:0,p:-1,c:15027) disconnect
05-19 13:24:11.259 15027 15027 D VRI[HomeActivity]: onFocusEvent true
05-19 13:24:11.262 15027 15027 D VRI[InstrumentationActivityInvoker$EmptyActivity]: setWindowStopped stopped:true
05-19 13:24:11.268 15027 15027 D LifecycleMonitor: Lifecycle status change: androidx.test.core.app.InstrumentationActivityInvoker$EmptyActivity@1095850 in: STOPPED
05-19 13:24:11.269 15027 15027 V ActivityScenario: Activity lifecycle changed event received but ignored because the intent does not match. startActivityIntent=Intent { act=android.intent.action.MAIN cat=[android.intent.category.LAUNCHER] flg=0x10008000 cmp=com.example.healthcare/.LabTestActivity }, activity.getIntent()=Intent { act=android.intent.action.MAIN cat=[android.intent.category.LAUNCHER] flg=0x10000000 cmp=com.example.healthcare/androidx.test.core.app.InstrumentationActivityInvoker$EmptyActivity mCallingUid=10495 }, activity=androidx.test.core.app.InstrumentationActivityInvoker$EmptyActivity@1095850
05-19 13:24:11.270 15027 15027 D LifecycleMonitor: Lifecycle status change: androidx.test.core.app.InstrumentationActivityInvoker$EmptyActivity@1095850 in: DESTROYED
05-19 13:24:11.270  1176  1176 D Layer   : reparent to null sequence=252027, seq[4], name=ActivityRecord{9291269 u0 com.example.healthcare/.LabTestActivity}#252027
05-19 13:24:11.270 15027 15027 V ActivityScenario: Activity lifecycle changed event received but ignored because the intent does not match. startActivityIntent=Intent { act=android.intent.action.MAIN cat=[android.intent.category.LAUNCHER] flg=0x10008000 cmp=com.example.healthcare/.LabTestActivity }, activity.getIntent()=Intent { act=android.intent.action.MAIN cat=[android.intent.category.LAUNCHER] flg=0x10000000 cmp=com.example.healthcare/androidx.test.core.app.InstrumentationActivityInvoker$EmptyActivity mCallingUid=10495 }, activity=androidx.test.core.app.InstrumentationActivityInvoker$EmptyActivity@1095850
05-19 13:24:11.271 15027 15027 D OplusScrollToTopManager: unregisterGuidePopupDismissReceiverInSystemUI
05-19 13:24:11.271 15027 15027 D OplusScrollToTopManager: Receiver not registered: android.view.OplusScrollToTopManager$1@eaef1f3
05-19 13:24:11.271 15027 15027 D OplusScrollToTopManager: unregisterSystemUIBroadcastReceiver
05-19 13:24:11.271  1176  1176 D OplusLayer: ~Layer() sequence=252027, name=ActivityRecord{9291269 u0 com.example.healthcare/.LabTestActivity}#252027
05-19 13:24:11.271  1176  1176 D OplusLayer: ~Layer() sequence=252034, name=4f04ee ActivityRecordInputSink com.example.healthcare/.LabTestActivity#252034
05-19 13:24:11.271 15027 15027 D OplusScrollToTopManager: java.lang.IllegalArgumentException: Receiver not registered: android.view.OplusScrollToTopManager$2@3273eb0
05-19 13:24:11.273  1931  4716 W InputManager-JNI: Input channel object '1de98cd com.example.healthcare/androidx.test.core.app.InstrumentationActivityInvoker$EmptyActivity (client)' was disposed without first being removed with the input manager!
05-19 13:24:11.287  1176  1176 D Layer   : reparent to null sequence=252066, seq[7], name=com.example.healthcare/androidx.test.core.app.InstrumentationActivityInvoker$EmptyActivity#252066
05-19 13:24:11.287  1176  1176 D Layer   : reparent to null sequence=252065, seq[5], name=1de98cd com.example.healthcare/androidx.test.core.app.InstrumentationActivityInvoker$EmptyActivity#252065
05-19 13:24:11.287 17158 17158 I GoogleInputMethodService: GoogleInputMethodService.onFinishInput():3261
05-19 13:24:11.287  1176  1176 D Layer   : reparent to null sequence=252070, seq[3], name=Surface(name=33bba53 InputMethod)/@0xbdd8c45 - animation-leash of insets_animation#252070
05-19 13:24:11.287  1176  1176 D OplusLayer: ~Layer() sequence=252014, name=Surface(name=33bba53 InputMethod)/@0xbdd8c45 - animation-leash of insets_animation#252014
05-19 13:24:11.288  1176  1176 D OplusLayer: ~Layer() sequence=252065, name=1de98cd com.example.healthcare/androidx.test.core.app.InstrumentationActivityInvoker$EmptyActivity#252065
05-19 13:24:11.288  1176  1176 I BufferQueueDebug: [com.example.healthcare/androidx.test.core.app.InstrumentationActivityInvoker$EmptyActivity#252066](this:0xb400006fc3ba89e8,id:-1,api:0,p:-1,c:1176) onDestructor()
05-19 13:24:11.288 17158 17158 I GoogleInputMethodService: GoogleInputMethodService.updateDeviceLockedStatus():2110 repeatCheckTimes = 0, locked = false
05-19 13:24:11.288  1176  1176 D OplusLayer: ~Layer() sequence=252066, name=com.example.healthcare/androidx.test.core.app.InstrumentationActivityInvoker$EmptyActivity#252066
05-19 13:24:11.288  1176  1176 D OplusLayer: ~Layer() sequence=252070, name=Surface(name=33bba53 InputMethod)/@0xbdd8c45 - animation-leash of insets_animation#252070
05-19 13:24:11.288 17158 17158 I GoogleInputMethodService: GoogleInputMethodService.onStartInput():1898 onStartInput(EditorInfo{inputType=0x0(NULL) imeOptions=0x0 privateImeOptions=null actionName=UNSPECIFIED actionLabel=null actionId=0 initialSelStart=-1 initialSelEnd=-1 initialCapsMode=0x0 hintText=null label=null packageName=com.example.healthcare fieldId=2131230853 fieldName=null extras=Bundle[{com.oplus.im.SCENES=0}] hintLocales=[]}, false)
05-19 13:24:11.288 17158 17158 I GoogleInputMethodService: GoogleInputMethodService.shouldHideHeaderOnInitialState():4088 ShouldHideHeaderOnInitialState = false
05-19 13:24:11.289 17158 17158 I GoogleInputMethodService: GoogleInputMethodService.updateDeviceLockedStatus():2110 repeatCheckTimes = 1, locked = false
05-19 13:24:11.303  1078  1119 I mtkpower@impl: [setMode] type:5, enabled:0
05-19 13:24:11.303 15027 15057 I TestRunner: finished: testBackButton(com.example.healthcare.LabTestActivityTest)
