05-19 13:24:09.972 15027 15057 I TestRunner: started: testBackButton(com.example.healthcare.LabTestActivityTest)
05-19 13:24:09.979  1176  1176 D Layer   : reparent to null sequence=251983, seq[8], name=ActivityRecord{543ac98 u0 com.example.healthcare/.CartLabActivity}#251983
05-19 13:24:09.979  1176  1176 D Layer   : reparent to null sequence=251968, seq[5], name=Task=2210#251968
05-19 13:24:09.979  1176  1176 D Layer   : reparent to null sequence=252025, seq[2], name=Task=2210#252025
05-19 13:24:09.979  1176  1176 D OplusLayer: ~Layer() sequence=251983, name=ActivityRecord{543ac98 u0 com.example.healthcare/.CartLabActivity}#251983
05-19 13:24:09.979  1176  1176 D OplusLayer: ~Layer() sequence=251997, name=1f6fcf1 ActivityRecordInputSink com.example.healthcare/.CartLabActivity#251997
05-19 13:24:09.979  1176  1176 D OplusLayer: ~Layer() sequence=252025, name=Task=2210#252025
05-19 13:24:09.986 15027 15057 W Settings: Setting always_finish_activities has moved from android.provider.Settings.System to android.provider.Settings.Global, returning read-only value.
05-19 13:24:09.994  1931  2479 I mtkpower_client: perf_lock_rel, hdl:511905, tid:2479
05-19 13:24:09.995  1931  2479 I mtkpower_client: perf_lock_acq, hdl:511905, dur:0, num:10, tid:2479
05-19 13:24:09.995  1078  1185 I libPowerHal: [perfLockRel] hdl:511905, idx:0
05-19 13:24:09.996  1078  1185 I libPowerHal: system_server: cpu_ctrl set cpu freq: -1 -1 -1 -1
05-19 13:24:09.996  1078  1185 I libPowerHal: [PD] system_server update cmd:1c3c000 param:1
05-19 13:24:09.996  1078  1185 I libPowerHal: [PD] (more) /proc/mcdi/state set +prefix:enable 1;
05-19 13:24:09.996  1078  1185 I libPowerHal: [PD] system_server update cmd:2004100 param:2
05-19 13:24:09.997  1931  2479 I mtkpower_client: ret_hdl:511906
05-19 13:24:09.998  1078  1185 I libPowerHal: system_server: cpu_ctrl set cpu freq: 2000000 -1 2200000 -1
05-19 13:24:10.003  1078  1119 I mtkpower@impl: [setMode] type:5, enabled:1
05-19 13:24:10.006  1931  2802 I PowerHalWrapper: <amsBoostResume> last:com.android.launcher, next:com.example.healthcare
05-19 13:24:10.007  1078  1185 I libPowerHal: [perfLockRel] hdl:511903, idx:2
05-19 13:24:10.007  1078  1185 I libPowerHal: [PD] MTKPOWER_HINT_EXT_LAUNCH update cmd:2020000 param:1
05-19 13:24:10.008  1176  1389 I SurfaceFlinger: [SF client] NEW(0xb400006fb8032ec0) for (2431:com.android.systemui)
05-19 13:24:10.011  2431  2556 W OplusSlideAnimOptHelper: initScrollOpt: not running in mainthread
05-19 13:24:10.011  1931  2802 D OplusAlwaysAliveManager: new task launch with process exists: ActivityRecord{9291269 u0 com.example.healthcare/.LabTestActivity} t2211}, processName: com.example.healthcare
05-19 13:24:10.011  1931  2802 D OplusUIFirst_FB: com.example.healthcare activity event: []
05-19 13:24:10.011  1931  2802 D OplusUIFirst_FB: List of ThreadOp: size=0 []
05-19 13:24:10.012  2431  2556 D WindowManager: Add to mViews: android.widget.FrameLayout{c1d690c V.E...... ......I. 0,0-0,0},pkg= com.example.healthcare
05-19 13:24:10.013  1931  2802 V SensorManager: call sensorServiceCommonInterface name: setScreenShotDisable
05-19 13:24:10.013  1931  2802 D SensorService: SensorService sensorServiceCommonInterface = setScreenShotDisable
05-19 13:24:10.013  1931  2802 D SensorServiceExtImpl: sensorServiceCommonInterface funcName = setScreenShotDisable, flag = 0, status = 0
05-19 13:24:10.014  1931  2802 D OplusUIFirst_FB: com.example.healthcare activity event: []
05-19 13:24:10.014  1931  2802 D OplusUIFirst_FB: List of ThreadOp: size=0 []
05-19 13:24:10.014  1931  2802 D OplusUIFirst_FB: handleParaSwitch com.example.healthcare null null 1
05-19 13:24:10.014  1931  2802 I OplusHansManager : front pkg: com.example.healthcare, uid: 10495, prev pkg: com.android.launcher, prev uid: 10106
05-19 13:24:10.014  1931  3113 I OplusHansManager : notifyAppGoForeground, uid=10495
05-19 13:24:10.014  1931  2802 D OplusUIFirst_FB: com.example.healthcare activity event: []
05-19 13:24:10.014  1931  2802 D OplusUIFirst_FB: List of ThreadOp: size=0 []
05-19 13:24:10.014  1931  2802 D OplusUIFirst_FB: handleParaSwitch com.example.healthcare null null 1
05-19 13:24:10.014  1931  3113 I OplusHansManager : notifyAppGoBackground, uid=10106
05-19 13:24:10.014  1931  2275 I Osense-DecisionMaker: notifySceneToAthenaPolicy: SCENE_APP_SWITCH, bundle: Bundle[{prevPkgName=com.android.launcher, curUid=10495, curPkgName=com.example.healthcare, prevUid=10106}]
05-19 13:24:10.014  1931  2275 I Osense-DecisionMaker: scene: SCENE_APP_SWITCH, excutingPolicy: freezer
05-19 13:24:10.015  1931  2275 D Osense-DecisionMaker: invoke freezer policy,type: fast
05-19 13:24:10.015  1931  3016 I OplusResourcePreloadManager: resume pkg: com.example.healthcare, uid:10495, prev pkg: com.android.launcher, prev uid: 10106
05-19 13:24:10.015  1931  3007 I OplusHansManager : uid=10495, pkg=com.example.healthcare R exit SM
05-19 13:24:10.015  1931  3007 I OplusHansManager : uid=10495, pkg=com.example.healthcare R exit(), R stay=0
05-19 13:24:10.020  1931  2802 I PowerHalWrapper: amsBoostNotify pid:15027,activity:com.example.healthcare.LabTestActivity, package:com.example.healthcare, mProcessCreatePackcom.example.healthcare
05-19 13:24:10.020  1931  2802 I PowerHalWrapper: state: 1
05-19 13:24:10.020  1931  2802 I mtkpower_client: [Legacy][PowerHal_Wrap_notifyAppState] com.example.healthcare/com.example.healthcare.LabTestActivity pid=15027 state:1
05-19 13:24:10.020  1931  2802 I game_scn: collectForegroundAppList packName=com.example.healthcare, actName=com.example.healthcare.LabTestActivity, pid=15027, uid=10495, state:RESUMED
05-19 13:24:10.021  1931  2802 I PowerHalWrapper: amsBoostNotify AMS_BOOST_PROCESS_CREATE_BOOST:false
05-19 13:24:10.021  1078  1185 I libPowerHal: [perfNotifyAppState] foreground:com.example.healthcare, pid:15027, uid:10495
05-19 13:24:10.021  1931  2802 I InputDispatcher: setFocusedApplication displayId=0 ActivityRecord{9291269 u0 com.example.healthcare/.LabTestActivity} t2211}
05-19 13:24:10.022  1078  1185 E UxUtility: notifyAppState error = NULL
05-19 13:24:10.022  1078  1185 I TouchUtility: notifyAppState error = NULL
05-19 13:24:10.022  1931  2802 D Theia.NoFocusWindow: FocusWindowErrorScene CheckFreezeScreen
05-19 13:24:10.022  1078  1116 I mtkpower@impl: [notifyAppState] pc:0, com.android.launcher => com.example.healthcare
05-19 13:24:10.023  1931  2479 I mtkpower_client: perf_lock_rel, hdl:511906, tid:2479
05-19 13:24:10.023  1931  2479 I mtkpower_client: perf_lock_acq, hdl:511906, dur:0, num:10, tid:2479
05-19 13:24:10.023  1078  1116 I mtkpower@impl: [check_work_req] i:0, msg:1 hdl:511906, wait
05-19 13:24:10.024 15027 15155 D libMEOW : meow new tls: 0xb400007173bb5700
05-19 13:24:10.025 15027 15155 D libMEOW : applied 1 plugins for [com.example.healthcare]:
05-19 13:24:10.025 15027 15155 D libMEOW :   plugin 1: [libMEOW_gift.so]: 0xb4000071e5138080
05-19 13:24:10.025 15027 15155 D libMEOW : rebuild call chain: 0xb4000071894bd840
05-19 13:24:10.025  1931  3161 V DCSEX-AppSwitchManager: OnAppSwitchObserver: onAppExit, resuming = com.example.healthcare, target = com.android.launcher, is ResumingFirstStart =  false, is ResumingMultiApp =  false, extensionInfo =  Bundle[{taskId=2211, uid=10495}]
05-19 13:24:10.025 15027 15155 D libMEOW : meow delete tls: 0xb400007173bb5700
05-19 13:24:10.025  1078  1116 I mtkpower@impl: [check_work_req] i:0, msg:1 hdl:511906, wait
05-19 13:24:10.027  1931  8040 D DCSEX-AppLaunchEventRecorder: onAppSwitch from = com.android.launcher to = com.example.healthcare
05-19 13:24:10.027  1931  3161 D OplusLatencyOptimizerManager: enter pkg: com.example.healthcare isPrevBlackAppTop: false mIsBlackAppTop: false
05-19 13:24:10.027  1931  2802 I PowerHalWrapper: amsBoostNotify pid:2821,activity:com.android.launcher.Launcher, package:com.android.launcher, mProcessCreatePackcom.example.healthcare
05-19 13:24:10.027  1931  2802 I PowerHalWrapper: state: 0
05-19 13:24:10.027  1931  3161 V DCSEX-AppSwitchManager: OnAppSwitchObserver: onAppEnter, launchedFrom =  com.example.healthcare, target =  com.example.healthcare, is firstStart =  false, is multiApp =  false, extensionInfo =  Bundle[{taskId=2211, pid=15027, uid=10495, versionCode=1}]
05-19 13:24:10.027  1931  2802 I mtkpower_client: [Legacy][PowerHal_Wrap_notifyAppState] com.android.launcher/com.android.launcher.Launcher pid=2821 state:0
05-19 13:24:10.027  1931  2802 I game_scn: collectForegroundAppList packName=com.android.launcher, actName=com.android.launcher.Launcher, pid=2821, uid=10106, state:PAUSED
05-19 13:24:10.027  1931  2802 I PowerHalWrapper: amsBoostNotify AMS_BOOST_PROCESS_CREATE_BOOST:false
05-19 13:24:10.028  1931  2108 E Athena  : MemoryGuardAction: handleAppChange
05-19 13:24:10.028  3059 20464 I Athena  : AthenaDynamicReceiver: pre_app:com.android.launcher, next_app:com.example.healthcare(10495|15027)
05-19 13:24:10.029  4710 12244 W Battery : ThermalControlUtils: mForegroundPkg=com.example.healthcare
05-19 13:24:10.030  4993  3930 I DeepThinker: IntentManager: onIntentProduced 1
05-19 13:24:10.030  1176  1381 I VRR [FRTC]: setFrameRateTarget with [0, com.android.launcher, 0, com.oplus.battery, 1, 0, 1000]
05-19 13:24:10.030  4993  3930 I DeepThinker: IntentManager: dispatchIntents 1
05-19 13:24:10.030  1176  1381 W VRR [FRTC]: invalid param { fps 0, proc_name com.android.launcher, strict_mode 0, description com.oplus.battery, proc_id 0, rate_status 0, backend Surface, version 1, pid 0, uid 1000, enable at 2023-05-19 13:24:10, disable waiting } for current status.
05-19 13:24:10.030  1176  1381 W VRR [FRTC]: CurrentTarget size 0:
05-19 13:24:10.031  4993 17885 I DeepThinker: EventFountainDispatcher: dispatchSpecificIntents 1
05-19 13:24:10.031  4993 17885 I DeepThinker: EventFountainDispatcher: dispatchSpecificIntents com.pantanal.action.APPS_LIST
05-19 13:24:10.031  1931  1958 D OplusUIFirst_FB: com.example.healthcare moveToTop:[]
05-19 13:24:10.032  1931  1958 D OplusUIFirst_FB: List of ThreadOp: size=0 []
05-19 13:24:10.032  1931  1958 D OplusUIFirst_FB: com.example.healthcare boost hint: 15027
05-19 13:24:10.032  1931  1958 D OplusUIFirst_FB: handleParaSwitch com.example.healthcare null null 0
05-19 13:24:10.032 31542 30704 D AudioPolicyService: updateUidStates_l() current->uid=10136 current->pid=9545 allowCapture=1 UidState=3 apmStat=1
05-19 13:24:10.033  1931  1958 D OplusUIFirst_FB: com.example.healthcare toForeOps: []
05-19 13:24:10.033  1931  1958 D OplusUIFirst_FB: List of ThreadOp: size=0 []
05-19 13:24:10.033  1078  1185 I libPowerHal: [perfLockRel] hdl:511906, idx:0
05-19 13:24:10.033  4710 12244 W Battery : ThermalControllHandler: tempLevel=5,userMode=3,gameUserMode=7,appType=-1,envTempType=0,appStates=[]
05-19 13:24:10.033  1078  1185 I libPowerHal: [PD] system_server update cmd:1c3c000 param:1
05-19 13:24:10.033  1078  1185 I libPowerHal: [PD] (more) /proc/mcdi/state set +prefix:enable 1;
05-19 13:24:10.034  1078  1185 I libPowerHal: [PD] system_server update cmd:2004100 param:2
05-19 13:24:10.034  4710 12244 W Battery : ThermalControllerCenter: mSafetyState=10000
05-19 13:24:10.036  3728 17110 D OplusAtlas.OplusAtlasEventDispatch: setEvent:atlas_event_on_foreground_activities_changed info:pid:15027,uid:10495,hasForegroundActivities:1
05-19 13:24:10.038  3728  4872 D OplusAtlas.OplusAudioScene: callback success event:atlas_event_on_foreground_activities_changed eventInfo:pid:15027,uid:10495,hasForegroundActivities:1
05-19 13:24:10.038  2431  2556 D InputEventReceiver: Input log is disabled
05-19 13:24:10.038  1931  1958 D OplusUIFirst_FB: com.google.android.googlequicksearchbox moveToBack 9567
05-19 13:24:10.038  4710 12244 W Battery : ThermalControllHandler: tempGear=5,configItemName=common_config
05-19 13:24:10.038  3728  5211 D OplusAtlas.OplusMessageHandler: handleMessage: Msg { when=0 what=2 obj=com.oplus.atlas.OplusAtlasEvent@baecbe2 target=com.oplus.atlas.OplusMessageHandler$MyHandler }
05-19 13:24:10.039  1931  1958 D OplusUIFirst_FB: com.coloros.assistantscreen moveToBack 20201
05-19 13:24:10.041 15027 15027 D LifecycleMonitor: Lifecycle status change: com.example.healthcare.LabTestActivity@b5180b9 in: PRE_ON_CREATE
05-19 13:24:10.041 15027 15027 V ActivityScenario: Activity lifecycle changed event received but ignored because the reported transition was not ON_CREATE while the last known transition was PRE_ON_CREATE
05-19 13:24:10.046  1176  1381 I BufferQueueDebug: [Splash Screen com.example.healthcare#252029](this:0xb400006f8dffb9e8,id:-1,api:0,p:-1,c:-1) BufferQueue core=(1176:/system/bin/surfaceflinger)
05-19 13:24:10.046  1931  2479 I mtkpower_client: ret_hdl:511909
05-19 13:24:10.047  1931  2479 I mtkpower_client: perf_lock_rel, hdl:511909, tid:2479
05-19 13:24:10.047  1931  2436 I FocusResolver: updateFocusedWindow,  on display 0, reason: Waiting for window because NOT_FOCUSABLE, result:   FocusedWindows: <none>
05-19 13:24:10.049  2821  2821 D VRI[Launcher]: onFocusEvent false
05-19 13:24:10.050  4993  5306 V DeepThinker: ProcessManager: onForegroundActivitiesChanged pid:15027, uid:10495, foregroundActivities:true
05-19 13:24:10.052  1092  1092 D vendor.oplus.hardware.charger@1.0-service: set cooldown:7,  normalCoolDown:7
05-19 13:24:10.052  4710  6057 W Battery : ThermalControllHandler: MSG_THERMAL_CONTROL_CATEGORY_CHANGED
05-19 13:24:10.052  1931  2479 I mtkpower_client: perf_lock_acq, hdl:511909, dur:0, num:10, tid:2479
05-19 13:24:10.052  1078  1116 I mtkpower@impl: [check_work_req] i:0, msg:1 hdl:511909, wait
05-19 13:24:10.053  1078  1185 I libPowerHal: [perfLockRel] hdl:511909, idx:0
05-19 13:24:10.053  1078  1185 I libPowerHal: [PD] system_server update cmd:1c3c000 param:1
05-19 13:24:10.053  1078  1185 I libPowerHal: [PD] (more) /proc/mcdi/state set +prefix:enable 1;
05-19 13:24:10.053  1078  1185 I libPowerHal: [PD] system_server update cmd:2004100 param:2
05-19 13:24:10.055  1931  2479 I mtkpower_client: ret_hdl:511910
05-19 13:24:10.056  1176  1389 D [OSIE]  : scltmLayer_name VRI[healthcare][Splash Screen com.example.healthcare]
05-19 13:24:10.056  1176  1389 D [OSIE]  : IsSCLTMLayer=0
05-19 13:24:10.056  2431  2556 D BufferQueueConsumer: [](id:97f00004e50,api:0,p:-1,c:2431) connect: controlledByApp=false
05-19 13:24:10.056  2431  2556 E IPCThreadState: attemptIncStrongHandle(268): Not supported
05-19 13:24:10.061  2431  2556 D VRI[healthcare]: registerCallbacksForSync syncBuffer=false
05-19 13:24:10.075  1931  2310 W Bitmap  : Called getWidth() on a recycle()'d bitmap! This is undefined behavior!
05-19 13:24:10.075  1931  2310 W Bitmap  : Called getHeight() on a recycle()'d bitmap! This is undefined behavior!
05-19 13:24:10.077  2431  2594 D BLASTBufferQueue: [VRI[healthcare][Splash Screen com.example.healthcare]#19892](f:0,a:1) acquireNextBufferLocked size=1080x2400 mFrameNumber=1 applyTransaction=true mTimestamp=861289601029872(auto) mPendingTransactions.size=0 graphicBufferId=10441065815477 transform=0
05-19 13:24:10.078  2431  2594 D VRI[healthcare]: Received frameCommittedCallback lastAttemptedDrawFrameNum=1 didProduceBuffer=true syncBuffer=false
05-19 13:24:10.078  2431  2594 W Parcel  : Expecting binder but got null!
05-19 13:24:10.078  1176  1176 D BufferStateLayer: Splash Screen com.example.healthcare#252029 setBuffer frameId=1, bufferId=10441065815477 fenceId=737, w= 1080, h=2400
05-19 13:24:10.079  1176  1176 D OplusLayer: (252029,Splash Screen com.example.healthcare#252029,com.android.systemui) setBuffer
05-19 13:24:10.079  2431  2556 D VRI[healthcare]: draw finished.
05-19 13:24:10.086  2431  2539 V ShellTaskOrganizer: Task appeared taskId=2211
05-19 13:24:10.087  3112  8808 W lus.appplatform: Large reply transaction of 478520 bytes, interface descriptor com.oplus.epona.IRemoteTransfer, code 1
05-19 13:24:10.088  1931  2310 V ListServiceUtils: checkInListByUid start module:custom-icc uid:1000  time 861289612444us
05-19 13:24:10.089  1931  2310 V ListServiceUtils: checkInListByUid end module:custom-icc uid:1000  time 861289613077us
05-19 13:24:10.089  1931  2310 D ListServiceUtils: checkInListByUid module:custom-icc uid:1000 cost 632us return 0
05-19 13:24:10.089  1443 10399 D MMListService: getListValueByUid module:image-processing, uid:1000
05-19 13:24:10.089  1931  2310 V ListServiceUtils: checkInListByUid module:image-processing uid:1000 cost 171us return (null)
05-19 13:24:10.089  1931  2310 V JpegEncoderExtImpl: Resolution: 540 x 1200,support: 0;
05-19 13:24:10.107 15027 15027 D LifecycleMonitor: Lifecycle status change: com.example.healthcare.LabTestActivity@b5180b9 in: CREATED
05-19 13:24:10.107 15027 15027 V ActivityScenario: Update currentActivityStage to CREATED, currentActivity=com.example.healthcare.LabTestActivity@b5180b9
05-19 13:24:10.109 15027 15027 D LifecycleMonitor: Lifecycle status change: com.example.healthcare.LabTestActivity@b5180b9 in: STARTED
05-19 13:24:10.109 15027 15027 V ActivityScenario: Update currentActivityStage to STARTED, currentActivity=com.example.healthcare.LabTestActivity@b5180b9
05-19 13:24:10.110 15027 15027 D LifecycleMonitor: Lifecycle status change: com.example.healthcare.LabTestActivity@b5180b9 in: RESUMED
05-19 13:24:10.111 15027 15027 V ActivityScenario: Update currentActivityStage to RESUMED, currentActivity=com.example.healthcare.LabTestActivity@b5180b9
05-19 13:24:10.112  1176  1176 D Layer   : reparent to null sequence=252018, seq[2], name=Surface(name=28e464 NavigationBar0)/@0xde740b - animation-leash of insets_animation#252018
05-19 13:24:10.112  1176  1389 I SurfaceFlinger: [SF client] NEW(0xb400006fb804a600) for (15027:com.example.healthcare)
05-19 13:24:10.112  1176  1176 D Layer   : reparent to null sequence=252017, seq[1], name=Surface(name=c402886 StatusBar)/@0xaf05d85 - animation-leash of insets_animation#252017
05-19 13:24:10.112  1176  1176 D OplusLayer: ~Layer() sequence=252017, name=Surface(name=c402886 StatusBar)/@0xaf05d85 - animation-leash of insets_animation#252017
05-19 13:24:10.113  1176  1176 D OplusLayer: ~Layer() sequence=252018, name=Surface(name=28e464 NavigationBar0)/@0xde740b - animation-leash of insets_animation#252018
05-19 13:24:10.115 15027 15027 D WindowManager: Add to mViews: DecorView@4dfee1a[LabTestActivity],pkg= com.example.healthcare
05-19 13:24:10.120  9545  9545 I GsaVoiceInteractionSrv: Handling ACTION_STOP_HOTWORD
05-19 13:24:10.121  9545  9746 I HwDetectorWithState: (REDACTED) a: %d
05-19 13:24:10.121  9545  9746 I HwDetectorWithState: #stopHotwordDetection
05-19 13:24:10.121  9545  9746 D AudioRecord: stop(5025): mActive:1
05-19 13:24:10.121  9545  9746 D AudioRecord: call mAudioRecord->stop()
05-19 13:24:10.123 31542 15151 D AudioFlinger: updateWakeLockUids_l AudioIn_1B5E uids:
05-19 13:24:10.123 31544 31696 D AudioALSAStreamIn: updateSinkMetadataV7(), sink_metadata = 0xe2684c20, Project config MTK_BT_HEARING_AID_SUPPORT is not support, return
05-19 13:24:10.123 31544 31544 D AudioALSAStreamIn: standby(), halRequest 0, mDestroy 0, flag 0
05-19 13:24:10.124 31544 31544 D AudioALSAStreamIn: close()
05-19 13:24:10.124 31544 31544 D AudioALSAStreamIn: updateStandByFrameCount(), update the mStandbyFrameCount = 0-> 6080
05-19 13:24:10.124 31544 31544 D AudioALSACaptureHandlerNormal: +close()
05-19 13:24:10.125 15027 15027 D InputEventReceiver: Input log is disabled
05-19 13:24:10.128  2431  3342 D FlashViews_FlashBackManager: onAppEnter packageName: = com.example.healthcare, uid = -1)
05-19 13:24:10.128  2431  3342 D FlashViews_FlashBackManager: onAppExit packageName: = com.android.launcher, uid = -1)
05-19 13:24:10.131  1176  1176 I DispPerfService: updateLayerMask 9
05-19 13:24:10.140 31544 31544 D AudioALSACaptureDataClientAurisysNormal: pthread_join hProcessThread done
05-19 13:24:10.140 31544 31544 D AudioALSACaptureDataProviderBase: detach(), 0xe4da5700, mCaptureDataClientVector.size()=1, Identity=0xe4fc4a60
05-19 13:24:10.141 31544 31544 D AudioALSACaptureDataProviderDspRaw: close()
05-19 13:24:10.141 31544 31544 D AudioALSAPlaybackHandlerKTVThread: +stopinputActive(), pre_active_num = 1, current_input = 2147483652
05-19 13:24:10.142  1176  1239 I BufferQueueDebug: [com.example.healthcare/com.example.healthcare.LabTestActivity#252036](this:0xb400006fb3ffb9e8,id:-1,api:0,p:-1,c:-1) BufferQueue core=(1176:/system/bin/surfaceflinger)
05-19 13:24:10.154  1931  6256 D Theia.NoFocusWindow: FocusWindowErrorScene cancelCheckFreezeScreen
05-19 13:24:10.156  1176  1238 D [OSIE]  : scltmLayer_name VRI[LabTestActivity][com.example.healthcare/com.example.healthcare.LabTestActivity]
05-19 13:24:10.156  1176  1238 D [OSIE]  : IsSCLTMLayer=0
05-19 13:24:10.157 15027 15027 D BufferQueueConsumer: [](id:3ab300000005,api:0,p:-1,c:15027) connect: controlledByApp=false
05-19 13:24:10.157 15027 15027 E IPCThreadState: attemptIncStrongHandle(93): Not supported
05-19 13:24:10.157 15027 15027 E IPCThreadState: attemptIncStrongHandle(77): Not supported
05-19 13:24:10.157 15027 15027 E IPCThreadState: attemptIncStrongHandle(67): Not supported
05-19 13:24:10.160 31544 15153 D AudioALSACaptureDataProviderDspRaw: -readThread(), pid: 31544, tid: 15153
05-19 13:24:10.160 31544 31544 D AudioALSACaptureDataProviderDspRaw: pthread_join hReadThread done
05-19 13:24:10.160 31544 31544 D AudioALSACaptureDataProviderBase: ClosePCMDumpDsp
05-19 13:24:10.167 31544 31544 D AudioDspStreamManager: removeCaptureDataProvider() CaptureDataProvider = 3839514368 0xe4da5700, size = 1
05-19 13:24:10.171 31544 31544 D AudioDspStreamManager: setDspRuntimeEn(), task_scene = 10, condition = 0
05-19 13:24:10.171 31544 31544 D AudioALSADeviceConfigManager: ApplyDeviceTurnoffSequenceByName(), DeviceName = ADDA_TO_CAPTURE1 descriptor->DeviceStatusCounter = 1, Ctlsize=4
05-19 13:24:10.171 31544 31544 D audio_messenger_ipi: audio_ipi_dma_cbk_deregister(), task 17
05-19 13:24:10.172 31544 31544 D AudioALSACaptureDataProviderDspRaw: -close()
05-19 13:24:10.172 31544 31544 D AudioALSAHardwareResourceManager: +stopInputDevice_l(), mInputDevice = 0x80000004, stop_device = 0x80000004, mStartInputDeviceCount = 1, mMicInverse = 0, mNumPhoneMicSupport = 2
05-19 13:24:10.172 31544 31544 D AudioALSADeviceConfigManager: ApplyDeviceTurnoffSequenceByName(), DeviceName = builtin_Mic_DualMic descriptor->DeviceStatusCounter = 1, Ctlsize=12
05-19 13:24:10.173 31544 31544 D AudioALSACaptureDataClientAurisysNormal: DestroyAurisysLibManager()
05-19 13:24:10.173 31544 31544 D goodix_lvimfs: [INFO] lvimfs_wrapper_DestroyLibraryInstance:  entry
05-19 13:24:10.173 31544 31544 D goodix_lvimfs: LVACFS_TRACE:[1] FUNCTION: LVACFS_LVAC_Destroy at Line 137 in ../SRC/LVACFS_Destroy.c
05-19 13:24:10.173 31544 31544 D goodix_lvimfs: LVACFS_TRACE:[1] LVACFS_LVAC_Destroy: free pOutputSave at Line 143 in ../SRC/LVACFS_Destroy.c
05-19 13:24:10.173 31544 31544 D goodix_lvimfs: LVACFS_TRACE:[1] FUNCTION: LVACFS_LVAC_Destroy: successfully called LVAC_GetMemoryTable at Line 162 in ../SRC/LVACFS_Destroy.c
05-19 13:24:10.174 31544 31544 D goodix_lvimfs: LVACFS_TRACE:[1] FUNCTION: LVACFS_Destroy: There are 0 instances of LVACFS active at Line 109 in ../SRC/LVACFS_Destroy.c
05-19 13:24:10.174 31544 31544 D goodix_lvimfs: [INFO] lvimfs_wrapper_DestroyLibraryInstance:  exit
05-19 13:24:10.174 31544 31544 D aurisys_lib_handler: [LIB] lvimfs_arsi_destroy_handler(), p_handler = 0xe4ef8f00
05-19 13:24:10.174 31544 31544 D aurisys_lib_handler: aurisys_arsi_destroy_handler(), lib_name goodix_lvimfs, 0xdf97ce00, arsi_destroy_handler, arsi_handler = 0xe4ef8f00, retval = 0
05-19 13:24:10.174 31544 31544 D aurisys_lib_manager: delete_aurisys_lib_manager(), manager 0xe8831fc0
05-19 13:24:10.174 31544 31544 D AudioALSACaptureHandlerNormal: -close()
05-19 13:24:10.174 31544 31544 D AudioALSAStreamIn: closeWavDump()
05-19 13:24:10.175 31544 31544 D AudioUtility: power_hal_hint - custPowerHint 37, data 0
05-19 13:24:10.176 31542 30704 D APM_AudioPolicyManager: stopInput portId 5025
05-19 13:24:10.176 31542 30704 D APM_AudioPolicyManager: [MTK_APM_Input]stopInput input 7006 portId 5025 old_source 1999
05-19 13:24:10.178  1176  1176 D Layer   : reparent to null sequence=252032, seq[1], name=Surface(name=c402886 StatusBar)/@0xaf05d85 - animation-leash of insets_animation#252032
05-19 13:24:10.178  1176  1176 D Layer   : reparent to null sequence=252033, seq[2], name=Surface(name=28e464 NavigationBar0)/@0xde740b - animation-leash of insets_animation#252033
05-19 13:24:10.178 31544 31696 D AudioALSAHardware: +releaseAudioPatch() handle [0xafd] current mAudioHalPatchVector size 5
05-19 13:24:10.178 31544 31696 D AudioALSAHardware: releaseAudioPatch() releaseAudioPatch 0x80000004->Mixer, handle 2813
05-19 13:24:10.178 31544 31696 D AudioALSAStreamManager: +setParameters(), IOport = 7006, keyValuePairs = routing=0
05-19 13:24:10.178 31544 31696 D AudioALSAStreamManager: +routingInputDevice(), input_device: 0x80000004 => 0x0
05-19 13:24:10.178 31544 31696 W AudioALSAStreamManager: -routingInputDevice(), input_device(0x0) is AUDIO_DEVICE_NONE(0x0) or current_input_device(0x80000004), return
05-19 13:24:10.178  1176  1176 D OplusLayer: ~Layer() sequence=252032, name=Surface(name=c402886 StatusBar)/@0xaf05d85 - animation-leash of insets_animation#252032
05-19 13:24:10.178 31544 31696 D AudioALSAStreamManager: updateInputSource(), Update input source form mStreamInVector [0]
05-19 13:24:10.178 31544 31696 D AudioALSAHardware: releaseAudioPatch() remove handle [afd] OK, current mAudioHalPatchVector size 4
05-19 13:24:10.179 31544 31696 D AudioALSAHardware: -releaseAudioPatch() handle [0xafd] status [0]
05-19 13:24:10.179  1176  1176 D OplusLayer: ~Layer() sequence=252033, name=Surface(name=28e464 NavigationBar0)/@0xde740b - animation-leash of insets_animation#252033
05-19 13:24:10.180 31542 30704 W AudioPolicyClientImpl: setSoundTriggerCaptureState active 0
05-19 13:24:10.180 31542 30704 D AudioPolicyManagerExtImpl: stopinput client uid = 10136
05-19 13:24:10.181 31542 31627 D AudioSystem: +setParameters(): stopinput_pid=10136
05-19 13:24:10.181 31542 31627 D AudioFlingerExtImpl: AudioFlingerExtImpl oplusSetParameters: keyvalue stopinput_pid=10136
05-19 13:24:10.181 31544 31696 D AudioALSAHardware: +setParameters(): stopinput_pid=10136
05-19 13:24:10.181 31544 31696 D AudioALSAPlaybackHandlerKTVThread: setParameters:stopinput_pid: value = 10136
05-19 13:24:10.181 31544 31696 D AudioALSAHardware: =====>GetInstance()->MMI_Auto_Test
05-19 13:24:10.181 31544 31696 D audio_engineer_test: do_audio_test_process Enter all_test[0]:NoneTest in_call:false
05-19 13:24:10.181 31544 31696 D AudioALSAHardware: -setParameters(): stopinput_pid=10136
05-19 13:24:10.182 31542 30704 D AtlasEventUploadUtils: setEvent event:atlas_event_audio_record_stop
05-19 13:24:10.182 31542 31648 D APM_AudioPolicyManager: listAudioPorts mAvailableInputDevices 0x80000004, 0x80000040, 0x80000080, 0x80000100, 0x80002000, 0x90000000
05-19 13:24:10.182 31542 31542 D APM_AudioPolicyManager: listAudioPorts mAvailableInputDevices 0x80000004, 0x80000040, 0x80000080, 0x80000100, 0x80002000, 0x90000000
05-19 13:24:10.183 31542 31632 D APM_AudioPolicyManager: listAudioPorts mAvailableInputDevices 0x80000004, 0x80000040, 0x80000080, 0x80000100, 0x80002000, 0x90000000
05-19 13:24:10.183 31542 30704 D AudioFlingerExtImpl: ActiveRecordTrackPids.removeItem session 5621521
05-19 13:24:10.183 31542 30704 D AudioFlingerExtImpl: ActiveRecordTrackPids.removeItem session 5621521 when stop
05-19 13:24:10.183 31542 30704 D AudioFlingerExtImpl: removeAudioSessionUidMap, remove 5621521, map size 0
05-19 13:24:10.183  3728 30791 D OplusAtlas.OplusAtlasEventDispatch: setEvent:atlas_event_audio_record_stop info:recorderPid:9545,TrackSession:5621521
05-19 13:24:10.183 31542 31542 D APM_AudioPolicyManager: listAudioPorts mAvailableInputDevices 0x80000004, 0x80000040, 0x80000080, 0x80000100, 0x80002000, 0x90000000
05-19 13:24:10.183  3728  4872 D OplusAtlasAudioDetectionManager: callback success event:atlas_event_audio_record_stop eventInfo:recorderPid:9545,TrackSession:5621521
05-19 13:24:10.183  3728  4872 D OplusAtlas.OplusAudioRecordInfoUploadHelper: callback success event:atlas_event_audio_record_stop eventInfo:recorderPid:9545,TrackSession:5621521
05-19 13:24:10.183  3728  5040 D OplusAtlasAudioDetectionManager: MSG_AUDIO_RECORD_STOP
05-19 13:24:10.183  3728  5040 D OplusAtlasAudioDetectionManager: record stop,pid=9545
05-19 13:24:10.183 31542 30704 D APM_AudioPolicyManager: listAudioPorts mAvailableInputDevices 0x80000004, 0x80000040, 0x80000080, 0x80000100, 0x80002000, 0x90000000
05-19 13:24:10.183  3728  4878 D OplusAtlas.OplusMessageHandler: handleMessage: Msg { when=0 what=2 obj=com.oplus.atlas.OplusAtlasEvent@e57db73 target=com.oplus.atlas.OplusMessageHandler$MyHandler }
05-19 13:24:10.183  3728  4878 D OplusAtlas.OplusAudioRecordInfoUploadHelper: setRecordEvent pid:9545 session:5621521
05-19 13:24:10.183  9545  9746 D AudioRecord: call AudioRecordThread pause()
05-19 13:24:10.183  9545  9746 D AudioRecordExtImpl: clearAudioBoostTid
05-19 13:24:10.184 31542 31542 D AudioFlingerExtImpl: audioShcedBoost after setUx(pid:9545, tid:9744)
05-19 13:24:10.184 31542 31542 D AudioFlinger: AudioFlinger::audioSchedBoost
05-19 13:24:10.184  9545  9746 D AudioRecordExtImpl: clearAudioBoostTid  pid 9545  tid 9744
05-19 13:24:10.184  9545  9746 D AudioRecord: stop(5025) done
05-19 13:24:10.184  9545  9746 I AudioRecord: ~AudioRecord(5025): mStatus 0
05-19 13:24:10.184  9545  9746 D AudioRecord: stop(5025): mActive:0
05-19 13:24:10.185 31542 30704 D APM_AudioPolicyManager: [MTK_APM_Input]releaseInput input 7006 portId 5025
05-19 13:24:10.185 31542 30704 D APM_AudioPolicyManager: closeInput input 7006
05-19 13:24:10.185 31544 31696 D oplus_audio_config: oplus_get_config(),unkonw config
05-19 13:24:10.185 31544 31696 D oplus_audio_config: oplus_get_config(),unkonw config
05-19 13:24:10.185 31544 31696 D oplus_audio_config: oplus_get_config(),unkonw config
05-19 13:24:10.185 31544 31696 D AudioALSAHardware: -getParameters(), return ""
05-19 13:24:10.186  4993  4993 V DeepThinker: BroadcastReceiverWrapper: onReceive, start dispatch android.media.ACTION_AUDIO_RECORD_STOP
05-19 13:24:10.186  3728  5040 D OplusAtlasAudioDetectionManager: record:
05-19 13:24:10.187  9545  9746 I A       : Audio Stopped
05-19 13:24:10.188  9545  9746 I HotwordRecognitionRnr: Stopping hotword detection.
05-19 13:24:10.189  9545  9744 I GsaVoiceInteractionSrv: (REDACTED) #onClosed - audio is closed, hasRecordingStarted %b
05-19 13:24:10.189  9545 10162 I GsaVoiceInteractionSrv: HotwordCallback#onError
05-19 13:24:10.189  9545  9744 I HwDetectorWithState: (REDACTED) a: %d
05-19 13:24:10.189  9545  9744 I HwDetectorWithState: #stopHotwordDetection
05-19 13:24:10.190  3728  4878 D OplusAtlasService: isAppInRecording getActiveAudioPids is null
05-19 13:24:10.190  9545 10162 I HwDetectorWithState: #stopHotwordDetection
05-19 13:24:10.190  9545 10162 I HotwordRecognitionRnr: IOException during hotword detection; expected during hotword detection closing
05-19 13:24:10.191 31542 15151 D AudioFlinger: updateWakeLockUids_l AudioIn_1B5E uids:
05-19 13:24:10.191 31542 30704 W AudioPolicyClientImpl: setSoundTriggerCaptureState active 0
05-19 13:24:10.192 31542 31711 D APM_AudioPolicyManager: listAudioPorts mAvailableInputDevices 0x80000004, 0x80000040, 0x80000080, 0x80000100, 0x80002000, 0x90000000
05-19 13:24:10.193 31542 30704 E audio_pcm_dump: check_pcm_path : create path /data/persist_log fail 17
05-19 13:24:10.193 31542 30704 E audio_pcm_dump: check_pcm_path failed.
05-19 13:24:10.193 31544 31696 D DeviceHAL: closeInputStream mOpenedStreamsCount 6
05-19 13:24:10.193 31544 31696 D AudioALSAStreamManager: +closeInputStream(), in = 0xe08eca00, size() = 1
05-19 13:24:10.193 31544 31696 D AudioALSAStreamIn: ~AudioALSAStreamIn()
05-19 13:24:10.193 31544 31696 D AudioUtility: ~AudioThrottleTimeControl()
05-19 13:24:10.194 31542 31711 D APM_AudioPolicyManager: listAudioPorts mAvailableInputDevices 0x80000004, 0x80000040, 0x80000080, 0x80000100, 0x80002000, 0x90000000
05-19 13:24:10.194 31542 18007 D APM_AudioPolicyManager: listAudioPorts mAvailableInputDevices 0x80000004, 0x80000040, 0x80000080, 0x80000100, 0x80002000, 0x90000000
05-19 13:24:10.194 31542 30704 E audio_pcm_dump: check_pcm_path : create path /data/persist_log fail 17
05-19 13:24:10.194 31542 30704 E audio_pcm_dump: check_pcm_path failed.
05-19 13:24:10.194 31542 31711 D APM_AudioPolicyManager: listAudioPorts mAvailableInputDevices 0x80000004, 0x80000040, 0x80000080, 0x80000100, 0x80002000, 0x90000000
05-19 13:24:10.195 31542 18007 D APM_AudioPolicyManager: listAudioPorts mAvailableInputDevices 0x80000004, 0x80000040, 0x80000080, 0x80000100, 0x80002000, 0x90000000
05-19 13:24:10.196 31542 31711 D APM_AudioPolicyManager: listAudioPorts mAvailableInputDevices 0x80000004, 0x80000040, 0x80000080, 0x80000100, 0x80002000, 0x90000000
05-19 13:24:10.196 31542 31711 D APM_AudioPolicyManager: listAudioPorts mAvailableInputDevices 0x80000004, 0x80000040, 0x80000080, 0x80000100, 0x80002000, 0x90000000
05-19 13:24:10.197 31542 31711 D APM_AudioPolicyManager: listAudioPorts mAvailableInputDevices 0x80000004, 0x80000040, 0x80000080, 0x80000100, 0x80002000, 0x90000000
05-19 13:24:10.198 31542 31711 D APM_AudioPolicyManager: listAudioPorts mAvailableInputDevices 0x80000004, 0x80000040, 0x80000080, 0x80000100, 0x80002000, 0x90000000
05-19 13:24:10.228 15027 15027 D AutofillManager: Fill dialog is enabled:false, hints=[password, passwordAuto, creditCardNumber, creditCardSecurityCode, creditCardExpirationDate]
05-19 13:24:10.228 15027 15027 V AutofillManager: notifyValueChanged(1073741824): ignoring on state UNKNOWN
05-19 13:24:10.230 15027 15027 D VRI[LabTestActivity]: registerCallbacksForSync syncBuffer=false
05-19 13:24:10.250 15027 15061 D BLASTBufferQueue: [VRI[LabTestActivity][com.example.healthcare/com.example.healthcare.LabTestActivity]#5](f:0,a:1) acquireNextBufferLocked size=1080x2400 mFrameNumber=1 applyTransaction=true mTimestamp=861289773696872(auto) mPendingTransactions.size=0 graphicBufferId=64540473557030 transform=0
05-19 13:24:10.250 15027 15061 D VRI[LabTestActivity]: Received frameCommittedCallback lastAttemptedDrawFrameNum=1 didProduceBuffer=true syncBuffer=false
05-19 13:24:10.250 15027 15061 W Parcel  : Expecting binder but got null!
05-19 13:24:10.251 15027 15027 D VRI[LabTestActivity]: draw finished.
05-19 13:24:10.260 15027 15027 D VRI[LabTestActivity]: registerCallbacksForSync syncBuffer=false
05-19 13:24:10.261  1176  1176 D BufferStateLayer: com.example.healthcare/com.example.healthcare.LabTestActivity#252036 setBuffer frameId=1, bufferId=64540473557030 fenceId=873, w= 1080, h=2400
05-19 13:24:10.261  1176  1176 D OplusLayer: (252036,com.example.healthcare/com.example.healthcare.LabTestActivity#252036,com.example.healthcare) setBuffer
05-19 13:24:10.263  1931  1955 W ziparchive: Unable to open '/data/app/~~Fs3A3tUX-W9JmCtFO6KF3g==/com.example.healthcare-1VY8-UJtEQIfMyFv0Y97-A==/base.dm': No such file or directory
05-19 13:24:10.264  1931  1955 I ActivityTaskManager: Displayed com.example.healthcare/.LabTestActivity: +270ms
05-19 13:24:10.273 15027 15061 D VRI[LabTestActivity]: Received frameCommittedCallback lastAttemptedDrawFrameNum=3 didProduceBuffer=true syncBuffer=false
05-19 13:24:10.274 15027 15027 D VRI[LabTestActivity]: draw finished.
05-19 13:24:10.281  1931  6256 I FocusResolver: updateFocusedWindow, 8b1e105 com.example.healthcare/com.example.healthcare.LabTestActivity on display 0, reason: Window became focusable. Previous reason: NOT_VISIBLE, result:   FocusedWindows:
05-19 13:24:10.281  1931  6256 I FocusResolver:     displayId=0, name='8b1e105 com.example.healthcare/com.example.healthcare.LabTestActivity'
05-19 13:24:10.281  1176  1176 I DispPerfService: updateLayerMask 9
05-19 13:24:10.282  1078  1119 I mtkpower@impl: [setMode] type:5, enabled:0
05-19 13:24:10.282  1078  1185 I libPowerHal: [perfLockRel] hdl:511907, idx:1
05-19 13:24:10.282 15027 15027 D VRI[LabTestActivity]: onFocusEvent true
05-19 13:24:10.283  1931  4626 I PowerHalWrapper: amsBoostStop AMS_BOOST_PACK_SWITCH:true, AMS_BOOST_ACT_SWITCH:false, AMS_BOOST_PROCESS_CREATE:false
05-19 13:24:10.288  1078  1185 I libPowerHal: [perfLockRel] hdl:511908, idx:3
05-19 13:24:10.288  1078  1185 I libPowerHal: [PD] MTKPOWER_HINT_PACK_SWITCH update cmd:1000000, param:-1
05-19 13:24:10.288  1078  1185 I libPowerHal: [PD] MTKPOWER_HINT_PACK_SWITCH update cmd:1408300 param:0
05-19 13:24:10.289  1078  1185 I libPowerHal: [PD] MTKPOWER_HINT_PACK_SWITCH update cmd:1000000 param:-1
05-19 13:24:10.290 17158 17158 I GoogleInputMethodService: GoogleInputMethodService.onFinishInput():3261
05-19 13:24:10.291 17158 17158 I GoogleInputMethodService: GoogleInputMethodService.updateDeviceLockedStatus():2110 repeatCheckTimes = 0, locked = false
05-19 13:24:10.293 17158 17158 I GoogleInputMethodService: GoogleInputMethodService.onStartInput():1898 onStartInput(EditorInfo{inputType=0x0(NULL) imeOptions=0x0 privateImeOptions=null actionName=UNSPECIFIED actionLabel=null actionId=0 initialSelStart=-1 initialSelEnd=-1 initialCapsMode=0x0 hintText=null label=null packageName=com.example.healthcare fieldId=2131230824 fieldName=null extras=Bundle[{com.oplus.im.SCENES=0}] hintLocales=[]}, false)
05-19 13:24:10.293 17158 17158 I GoogleInputMethodService: GoogleInputMethodService.shouldHideHeaderOnInitialState():4088 ShouldHideHeaderOnInitialState = false
05-19 13:24:10.293 17158 17158 I GoogleInputMethodService: GoogleInputMethodService.updateDeviceLockedStatus():2110 repeatCheckTimes = 1, locked = false
05-19 13:24:10.296 31542 18007 D APM_AudioPolicyManager: listAudioPorts mAvailableInputDevices 0x80000004, 0x80000040, 0x80000080, 0x80000100, 0x80002000, 0x90000000
05-19 13:24:10.297 31542 18007 D APM_AudioPolicyManager: listAudioPorts mAvailableInputDevices 0x80000004, 0x80000040, 0x80000080, 0x80000100, 0x80002000, 0x90000000
05-19 13:24:10.297 31542 18007 D APM_AudioPolicyManager: listAudioPorts mAvailableInputDevices 0x80000004, 0x80000040, 0x80000080, 0x80000100, 0x80002000, 0x90000000
05-19 13:24:10.298 31542 31711 D APM_AudioPolicyManager: listAudioPorts mAvailableInputDevices 0x80000004, 0x80000040, 0x80000080, 0x80000100, 0x80002000, 0x90000000
05-19 13:24:10.314  1176  1176 D Layer   : reparent to null sequence=252024, seq[3], name=Surface(name=33bba53 InputMethod)/@0xbdd8c45 - animation-leash of insets_animation#252024
05-19 13:24:10.314  1176  1176 D OplusLayer: ~Layer() sequence=252024, name=Surface(name=33bba53 InputMethod)/@0xbdd8c45 - animation-leash of insets_animation#252024
05-19 13:24:10.323  1931  3007 I OplusHansManager : uid=10058, pkg=com.microsoft.office.officehubrow can transition from M to F
05-19 13:24:10.323  1931  3007 I OplusHansManager : uid=10058, pkg=com.microsoft.office.officehubrow F enter(), M stay=10
05-19 13:24:10.325  1931  3007 I OplusHansManager : freeze uid: 10058 com.microsoft.office.officehubrow pids: [4831] scene: LcdOn
05-19 13:24:10.326  7229  1549 D IHansComunication: HansComunication::addUid-- 10058, persistent--0
05-19 13:24:10.326  7229  1549 D IHansComunication: HANS sendMessageToKernel: threadId = 528375192752, netLinkSetup = 1, type = PKG, targetUid = 10058, pkgCmd = ADD_ONE_UID
05-19 13:24:10.329  1931  3007 I OplusHansManager : uid=10430, pkg=com.coloros.backuprestore can transition from M to F
05-19 13:24:10.329  1931  3007 I OplusHansManager : uid=10430, pkg=com.coloros.backuprestore F enter(), M stay=10
05-19 13:24:10.331  1931  3007 I OplusHansManager : freeze uid: 10430 com.coloros.backuprestore pids: [19473] scene: LcdOn
05-19 13:24:10.334  7229  1549 D IHansComunication: HansComunication::addUid-- 10430, persistent--0
05-19 13:24:10.334  7229  1549 D IHansComunication: HANS sendMessageToKernel: threadId = 528375192752, netLinkSetup = 1, type = PKG, targetUid = 10430, pkgCmd = ADD_ONE_UID
05-19 13:24:10.377  9567 27919 D VRI[Launcher]: dispatchAppVisibility visible:false
05-19 13:24:10.377  2821 25323 D VRI[Launcher]: dispatchAppVisibility visible:false
05-19 13:24:10.379  1931  1958 I PowerHalWrapper: amsBoostNotify pid:2821,activity:com.android.launcher.Launcher, package:com.android.launcher, mProcessCreatePackcom.example.healthcare
05-19 13:24:10.379  1931  1958 I PowerHalWrapper: state: 0
05-19 13:24:10.379  1931  1958 I mtkpower_client: [Legacy][PowerHal_Wrap_notifyAppState] com.android.launcher/com.android.launcher.Launcher pid=2821 state:0
05-19 13:24:10.379  1931  1958 I game_scn: collectForegroundAppList packName=com.android.launcher, actName=com.android.launcher.Launcher, pid=2821, uid=10106, state:PAUSED
05-19 13:24:10.379  1931  1958 I PowerHalWrapper: amsBoostNotify AMS_BOOST_PROCESS_CREATE_BOOST:false
05-19 13:24:10.382  1931  1958 D OplusUIFirst_FB: com.android.launcher moveToBack 2821
05-19 13:24:10.386 28254 28254 D EffectsEngine_WallpaperRenderer: onPause().
05-19 13:24:10.386 28254 28254 D EffectsEngine_: FPSThrottler::pause
05-19 13:24:10.386 28254 28254 D EffectsEngine_DayNightRenderer: pause.
05-19 13:24:10.386 28254 28254 D EffectsEngine_ShootingStarSprite: ShootingStarSprite.stop()
05-19 13:24:10.399  1176  1176 D Layer   : reparent to null sequence=252031, seq[19], name=Surface(name=Task=1643)/@0xa6ac5a9 - animation-leash of app_transition#252031
05-19 13:24:10.399  1176  1176 D Layer   : reparent to null sequence=252030, seq[49], name=Surface(name=Task=2211)/@0x7243911 - animation-leash of app_transition#252030
05-19 13:24:10.399  1176  1176 D OplusLayer: ~Layer() sequence=252031, name=Surface(name=Task=1643)/@0xa6ac5a9 - animation-leash of app_transition#252031
05-19 13:24:10.400  1176  1176 D OplusLayer: ~Layer() sequence=252030, name=Surface(name=Task=2211)/@0x7243911 - animation-leash of app_transition#252030
05-19 13:24:10.403  2821  2821 D BLASTBufferQueue: [VRI[Launcher][com.android.launcher/com.android.launcher.Launcher]#2936](f:0,a:1) destructor()
05-19 13:24:10.403  2821  2821 D BufferQueueConsumer: [VRI[Launcher][com.android.launcher/com.android.launcher.Launcher]#2936(BLAST Consumer)2936](id:b0500000bad,api:0,p:-1,c:2821) disconnect
05-19 13:24:10.405  1176  1176 I DispPerfService: updateLayerMask 0
05-19 13:24:10.405 15027 15027 I ViewInteraction: Performing 'single click' action on view view.getId() is <2131230823/com.example.healthcare:id/buttonBMCartBack>
05-19 13:24:10.405  2821  2821 D VRI[Launcher]: setWindowStopped stopped:true
05-19 13:24:10.405  7182  7321 V bt_stack: [VERBOSE1:btm_ble_gap.cc(2573)] btm_ble_process_adv_addr: bda=ca:**:**:**:3f:21 addr_type=1
05-19 13:24:10.405  7182  7321 I bt_btm  : LogMsg: btm_ble_process_adv_pkt: pkt_data_len: 21
05-19 13:24:10.406  7182  7321 V bt_stack: [VERBOSE1:btm_ble_gap.cc(2573)] btm_ble_process_adv_addr: bda=ca:**:**:**:3f:21 addr_type=1
05-19 13:24:10.406  7182  7321 I bt_btm  : LogMsg: btm_ble_process_adv_pkt: pkt_data_len: 18
05-19 13:24:10.406  7182  7321 I bt_btif : LogMsg: bta_dm_observe_results_cb
05-19 13:24:10.406  7182  7321 I bt_btif : LogMsg: btif_ble_scanner_update_COD ca:0f:76:9e:3f:21 cod is 0x000000
05-19 13:24:10.406  7182  7321 I bt_btif : LogMsg: btif_ble_scanner_update_COD cod in config 0x001f00, status=0
05-19 13:24:10.406  7182  7321 I bt_btif : LogMsg: btif_ble_scanner_update_COD invalid cod 0x0, use cod 0x1f00 in config
05-19 13:24:10.408  1931  2279 D OGG_Detector: D:done mCurrStatus: 0
05-19 13:24:10.410 15027 15027 V AutofillManager: notifyValueChanged(1073741824): ignoring on state UNKNOWN
05-19 13:24:10.412 15027 15027 V AutofillManager: requestHideFillUi(null): anchor = null
05-19 13:24:10.414  7182  7321 V bt_stack: [VERBOSE1:btm_ble_gap.cc(2573)] btm_ble_process_adv_addr: bda=46:**:**:**:97:d5 addr_type=1
05-19 13:24:10.414  7182  7321 I bt_btm  : LogMsg: btm_ble_process_adv_pkt: pkt_data_len: 31
05-19 13:24:10.414  7182  7218 I bt_btif : LogMsg: bta_scan_results_cb_impl : type 0 channel 0
05-19 13:24:10.414  7182  7218 I bt_btif : LogMsg: bta_scan_results_cb_impl: HAL bt_gatt_callbacks->scanner->scan_result_cb
05-19 13:24:10.414  7182  7321 V bt_stack: [VERBOSE1:btm_ble_gap.cc(2573)] btm_ble_process_adv_addr: bda=46:**:**:**:97:d5 addr_type=1
05-19 13:24:10.415  7182  7321 I bt_btm  : LogMsg: btm_ble_process_adv_pkt: pkt_data_len: 0
05-19 13:24:10.415  7182  7321 I bt_btif : LogMsg: bta_dm_observe_results_cb
05-19 13:24:10.415  7182  7218 D BtGatt.GattService: onScanResult() - eventType=0x1b, addressType=1, address=CA:0F:76:9E:3F:21, primaryPhy=1, secondaryPhy=0, advertisingSid=0xff, txPower=127, rssi=-84, periodicAdvInt=0x0, originalAddress=CA:0F:76:9E:3F:21, type=0, channel=0
05-19 13:24:10.415  7182  7321 I bt_btif : LogMsg: btif_ble_scanner_update_COD 46:2a:19:3c:97:d5 cod is 0x000000
05-19 13:24:10.415  7182  7321 I bt_btif : LogMsg: btif_ble_scanner_update_COD cod in config 0x001f00, status=0
05-19 13:24:10.415  7182  7321 I bt_btif : LogMsg: btif_ble_scanner_update_COD invalid cod 0x0, use cod 0x1f00 in config
05-19 13:24:10.415  7182  7218 D BtGatt.GattService: Skipping client: permission=true matches=false
05-19 13:24:10.415  7182  7218 D BtGatt.GattService: Skipping client: permission=true matches=false
05-19 13:24:10.415  7182  7218 D BtGatt.GattService: Skipping client: permission=true matches=false
05-19 13:24:10.415  7182  7218 D BtGatt.GattService: Skipping client: permission=true matches=false
05-19 13:24:10.415  7182  7218 D BtGatt.GattService: Skipping client: permission=true matches=false
05-19 13:24:10.415  7182  7218 D BtGatt.GattService: Skipping client: permission=true matches=false
05-19 13:24:10.415  7182  7218 I bt_btif : LogMsg: bta_scan_results_cb_impl : type 0 channel 0
05-19 13:24:10.415  7182  7218 I bt_btif : LogMsg: bta_scan_results_cb_impl: HAL bt_gatt_callbacks->scanner->scan_result_cb
05-19 13:24:10.415  7182  7218 D BtGatt.GattService: onScanResult() - eventType=0x1b, addressType=1, address=46:2A:19:3C:97:D5, primaryPhy=1, secondaryPhy=0, advertisingSid=0xff, txPower=127, rssi=-88, periodicAdvInt=0x0, originalAddress=46:2A:19:3C:97:D5, type=0, channel=0
05-19 13:24:10.415  7182  7218 D BtGatt.GattService: Skipping client: permission=true matches=false
05-19 13:24:10.416  7182  7218 D BtGatt.GattService: Skipping client: permission=true matches=false
05-19 13:24:10.416  7182  7218 D BtGatt.GattService: Skipping client: permission=true matches=false
05-19 13:24:10.416  9567  9567 D BLASTBufferQueue: [VRI[Launcher][com.android.launcher/com.android.launcher.Launcher]#587](f:0,a:1) destructor()
05-19 13:24:10.416  9567  9567 D BufferQueueConsumer: [VRI[Launcher][com.android.launcher/com.android.launcher.Launcher]#587(BLAST Consumer)587](id:255f0000024b,api:0,p:-1,c:9567) disconnect
05-19 13:24:10.417  1931  1956 D TheiaRestorer: reportPointerEvent: MotionEvent { action=ACTION_DOWN, actionButton=0, id[0]=0, x[0]=846.5, y[0]=1991.5, toolType[0]=TOOL_TYPE_UNKNOWN, buttonState=BUTTON_PRIMARY, classification=NONE, metaState=0, flags=0x0, edgeFlags=0x0, pointerCount=1, historySize=0, eventTime=861289930, downTime=861289930, deviceId=-1, source=0x1002, displayId=0, eventId=-761772460 }
05-19 13:24:10.419  7182  7218 D BtGatt.GattService: Skipping client: permission=true matches=false
05-19 13:24:10.419  7182  7218 D BtGatt.GattService: Skipping client: permission=true matches=false
05-19 13:24:10.419  7182  7218 D BtGatt.GattService: Skipping client: permission=true matches=false
05-19 13:24:10.421  7182  7321 V bt_stack: [VERBOSE1:btm_ble_gap.cc(2573)] btm_ble_process_adv_addr: bda=5c:**:**:**:a3:5d addr_type=1
05-19 13:24:10.421  7182  7321 I bt_btm  : LogMsg: btm_ble_process_adv_pkt: pkt_data_len: 25
05-19 13:24:10.421  7182  7321 I bt_btif : LogMsg: bta_dm_observe_results_cb
05-19 13:24:10.421  7182  7321 I bt_btif : LogMsg: btif_ble_scanner_update_COD 5c:5d:bd:a5:a3:5d cod is 0x000000
05-19 13:24:10.421  7182  7321 I bt_btif : LogMsg: btif_ble_scanner_update_COD cod in config 0x001f00, status=0
05-19 13:24:10.421  7182  7321 I bt_btif : LogMsg: btif_ble_scanner_update_COD invalid cod 0x0, use cod 0x1f00 in config
05-19 13:24:10.421  7182  7218 I bt_btif : LogMsg: bta_scan_results_cb_impl : type 0 channel 0
05-19 13:24:10.421  7182  7218 I bt_btif : LogMsg: bta_scan_results_cb_impl: HAL bt_gatt_callbacks->scanner->scan_result_cb
05-19 13:24:10.421  7182  7218 D BtGatt.GattService: onScanResult() - eventType=0x10, addressType=1, address=5C:5D:BD:A5:A3:5D, primaryPhy=1, secondaryPhy=0, advertisingSid=0xff, txPower=127, rssi=-93, periodicAdvInt=0x0, originalAddress=5C:5D:BD:A5:A3:5D, type=0, channel=0
05-19 13:24:10.421  7182  7218 D BtGatt.GattService: Skipping client: permission=true matches=false
05-19 13:24:10.421  7182  7218 D BtGatt.GattService: Skipping client: permission=true matches=false
05-19 13:24:10.421  7182  7218 D BtGatt.GattService: Skipping client: permission=true matches=false
05-19 13:24:10.422  7182  7218 D BtGatt.GattService: Skipping client: permission=true matches=false
05-19 13:24:10.422  7182  7218 D BtGatt.GattService: Skipping client: permission=true matches=false
05-19 13:24:10.422  7182  7218 D BtGatt.GattService: Skipping client: permission=true matches=false
05-19 13:24:10.427  1176  1176 D Layer   : reparent to null sequence=252019, seq[6], name=com.android.launcher/com.android.launcher.Launcher#252019
05-19 13:24:10.427  1176  1176 D Layer   : reparent to null sequence=252016, seq[6], name=com.android.launcher/com.android.launcher.Launcher#252016
05-19 13:24:10.428  1176  1176 I BufferQueueDebug: [com.android.launcher/com.android.launcher.Launcher#252019](this:0xb400006fb3df29e8,id:-1,api:0,p:-1,c:1176) onDestructor()
05-19 13:24:10.428  1176  1176 D OplusLayer: ~Layer() sequence=252019, name=com.android.launcher/com.android.launcher.Launcher#252019
05-19 13:24:10.430  3728 30791 D OplusAtlas.OplusAtlasEventDispatch: setEvent:atlas_event_on_foreground_activities_changed info:pid:2821,uid:10106,hasForegroundActivities:0
05-19 13:24:10.430  4993  3930 V DeepThinker: ProcessManager: onForegroundActivitiesChanged pid:2821, uid:10106, foregroundActivities:false
