05-19 13:24:08.464 15027 15027 V ActivityScenario: Update currentActivityStage to PAUSED, currentActivity=com.example.healthcare.LabTestActivity@cb35
05-19 13:24:08.465  1931  2436 D OplusUIFirst_FB: com.example.healthcare activity event: []
05-19 13:24:08.465  1931  2436 D OplusUIFirst_FB: List of ThreadOp: size=0 []
05-19 13:24:08.465  1931  2436 D OplusUIFirst_FB: handleParaSwitch com.example.healthcare null null 1
05-19 13:24:08.466  1931  2436 D OplusUIFirst_FB: com.example.healthcare activity event: []
05-19 13:24:08.466  1931  2436 D OplusUIFirst_FB: List of ThreadOp: size=0 []
05-19 13:24:08.466  1931  2436 D OplusUIFirst_FB: handleParaSwitch com.example.healthcare null null 1
05-19 13:24:08.467  1486  1573 D AALCust : aal_backlight_bits, specialConfig:12
05-19 13:24:08.467  1486  1573 D AAL     : onBacklightChanged: 375/1023 -> 401/1023(phy:401/4095)
05-19 13:24:08.468  7182  7321 V bt_stack: [VERBOSE1:btm_ble_gap.cc(2573)] btm_ble_process_adv_addr: bda=26:**:**:**:41:43 addr_type=1
05-19 13:24:08.468  7182  7321 I bt_btm  : LogMsg: btm_ble_process_adv_pkt: pkt_data_len: 15
05-19 13:24:08.468  7182  7321 I bt_btif : LogMsg: bta_dm_observe_results_cb
05-19 13:24:08.468  7182  7321 I bt_btif : LogMsg: btif_ble_scanner_update_COD 26:1b:11:4f:41:43 cod is 0x000000
05-19 13:24:08.468  7182  7321 I bt_btif : LogMsg: btif_ble_scanner_update_COD cod in config 0x001f00, status=0
05-19 13:24:08.468  7182  7321 I bt_btif : LogMsg: btif_ble_scanner_update_COD invalid cod 0x0, use cod 0x1f00 in config
05-19 13:24:08.468  7182  7218 I bt_btif : LogMsg: bta_scan_results_cb_impl : type 0 channel 0
05-19 13:24:08.468  7182  7218 I bt_btif : LogMsg: bta_scan_results_cb_impl: HAL bt_gatt_callbacks->scanner->scan_result_cb
05-19 13:24:08.469  7182  7218 D BtGatt.GattService: onScanResult() - eventType=0x10, addressType=1, address=26:1B:11:4F:41:43, primaryPhy=1, secondaryPhy=0, advertisingSid=0xff, txPower=127, rssi=-96, periodicAdvInt=0x0, originalAddress=26:1B:11:4F:41:43, type=0, channel=0
05-19 13:24:08.469  7182  7218 D BtGatt.GattService: Skipping client: permission=true matches=false
05-19 13:24:08.469  7182  7218 D BtGatt.GattService: Skipping client: permission=true matches=false
05-19 13:24:08.469  7182  7218 D BtGatt.GattService: Skipping client: permission=true matches=false
05-19 13:24:08.469  7182  7218 D BtGatt.GattService: Skipping client: permission=true matches=false
05-19 13:24:08.469  7182  7218 D BtGatt.GattService: Skipping client: permission=true matches=false
05-19 13:24:08.469  7182  7218 D BtGatt.GattService: Skipping client: permission=true matches=false
05-19 13:24:08.472  1931  2436 I PowerHalWrapper: amsBoostNotify pid:15027,activity:com.example.healthcare.CartLabActivity, package:com.example.healthcare, mProcessCreatePackcom.example.healthcare
05-19 13:24:08.472  1931  2436 I PowerHalWrapper: state: 1
05-19 13:24:08.472  1931  2436 I mtkpower_client: [Legacy][PowerHal_Wrap_notifyAppState] com.example.healthcare/com.example.healthcare.CartLabActivity pid=15027 state:1
05-19 13:24:08.472  1931  2436 I game_scn: collectForegroundAppList packName=com.example.healthcare, actName=com.example.healthcare.CartLabActivity, pid=15027, uid=10495, state:RESUMED
05-19 13:24:08.472  1931  2436 I PowerHalWrapper: amsBoostNotify AMS_BOOST_PROCESS_CREATE_BOOST:false
05-19 13:24:08.472  1931  2436 I InputDispatcher: setFocusedApplication displayId=0 ActivityRecord{543ac98 u0 com.example.healthcare/.CartLabActivity} t2210}
05-19 13:24:08.473  1078  1116 I mtkpower@impl: [notifyAppState] act androidx.test.core.app.InstrumentationActivityInvoker$EmptyActivity => com.example.healthcare.CartLabActivity
05-19 13:24:08.477  7182  7321 V bt_stack: [VERBOSE1:btm_ble_gap.cc(2573)] btm_ble_process_adv_addr: bda=46:**:**:**:97:d5 addr_type=1
05-19 13:24:08.477  7182  7321 I bt_btm  : LogMsg: btm_ble_process_adv_pkt: pkt_data_len: 31
05-19 13:24:08.477  7182  7321 V bt_stack: [VERBOSE1:btm_ble_gap.cc(2573)] btm_ble_process_adv_addr: bda=46:**:**:**:97:d5 addr_type=1
05-19 13:24:08.477  7182  7321 I bt_btm  : LogMsg: btm_ble_process_adv_pkt: pkt_data_len: 0
05-19 13:24:08.477  7182  7321 I bt_btif : LogMsg: bta_dm_observe_results_cb
05-19 13:24:08.477  7182  7321 I bt_btif : LogMsg: btif_ble_scanner_update_COD 46:2a:19:3c:97:d5 cod is 0x000000
05-19 13:24:08.477  7182  7321 I bt_btif : LogMsg: btif_ble_scanner_update_COD cod in config 0x001f00, status=0
05-19 13:24:08.477  7182  7321 I bt_btif : LogMsg: btif_ble_scanner_update_COD invalid cod 0x0, use cod 0x1f00 in config
05-19 13:24:08.477  7182  7218 I bt_btif : LogMsg: bta_scan_results_cb_impl : type 0 channel 0
05-19 13:24:08.477  7182  7218 I bt_btif : LogMsg: bta_scan_results_cb_impl: HAL bt_gatt_callbacks->scanner->scan_result_cb
05-19 13:24:08.477  7182  7218 D BtGatt.GattService: onScanResult() - eventType=0x1b, addressType=1, address=46:2A:19:3C:97:D5, primaryPhy=1, secondaryPhy=0, advertisingSid=0xff, txPower=127, rssi=-91, periodicAdvInt=0x0, originalAddress=46:2A:19:3C:97:D5, type=0, channel=0
05-19 13:24:08.477  1931  2436 D Theia.NoFocusWindow: FocusWindowErrorScene CheckFreezeScreen
05-19 13:24:08.478  7182  7218 D BtGatt.GattService: Skipping client: permission=true matches=false
05-19 13:24:08.478  7182  7218 D BtGatt.GattService: Skipping client: permission=true matches=false
05-19 13:24:08.478  7182  7218 D BtGatt.GattService: Skipping client: permission=true matches=false
05-19 13:24:08.478  7182  7218 D BtGatt.GattService: Skipping client: permission=true matches=false
05-19 13:24:08.478  7182  7218 D BtGatt.GattService: Skipping client: permission=true matches=false
05-19 13:24:08.478  7182  7218 D BtGatt.GattService: Skipping client: permission=true matches=false
05-19 13:24:08.482  1931  2436 I PowerHalWrapper: amsBoostNotify pid:15027,activity:com.example.healthcare.LabTestActivity, package:com.example.healthcare, mProcessCreatePackcom.example.healthcare
05-19 13:24:08.482  1931  2436 I PowerHalWrapper: state: 0
05-19 13:24:08.482  1931  2436 I mtkpower_client: [Legacy][PowerHal_Wrap_notifyAppState] com.example.healthcare/com.example.healthcare.LabTestActivity pid=15027 state:0
05-19 13:24:08.482  1931  2436 I game_scn: collectForegroundAppList packName=com.example.healthcare, actName=com.example.healthcare.LabTestActivity, pid=15027, uid=10495, state:PAUSED
05-19 13:24:08.482  1931  2436 I PowerHalWrapper: amsBoostNotify AMS_BOOST_PROCESS_CREATE_BOOST:false
05-19 13:24:08.484  1486  1573 D AALCust : aal_backlight_bits, specialConfig:12
05-19 13:24:08.484  1486  1573 D AAL     : onBacklightChanged: 401/1023 -> 428/1023(phy:428/4095)
05-19 13:24:08.490  1176  1176 D Layer   : reparent to null sequence=251979, seq[1], name=Surface(name=c402886 StatusBar)/@0xaf05d85 - animation-leash of insets_animation#251979
05-19 13:24:08.490  1176  1176 D Layer   : reparent to null sequence=251980, seq[2], name=Surface(name=28e464 NavigationBar0)/@0xde740b - animation-leash of insets_animation#251980
05-19 13:24:08.494  1931  2479 I mtkpower_client: perf_lock_rel, hdl:511891, tid:2479
05-19 13:24:08.495  1931  2479 I mtkpower_client: perf_lock_acq, hdl:511891, dur:0, num:10, tid:2479
05-19 13:24:08.495  1078  1185 I libPowerHal: [perfLockRel] hdl:511891, idx:0
05-19 13:24:08.495  1078  1185 I libPowerHal: [PD] system_server update cmd:1c3c000 param:1
05-19 13:24:08.495  1078  1185 I libPowerHal: [PD] (more) /proc/mcdi/state set +prefix:enable 1;
05-19 13:24:08.495  1078  1185 I libPowerHal: [PD] system_server update cmd:2004100 param:2
05-19 13:24:08.496  1931  2479 I mtkpower_client: ret_hdl:511894
05-19 13:24:08.500  1486  1573 D AALCust : aal_backlight_bits, specialConfig:12
05-19 13:24:08.500  1486  1573 D AAL     : onBacklightChanged: 428/1023 -> 454/1023(phy:454/4095)
05-19 13:24:08.501  1486  1573 D AAL     : 05-19 01:24:08.434 BL= 348,ESS= 256, 05-19 01:24:08.451 BL= 374,ESS= 256, 05-19 01:24:08.468 BL= 401,ESS= 256, 05-19 01:24:08.484 BL= 427,ESS= 256, 05-19 01:24:08.501 BL= 454,ESS= 256,
05-19 13:24:08.501 15027 15027 D LifecycleMonitor: Lifecycle status change: com.example.healthcare.CartLabActivity@34094aa in: PRE_ON_CREATE
05-19 13:24:08.502 15027 15027 V ActivityScenario: Activity lifecycle changed event received but ignored because the intent does not match. startActivityIntent=Intent { act=android.intent.action.MAIN cat=[android.intent.category.LAUNCHER] flg=0x10008000 cmp=com.example.healthcare/.LabTestActivity }, activity.getIntent()=Intent { cmp=com.example.healthcare/.CartLabActivity mCallingUid=10495 }, activity=com.example.healthcare.CartLabActivity@34094aa
05-19 13:24:08.508  1931  2436 I FocusResolver: updateFocusedWindow,  on display 0, reason: Waiting for window because NOT_FOCUSABLE, result:   FocusedWindows: <none>
05-19 13:24:08.509 15027 15131 D libMEOW : meow new tls: 0xb4000071f1980fc0
05-19 13:24:08.509 15027 15131 D libMEOW : applied 1 plugins for [com.example.healthcare]:
05-19 13:24:08.509 15027 15131 D libMEOW :   plugin 1: [libMEOW_gift.so]: 0xb4000071e5138080
05-19 13:24:08.509 15027 15131 D libMEOW : rebuild call chain: 0xb4000071f19721c0
05-19 13:24:08.510 15027 15131 D libMEOW : meow delete tls: 0xb4000071f1980fc0
05-19 13:24:08.517  1486  1573 D AALCust : aal_backlight_bits, specialConfig:12
05-19 13:24:08.517  1486  1573 D AAL     : onBacklightChanged: 454/1023 -> 481/1023(phy:481/4095)
05-19 13:24:08.522 15027 15027 D skia    : SkJpegCodec::onGetPixels +
05-19 13:24:08.529  7182  7321 V bt_stack: [VERBOSE1:btm_ble_gap.cc(2573)] btm_ble_process_adv_addr: bda=46:**:**:**:97:d5 addr_type=1
05-19 13:24:08.529  7182  7321 I bt_btm  : LogMsg: btm_ble_process_adv_pkt: pkt_data_len: 31
05-19 13:24:08.529  7182  7321 V bt_stack: [VERBOSE1:btm_ble_gap.cc(2573)] btm_ble_process_adv_addr: bda=46:**:**:**:97:d5 addr_type=1
05-19 13:24:08.529  7182  7321 I bt_btm  : LogMsg: btm_ble_process_adv_pkt: pkt_data_len: 0
05-19 13:24:08.529  7182  7321 I bt_btif : LogMsg: bta_dm_observe_results_cb
05-19 13:24:08.529  7182  7321 I bt_btif : LogMsg: btif_ble_scanner_update_COD 46:2a:19:3c:97:d5 cod is 0x000000
05-19 13:24:08.529  7182  7321 I bt_btif : LogMsg: btif_ble_scanner_update_COD cod in config 0x001f00, status=0
05-19 13:24:08.529  7182  7321 I bt_btif : LogMsg: btif_ble_scanner_update_COD invalid cod 0x0, use cod 0x1f00 in config
05-19 13:24:08.530  7182  7218 I bt_btif : LogMsg: bta_scan_results_cb_impl : type 0 channel 0
05-19 13:24:08.530  7182  7218 I bt_btif : LogMsg: bta_scan_results_cb_impl: HAL bt_gatt_callbacks->scanner->scan_result_cb
05-19 13:24:08.530  7182  7218 D BtGatt.GattService: onScanResult() - eventType=0x1b, addressType=1, address=46:2A:19:3C:97:D5, primaryPhy=1, secondaryPhy=0, advertisingSid=0xff, txPower=127, rssi=-91, periodicAdvInt=0x0, originalAddress=46:2A:19:3C:97:D5, type=0, channel=0
05-19 13:24:08.530  7182  7218 D BtGatt.GattService: Skipping client: permission=true matches=false
05-19 13:24:08.530  7182  7218 D BtGatt.GattService: Skipping client: permission=true matches=false
05-19 13:24:08.530  7182  7218 D BtGatt.GattService: Skipping client: permission=true matches=false
05-19 13:24:08.530  7182  7218 D BtGatt.GattService: Skipping client: permission=true matches=false
05-19 13:24:08.530  7182  7218 D BtGatt.GattService: Skipping client: permission=true matches=false
05-19 13:24:08.530  7182  7218 D BtGatt.GattService: Skipping client: permission=true matches=false
05-19 13:24:08.531 15027 15027 D skia    : SkJpegCodec::onGetPixels -
05-19 13:24:08.533  1486  1573 D AALCust : aal_backlight_bits, specialConfig:12
05-19 13:24:08.533  1486  1573 D AAL     : onBacklightChanged: 481/1023 -> 507/1023(phy:507/4095)
05-19 13:24:08.547  2431  2556 D BLASTBufferQueue: [VRI[healthcare][Splash Screen com.example.healthcare]#19891](f:0,a:1) destructor()
05-19 13:24:08.547  2431  2556 D BufferQueueConsumer: [VRI[healthcare][Splash Screen com.example.healthcare]#19891(BLAST Consumer)19891](id:97f00004e4f,api:0,p:-1,c:2431) disconnect
05-19 13:24:08.548  2431  2556 D OplusScrollToTopManager: unregisterGuidePopupDismissReceiverInSystemUI
05-19 13:24:08.548  2431  2556 D OplusScrollToTopManager: Receiver not registered: android.view.OplusScrollToTopManager$1@9a714e3
05-19 13:24:08.548  2431  2556 D OplusScrollToTopManager: unregisterSystemUIBroadcastReceiver
05-19 13:24:08.548  2431  2556 D OplusScrollToTopManager: java.lang.IllegalArgumentException: Receiver not registered: android.view.OplusScrollToTopManager$2@f133ee0
05-19 13:24:08.550  1486  1573 D AALCust : aal_backlight_bits, specialConfig:12
05-19 13:24:08.550  1486  1573 D AAL     : onBacklightChanged: 507/1023 -> 534/1023(phy:534/4095)
05-19 13:24:08.550  1931  2436 W InputManager-JNI: Input channel object 'f959ee Splash Screen com.example.healthcare (client)' was disposed without first being removed with the input manager!
05-19 13:24:08.556  1176  1176 D Layer   : reparent to null sequence=251981, seq[32], name=Surface(name=bc2b238 com.example.healthcare/com.example.healthcare.LabTestActivity)/@0x165f06f - animation-leash of starting_reveal#251981
05-19 13:24:08.560  1931  2479 I mtkpower_client: perf_lock_rel, hdl:511894, tid:2479
05-19 13:24:08.561  1931  2479 I mtkpower_client: perf_lock_acq, hdl:511894, dur:0, num:10, tid:2479
05-19 13:24:08.561  1078  1185 I libPowerHal: [perfLockRel] hdl:511894, idx:0
05-19 13:24:08.561  1078  1185 I libPowerHal: [PD] system_server update cmd:1c3c000 param:1
05-19 13:24:08.561  1078  1185 I libPowerHal: [PD] (more) /proc/mcdi/state set +prefix:enable 1;
05-19 13:24:08.561  1078  1185 I libPowerHal: [PD] system_server update cmd:2004100 param:2
05-19 13:24:08.562  1931  2479 I mtkpower_client: ret_hdl:511895
05-19 13:24:08.566  1486  1573 D AALCust : aal_backlight_bits, specialConfig:12
05-19 13:24:08.566  1486  1573 D AAL     : onBacklightChanged: 534/1023 -> 560/1023(phy:560/4095)
05-19 13:24:08.583  1486  1573 D AALCust : aal_backlight_bits, specialConfig:12
05-19 13:24:08.583  1486  1573 D AAL     : onBacklightChanged: 560/1023 -> 587/1023(phy:587/4095)
05-19 13:24:08.584  1486  1573 D AAL     : 05-19 01:24:08.517 BL= 480,ESS= 256, 05-19 01:24:08.534 BL= 507,ESS= 256, 05-19 01:24:08.550 BL= 533,ESS= 256, 05-19 01:24:08.567 BL= 560,ESS= 256, 05-19 01:24:08.584 BL= 586,ESS= 256,
05-19 13:24:08.600  1486  1573 D AALCust : aal_backlight_bits, specialConfig:12
05-19 13:24:08.600  1486  1573 D AAL     : onBacklightChanged: 587/1023 -> 613/1023(phy:613/4095)
05-19 13:24:08.604 15027 15027 D AutofillManager: Fill dialog is enabled:false, hints=[password, passwordAuto, creditCardNumber, creditCardSecurityCode, creditCardExpirationDate]
05-19 13:24:08.604 15027 15027 V TextView: notifyAutoFillManagerAfterTextChanged
05-19 13:24:08.604 15027 15027 V AutofillManager: notifyValueChanged(1073741824): ignoring on state UNKNOWN
05-19 13:24:08.605 15027 15027 V TextView: notifyAutoFillManagerAfterTextChanged
05-19 13:24:08.605 15027 15027 V AutofillManager: notifyValueChanged(1073741824): ignoring on state UNKNOWN
05-19 13:24:08.606 15027 15027 V TextView: notifyAutoFillManagerAfterTextChanged
05-19 13:24:08.606 15027 15027 V AutofillManager: notifyValueChanged(1073741824): ignoring on state UNKNOWN
05-19 13:24:08.611 15027 15027 V TextView: notifyAutoFillManagerAfterTextChanged
05-19 13:24:08.611 15027 15027 V AutofillManager: notifyValueChanged(1073741825): ignoring on state UNKNOWN
05-19 13:24:08.611 15027 15027 V TextView: notifyAutoFillManagerAfterTextChanged
05-19 13:24:08.611 15027 15027 V AutofillManager: notifyValueChanged(1073741825): ignoring on state UNKNOWN
05-19 13:24:08.613 15027 15027 V TextView: notifyAutoFillManagerAfterTextChanged
05-19 13:24:08.613 15027 15027 V AutofillManager: notifyValueChanged(1073741825): ignoring on state UNKNOWN
05-19 13:24:08.616  1486  1573 D AALCust : aal_backlight_bits, specialConfig:12
05-19 13:24:08.616  1486  1573 D AAL     : onBacklightChanged: 613/1023 -> 640/1023(phy:640/4095)
05-19 13:24:08.617 15027 15027 V TextView: notifyAutoFillManagerAfterTextChanged
05-19 13:24:08.617 15027 15027 V AutofillManager: notifyValueChanged(1073741826): ignoring on state UNKNOWN
05-19 13:24:08.618 15027 15027 V TextView: notifyAutoFillManagerAfterTextChanged
05-19 13:24:08.618 15027 15027 V AutofillManager: notifyValueChanged(1073741826): ignoring on state UNKNOWN
05-19 13:24:08.619 15027 15027 V TextView: notifyAutoFillManagerAfterTextChanged
05-19 13:24:08.619 15027 15027 V AutofillManager: notifyValueChanged(1073741826): ignoring on state UNKNOWN
05-19 13:24:08.633  1486  1573 D AALCust : aal_backlight_bits, specialConfig:12
05-19 13:24:08.633  1486  1573 D AAL     : onBacklightChanged: 640/1023 -> 666/1023(phy:666/4095)
05-19 13:24:08.649  1486  1573 D AALCust : aal_backlight_bits, specialConfig:12
05-19 13:24:08.649  1486  1573 D AAL     : onBacklightChanged: 666/1023 -> 692/1023(phy:692/4095)
05-19 13:24:08.655 15027 15027 D ScrollOptimizationHelper: can't find the config file for optimizaiton
05-19 13:24:08.655 15027 15027 D ScrollOptimizationHelper: will not debug for debug is false
05-19 13:24:08.655 15027 15027 I oplus.android.OplusFrameworkFactoryImpl: get feature:IOplusDynamicVsyncFeature
05-19 13:24:08.655 15027 15027 I oplus.android.OplusFrameworkFactoryImpl: get feature:IOplusDynamicVsyncFeature
05-19 13:24:08.655 15027 15027 I oplus.android.OplusFrameworkFactoryImpl: get feature:IOplusDynamicVsyncFeature
05-19 13:24:08.666  1486  1573 D AALCust : aal_backlight_bits, specialConfig:12
05-19 13:24:08.666  1486  1573 D AAL     : onBacklightChanged: 692/1023 -> 719/1023(phy:719/4095)
05-19 13:24:08.666  1486  1573 D AAL     : 05-19 01:24:08.600 BL= 613,ESS= 256, 05-19 01:24:08.616 BL= 640,ESS= 256, 05-19 01:24:08.633 BL= 665,ESS= 256, 05-19 01:24:08.650 BL= 692,ESS= 256, 05-19 01:24:08.666 BL= 718,ESS= 256,
05-19 13:24:08.682 15027 15041 I mple.healthcare: Compiler allocated 4148KB to compile void android.widget.TextView.<init>(android.content.Context, android.util.AttributeSet, int, int)
05-19 13:24:08.682 15027 15027 V TextView: notifyAutoFillManagerAfterTextChanged
05-19 13:24:08.682 15027 15027 V AutofillManager: notifyValueChanged(1073741825): ignoring on state UNKNOWN
05-19 13:24:08.682  1486  1573 D AALCust : aal_backlight_bits, specialConfig:12
05-19 13:24:08.682  1486  1573 D AAL     : onBacklightChanged: 719/1023 -> 745/1023(phy:745/4095)
05-19 13:24:08.684 15027 15027 V TextView: notifyAutoFillManagerAfterTextChanged
05-19 13:24:08.685 15027 15027 V AutofillManager: notifyValueChanged(1073741824): ignoring on state UNKNOWN
05-19 13:24:08.687 15027 15027 V TextView: notifyAutoFillManagerAfterTextChanged
05-19 13:24:08.687 15027 15027 V AutofillManager: notifyValueChanged(1073741825): ignoring on state UNKNOWN
05-19 13:24:08.689 15027 15027 V TextView: notifyAutoFillManagerAfterTextChanged
05-19 13:24:08.689 15027 15027 V AutofillManager: notifyValueChanged(1073741825): ignoring on state UNKNOWN
05-19 13:24:08.690 15027 15027 V TextView: notifyAutoFillManagerAfterTextChanged
05-19 13:24:08.690 15027 15027 V AutofillManager: notifyValueChanged(1073741824): ignoring on state UNKNOWN
05-19 13:24:08.692 15027 15027 V TextView: notifyAutoFillManagerAfterTextChanged
05-19 13:24:08.692 15027 15027 V AutofillManager: notifyValueChanged(1073741824): ignoring on state UNKNOWN
05-19 13:24:08.693 15027 15027 V TextView: notifyAutoFillManagerAfterTextChanged
05-19 13:24:08.693 15027 15027 V AutofillManager: notifyValueChanged(1073741826): ignoring on state UNKNOWN
05-19 13:24:08.695 15027 15027 V TextView: notifyAutoFillManagerAfterTextChanged
05-19 13:24:08.695 15027 15027 V AutofillManager: notifyValueChanged(1073741826): ignoring on state UNKNOWN
05-19 13:24:08.696 15027 15027 V TextView: notifyAutoFillManagerAfterTextChanged
05-19 13:24:08.696 15027 15027 V AutofillManager: notifyValueChanged(1073741826): ignoring on state UNKNOWN
05-19 13:24:08.697 15027 15027 V TextView: notifyAutoFillManagerAfterTextChanged
05-19 13:24:08.697 15027 15027 V AutofillManager: notifyValueChanged(1073741824): ignoring on state UNKNOWN
05-19 13:24:08.698 15027 15027 V TextView: notifyAutoFillManagerAfterTextChanged
05-19 13:24:08.698 15027 15027 V AutofillManager: notifyValueChanged(1073741825): ignoring on state UNKNOWN
05-19 13:24:08.699  1486  1573 D AALCust : aal_backlight_bits, specialConfig:12
05-19 13:24:08.699  1486  1573 D AAL     : onBacklightChanged: 745/1023 -> 772/1023(phy:772/4095)
05-19 13:24:08.700 15027 15027 V TextView: notifyAutoFillManagerAfterTextChanged
05-19 13:24:08.700 15027 15027 V AutofillManager: notifyValueChanged(1073741824): ignoring on state UNKNOWN
05-19 13:24:08.702 15027 15027 V TextView: notifyAutoFillManagerAfterTextChanged
05-19 13:24:08.702 15027 15027 V AutofillManager: notifyValueChanged(1073741824): ignoring on state UNKNOWN
05-19 13:24:08.704 15027 15027 V TextView: notifyAutoFillManagerAfterTextChanged
05-19 13:24:08.704 15027 15027 V AutofillManager: notifyValueChanged(1073741824): ignoring on state UNKNOWN
05-19 13:24:08.705 15027 15027 V TextView: notifyAutoFillManagerAfterTextChanged
05-19 13:24:08.705 15027 15027 V AutofillManager: notifyValueChanged(1073741824): ignoring on state UNKNOWN
05-19 13:24:08.705  4740  5387 I AudioTrack: getMarkerPosition(): 0xb4000070dfbf0000, marker = 169028
05-19 13:24:08.705  4740  5387 I AudioTrack: getMarkerPosition(): 0xb4000070dfbf0000, marker = 169028
05-19 13:24:08.706 15027 15027 D CompatibilityChangeReporter: Compat change id reported: 170233598; UID 10495; state: DISABLED
05-19 13:24:08.708 15027 15027 V TextView: notifyAutoFillManagerAfterTextChanged
05-19 13:24:08.708 15027 15027 V AutofillManager: notifyValueChanged(1073741824): ignoring on state UNKNOWN
05-19 13:24:08.710 15027 15027 V TextView: notifyAutoFillManagerAfterTextChanged
05-19 13:24:08.710 15027 15027 V AutofillManager: notifyValueChanged(1073741824): ignoring on state UNKNOWN
05-19 13:24:08.711 15027 15027 V TextView: notifyAutoFillManagerAfterTextChanged
05-19 13:24:08.711 15027 15027 V AutofillManager: notifyValueChanged(1073741824): ignoring on state UNKNOWN
05-19 13:24:08.712 15027 15027 V TextView: notifyAutoFillManagerAfterTextChanged
05-19 13:24:08.713 15027 15027 V AutofillManager: notifyValueChanged(1073741824): ignoring on state UNKNOWN
05-19 13:24:08.714 15027 15027 V TextView: notifyAutoFillManagerAfterTextChanged
05-19 13:24:08.714 15027 15027 V AutofillManager: notifyValueChanged(1073741825): ignoring on state UNKNOWN
05-19 13:24:08.715  1486  1573 D AALCust : aal_backlight_bits, specialConfig:12
05-19 13:24:08.715  1486  1573 D AAL     : onBacklightChanged: 772/1023 -> 798/1023(phy:798/4095)
05-19 13:24:08.716 15027 15027 V TextView: notifyAutoFillManagerAfterTextChanged
05-19 13:24:08.716 15027 15027 V AutofillManager: notifyValueChanged(1073741824): ignoring on state UNKNOWN
05-19 13:24:08.717 15027 15027 V TextView: notifyAutoFillManagerAfterTextChanged
05-19 13:24:08.717 15027 15027 V AutofillManager: notifyValueChanged(1073741824): ignoring on state UNKNOWN
05-19 13:24:08.717 15027 15027 V AutofillManager: notifyValueChanged(1073741827): ignoring on state UNKNOWN
05-19 13:24:08.718 15027 15027 V TextView: notifyAutoFillManagerAfterTextChanged
05-19 13:24:08.718 15027 15027 V AutofillManager: notifyValueChanged(1073741824): ignoring on state UNKNOWN
05-19 13:24:08.720 15027 15027 V TextView: notifyAutoFillManagerAfterTextChanged
05-19 13:24:08.720 15027 15027 V AutofillManager: notifyValueChanged(1073741824): ignoring on state UNKNOWN
05-19 13:24:08.721 15027 15027 V TextView: notifyAutoFillManagerAfterTextChanged
05-19 13:24:08.721 15027 15027 V AutofillManager: notifyValueChanged(1073741824): ignoring on state UNKNOWN
05-19 13:24:08.722 15027 15027 V TextView: notifyAutoFillManagerAfterTextChanged
05-19 13:24:08.723 15027 15027 V AutofillManager: notifyValueChanged(1073741824): ignoring on state UNKNOWN
05-19 13:24:08.723 15027 15027 V AutofillManager: notifyValueChanged(1073741827): ignoring on state UNKNOWN
05-19 13:24:08.725 15027 15027 V TextView: notifyAutoFillManagerAfterTextChanged
05-19 13:24:08.725 15027 15027 V AutofillManager: notifyValueChanged(1073741824): ignoring on state UNKNOWN
05-19 13:24:08.726 15027 15027 V TextView: notifyAutoFillManagerAfterTextChanged
05-19 13:24:08.727 15027 15027 V AutofillManager: notifyValueChanged(1073741824): ignoring on state UNKNOWN
05-19 13:24:08.732  1486  1573 D AALCust : aal_backlight_bits, specialConfig:12
05-19 13:24:08.732  1486  1573 D AAL     : onBacklightChanged: 798/1023 -> 825/1023(phy:825/4095)
05-19 13:24:08.735 15027 15027 V TextView: notifyAutoFillManagerAfterTextChanged
05-19 13:24:08.735 15027 15027 V AutofillManager: notifyValueChanged(1073741828): ignoring on state UNKNOWN
05-19 13:24:08.736 15027 15027 V TextView: notifyAutoFillManagerAfterTextChanged
05-19 13:24:08.736 15027 15027 V AutofillManager: notifyValueChanged(1073741828): ignoring on state UNKNOWN
05-19 13:24:08.737 15027 15027 V TextView: notifyAutoFillManagerAfterTextChanged
05-19 13:24:08.737 15027 15027 V AutofillManager: notifyValueChanged(1073741828): ignoring on state UNKNOWN
05-19 13:24:08.738  1176  1176 D Layer   : reparent to null sequence=251971, seq[5], name=Splash Screen com.example.healthcare#251971
05-19 13:24:08.738  1176  1176 D Layer   : reparent to null sequence=251970, seq[3], name=f959ee Splash Screen com.example.healthcare#251970
05-19 13:24:08.738  1176  1176 D Layer   : reparent to null sequence=251986, seq[23], name=Surface(name=f959ee Splash Screen com.example.healthcare)/@0xc575dba - animation-leash of window_animation#251986
05-19 13:24:08.738  1176  1176 D Layer   : reparent to null sequence=251984, seq[1], name=Surface(name=c402886 StatusBar)/@0xaf05d85 - animation-leash of insets_animation#251984
05-19 13:24:08.738  1176  1176 D Layer   : reparent to null sequence=251985, seq[2], name=Surface(name=28e464 NavigationBar0)/@0xde740b - animation-leash of insets_animation#251985
05-19 13:24:08.739  1176  1176 D OplusLayer: ~Layer() sequence=251986, name=Surface(name=f959ee Splash Screen com.example.healthcare)/@0xc575dba - animation-leash of window_animation#251986
05-19 13:24:08.739  1176  1176 D OplusLayer: ~Layer() sequence=251970, name=f959ee Splash Screen com.example.healthcare#251970
05-19 13:24:08.739  1176  1176 D OplusLayer: ~Layer() sequence=251984, name=Surface(name=c402886 StatusBar)/@0xaf05d85 - animation-leash of insets_animation#251984
05-19 13:24:08.739  1176  1176 D OplusLayer: ~Layer() sequence=251985, name=Surface(name=28e464 NavigationBar0)/@0xde740b - animation-leash of insets_animation#251985
05-19 13:24:08.742  1176  1176 I BufferQueueDebug: [Splash Screen com.example.healthcare#251971](this:0xb400006fc3bab9e8,id:-1,api:0,p:-1,c:1176) onDestructor()
05-19 13:24:08.743  1176  1176 D OplusLayer: ~Layer() sequence=251971, name=Splash Screen com.example.healthcare#251971
05-19 13:24:08.743  1176  1176 I DispPerfService: updateLayerMask 0
05-19 13:24:08.743 15027 15027 V TextView: notifyAutoFillManagerAfterTextChanged
05-19 13:24:08.744 15027 15027 V AutofillManager: notifyValueChanged(1073741829): ignoring on state UNKNOWN
05-19 13:24:08.744 15027 15027 V TextView: notifyAutoFillManagerAfterTextChanged
05-19 13:24:08.744 15027 15027 V AutofillManager: notifyValueChanged(1073741829): ignoring on state UNKNOWN
05-19 13:24:08.746 15027 15027 V TextView: notifyAutoFillManagerAfterTextChanged
05-19 13:24:08.746 15027 15027 V AutofillManager: notifyValueChanged(1073741829): ignoring on state UNKNOWN
05-19 13:24:08.749  1486  1573 D AALCust : aal_backlight_bits, specialConfig:12
05-19 13:24:08.749  1486  1573 D AAL     : onBacklightChanged: 825/1023 -> 851/1023(phy:851/4095)
05-19 13:24:08.749  1486  1573 D AAL     : 05-19 01:24:08.683 BL= 745,ESS= 256, 05-19 01:24:08.699 BL= 771,ESS= 256, 05-19 01:24:08.716 BL= 798,ESS= 256, 05-19 01:24:08.732 BL= 824,ESS= 256, 05-19 01:24:08.749 BL= 851,ESS= 256,
05-19 13:24:08.751 15027 15027 V TextView: notifyAutoFillManagerAfterTextChanged
05-19 13:24:08.751 15027 15027 V AutofillManager: notifyValueChanged(1073741830): ignoring on state UNKNOWN
05-19 13:24:08.751 15027 15027 V TextView: notifyAutoFillManagerAfterTextChanged
05-19 13:24:08.752 15027 15027 V AutofillManager: notifyValueChanged(1073741830): ignoring on state UNKNOWN
05-19 13:24:08.753 15027 15027 V TextView: notifyAutoFillManagerAfterTextChanged
05-19 13:24:08.753 15027 15027 V AutofillManager: notifyValueChanged(1073741830): ignoring on state UNKNOWN
05-19 13:24:08.756 15027 15027 V TextView: notifyAutoFillManagerAfterTextChanged
05-19 13:24:08.756 15027 15027 V AutofillManager: notifyValueChanged(1073741829): ignoring on state UNKNOWN
05-19 13:24:08.758 15027 15027 V TextView: notifyAutoFillManagerAfterTextChanged
05-19 13:24:08.758 15027 15027 V AutofillManager: notifyValueChanged(1073741830): ignoring on state UNKNOWN
05-19 13:24:08.760 15027 15027 V TextView: notifyAutoFillManagerAfterTextChanged
05-19 13:24:08.760 15027 15027 V AutofillManager: notifyValueChanged(1073741828): ignoring on state UNKNOWN
05-19 13:24:08.761 15027 15027 V TextView: notifyAutoFillManagerAfterTextChanged
05-19 13:24:08.761 15027 15027 V AutofillManager: notifyValueChanged(1073741828): ignoring on state UNKNOWN
05-19 13:24:08.763 15027 15027 V TextView: notifyAutoFillManagerAfterTextChanged
05-19 13:24:08.763 15027 15027 V AutofillManager: notifyValueChanged(1073741830): ignoring on state UNKNOWN
05-19 13:24:08.764 15027 15027 V TextView: notifyAutoFillManagerAfterTextChanged
05-19 13:24:08.764 15027 15027 V AutofillManager: notifyValueChanged(1073741829): ignoring on state UNKNOWN
05-19 13:24:08.765  1486  1573 D AALCust : aal_backlight_bits, specialConfig:12
05-19 13:24:08.765  1486  1573 D AAL     : onBacklightChanged: 851/1023 -> 878/1023(phy:878/4095)
05-19 13:24:08.767 15027 15027 V TextView: notifyAutoFillManagerAfterTextChanged
05-19 13:24:08.767 15027 15027 V AutofillManager: notifyValueChanged(1073741828): ignoring on state UNKNOWN
05-19 13:24:08.768 15027 15027 V TextView: notifyAutoFillManagerAfterTextChanged
05-19 13:24:08.768 15027 15027 V AutofillManager: notifyValueChanged(1073741828): ignoring on state UNKNOWN
05-19 13:24:08.770 15027 15027 V TextView: notifyAutoFillManagerAfterTextChanged
05-19 13:24:08.770 15027 15027 V AutofillManager: notifyValueChanged(1073741828): ignoring on state UNKNOWN
05-19 13:24:08.770 15027 15027 V AutofillManager: notifyValueChanged(1073741831): ignoring on state UNKNOWN
05-19 13:24:08.771 15027 15027 D LifecycleMonitor: Lifecycle status change: com.example.healthcare.CartLabActivity@34094aa in: CREATED
05-19 13:24:08.771 15027 15027 V ActivityScenario: Activity lifecycle changed event received but ignored because the intent does not match. startActivityIntent=Intent { act=android.intent.action.MAIN cat=[android.intent.category.LAUNCHER] flg=0x10008000 cmp=com.example.healthcare/.LabTestActivity }, activity.getIntent()=Intent { cmp=com.example.healthcare/.CartLabActivity mCallingUid=10495 }, activity=com.example.healthcare.CartLabActivity@34094aa
05-19 13:24:08.774 15027 15027 D LifecycleMonitor: Lifecycle status change: com.example.healthcare.CartLabActivity@34094aa in: STARTED
05-19 13:24:08.774 15027 15027 V ActivityScenario: Activity lifecycle changed event received but ignored because the intent does not match. startActivityIntent=Intent { act=android.intent.action.MAIN cat=[android.intent.category.LAUNCHER] flg=0x10008000 cmp=com.example.healthcare/.LabTestActivity }, activity.getIntent()=Intent { cmp=com.example.healthcare/.CartLabActivity mCallingUid=10495 }, activity=com.example.healthcare.CartLabActivity@34094aa
05-19 13:24:08.775 15027 15027 D LifecycleMonitor: Lifecycle status change: com.example.healthcare.CartLabActivity@34094aa in: RESUMED
05-19 13:24:08.775 15027 15027 V ActivityScenario: Activity lifecycle changed event received but ignored because the intent does not match. startActivityIntent=Intent { act=android.intent.action.MAIN cat=[android.intent.category.LAUNCHER] flg=0x10008000 cmp=com.example.healthcare/.LabTestActivity }, activity.getIntent()=Intent { cmp=com.example.healthcare/.CartLabActivity mCallingUid=10495 }, activity=com.example.healthcare.CartLabActivity@34094aa
05-19 13:24:08.776  1176  1381 I SurfaceFlinger: [SF client] NEW(0xb400006fc38ffb80) for (15027:com.example.healthcare)
05-19 13:24:08.779 15027 15027 D WindowManager: Add to mViews: DecorView@a989d64[CartLabActivity],pkg= com.example.healthcare
05-19 13:24:08.782  1486  1573 D AALCust : aal_backlight_bits, specialConfig:12
05-19 13:24:08.782  1486  1573 D AAL     : onBacklightChanged: 878/1023 -> 904/1023(phy:904/4095)
05-19 13:24:08.798 15027 15027 D InputEventReceiver: Input log is disabled
05-19 13:24:08.798  1486  1573 D AALCust : aal_backlight_bits, specialConfig:12
05-19 13:24:08.798  1486  1573 D AAL     : onBacklightChanged: 904/1023 -> 931/1023(phy:931/4095)
05-19 13:24:08.802 15027 15027 D VRI[LabTestActivity]: onFocusEvent false
05-19 13:24:08.804  1176  1176 D OplusLayer: ~Layer() sequence=251979, name=Surface(name=c402886 StatusBar)/@0xaf05d85 - animation-leash of insets_animation#251979
05-19 13:24:08.804  1176  1176 D OplusLayer: ~Layer() sequence=251980, name=Surface(name=28e464 NavigationBar0)/@0xde740b - animation-leash of insets_animation#251980
05-19 13:24:08.812  1176  1308 D VRR [OTI-HW]: isStateReady 0
05-19 13:24:08.812  1176  1308 D VRR [OTI-HW]: rate range: min {id=0, hwcId=0, resolution=1080x2400, refreshRate=60.00 Hz, dpi=409.02x409.02, group=0} cur {id=0, hwcId=0, resolution=1080x2400, refreshRate=60.00 Hz, dpi=409.02x409.02, group=0} max {id=0, hwcId=0, resolution=1080x2400, refreshRate=60.00 Hz, dpi=409.02x409.02, group=0}
05-19 13:24:08.812  1176  1308 D VRR [OTI-HW]: keep rate.
05-19 13:24:08.815  1486  1573 D AALCust : aal_backlight_bits, specialConfig:12
05-19 13:24:08.815  1486  1573 D AAL     : onBacklightChanged: 931/1023 -> 957/1023(phy:957/4095)
05-19 13:24:08.819  1176  1389 I BufferQueueDebug: [com.example.healthcare/com.example.healthcare.CartLabActivity#251990](this:0xb400006fb80bd9e8,id:-1,api:0,p:-1,c:-1) BufferQueue core=(1176:/system/bin/surfaceflinger)
05-19 13:24:08.828  1931  2436 D Theia.NoFocusWindow: FocusWindowErrorScene cancelCheckFreezeScreen
05-19 13:24:08.830  1176  1381 D [OSIE]  : scltmLayer_name VRI[CartLabActivity][com.example.healthcare/com.example.healthcare.CartLabActivity]
05-19 13:24:08.830  1176  1381 D [OSIE]  : IsSCLTMLayer=0
05-19 13:24:08.830 15027 15027 D BufferQueueConsumer: [](id:3ab300000003,api:0,p:-1,c:15027) connect: controlledByApp=false
05-19 13:24:08.831  1486  1573 D AALCust : aal_backlight_bits, specialConfig:12
05-19 13:24:08.831  1486  1573 D AAL     : onBacklightChanged: 957/1023 -> 984/1023(phy:984/4095)
05-19 13:24:08.832  1486  1573 D AAL     : 05-19 01:24:08.765 BL= 878,ESS= 256, 05-19 01:24:08.782 BL= 903,ESS= 256, 05-19 01:24:08.799 BL= 931,ESS= 256, 05-19 01:24:08.815 BL= 956,ESS= 256, 05-19 01:24:08.832 BL= 984,ESS= 256,
05-19 13:24:08.838 15027 15027 D VRI[CartLabActivity]: registerCallbacksForSync syncBuffer=false
05-19 13:24:08.848  1486  1573 D AALCust : aal_backlight_bits, specialConfig:12
05-19 13:24:08.848  1486  1573 D AAL     : onBacklightChanged: 984/1023 -> 1010/1023(phy:1010/4095)
05-19 13:24:08.854  1176  1176 D Layer   : reparent to null sequence=251987, seq[1], name=Surface(name=c402886 StatusBar)/@0xaf05d85 - animation-leash of insets_animation#251987
05-19 13:24:08.854  1176  1176 D Layer   : reparent to null sequence=251988, seq[2], name=Surface(name=28e464 NavigationBar0)/@0xde740b - animation-leash of insets_animation#251988
05-19 13:24:08.864  1486  1573 D AALCust : aal_backlight_bits, specialConfig:12
05-19 13:24:08.864  1486  1573 D AAL     : onBacklightChanged: 1010/1023 -> 1037/1023(phy:1037/4095)
05-19 13:24:08.871 15027 15061 D BLASTBufferQueue: [VRI[CartLabActivity][com.example.healthcare/com.example.healthcare.CartLabActivity]#3](f:0,a:1) acquireNextBufferLocked size=1080x2400 mFrameNumber=1 applyTransaction=true mTimestamp=861288394881487(auto) mPendingTransactions.size=0 graphicBufferId=64540473557017 transform=0
05-19 13:24:08.871 15027 15061 D VRI[CartLabActivity]: Received frameCommittedCallback lastAttemptedDrawFrameNum=1 didProduceBuffer=true syncBuffer=false
05-19 13:24:08.872 15027 15061 W Parcel  : Expecting binder but got null!
05-19 13:24:08.872 15027 15027 D VRI[CartLabActivity]: draw finished.
05-19 13:24:08.881  1486  1573 D AALCust : aal_backlight_bits, specialConfig:12
05-19 13:24:08.881  1486  1573 D AAL     : onBacklightChanged: 1037/1023 -> 1063/1023(phy:1063/4095)
05-19 13:24:08.887  1176  1176 D BufferStateLayer: com.example.healthcare/com.example.healthcare.CartLabActivity#251990 setBuffer frameId=1, bufferId=64540473557017 fenceId=795, w= 1080, h=2400
05-19 13:24:08.887  1176  1176 D OplusLayer: (251990,com.example.healthcare/com.example.healthcare.CartLabActivity#251990,com.example.healthcare) setBuffer
05-19 13:24:08.892  1931  1955 I ActivityTaskManager: Displayed com.example.healthcare/.CartLabActivity: +486ms
05-19 13:24:08.897 15027 15027 D VRI[CartLabActivity]: registerCallbacksForSync syncBuffer=false
05-19 13:24:08.897  1486  1573 D AALCust : aal_backlight_bits, specialConfig:12
05-19 13:24:08.897  1486  1573 D AAL     : onBacklightChanged: 1063/1023 -> 1090/1023(phy:1090/4095)
05-19 13:24:08.904  1176  1176 D OplusLayer: ~Layer() sequence=251987, name=Surface(name=c402886 StatusBar)/@0xaf05d85 - animation-leash of insets_animation#251987
05-19 13:24:08.904  1176  1176 D OplusLayer: ~Layer() sequence=251988, name=Surface(name=28e464 NavigationBar0)/@0xde740b - animation-leash of insets_animation#251988
05-19 13:24:08.912 15027 15061 D VRI[CartLabActivity]: Received frameCommittedCallback lastAttemptedDrawFrameNum=3 didProduceBuffer=true syncBuffer=false
05-19 13:24:08.913  1176  1176 D OplusLayer: ~Layer() sequence=251998, name=Screenshot Parent#251998
05-19 13:24:08.913 15027 15027 D VRI[CartLabActivity]: draw finished.
05-19 13:24:08.915  1486  1573 D AALCust : aal_backlight_bits, specialConfig:12
05-19 13:24:08.915  1486  1573 D AAL     : onBacklightChanged: 1090/1023 -> 1116/1023(phy:1116/4095)
05-19 13:24:08.915  1486  1573 D AAL     : 05-19 01:24:08.848 BL=1009,ESS= 256, 05-19 01:24:08.865 BL=1037,ESS= 256, 05-19 01:24:08.881 BL=1062,ESS= 256, 05-19 01:24:08.898 BL=1089,ESS= 256, 05-19 01:24:08.915 BL=1115,ESS= 256,
05-19 13:24:08.916  1176  1381 I BufferQueueDebug: [Left Edge Extension#251999](this:0xb400006fc39809e8,id:-1,api:0,p:-1,c:-1) BufferQueue core=(1176:/system/bin/surfaceflinger)
05-19 13:24:08.917  1176  1176 D OplusLayer: ~Layer() sequence=252000, name=Screenshot Parent#252000
05-19 13:24:08.919  1176  1381 I BufferQueueDebug: [bbq-wrapper#252001](this:0xb400006fb3d399e8,id:-1,api:0,p:-1,c:-1) BufferQueue core=(1176:/system/bin/surfaceflinger)
05-19 13:24:08.921  1176  1239 I BufferQueueDebug: [Right Edge Extension#252002](this:0xb400006fb3d679e8,id:-1,api:0,p:-1,c:-1) BufferQueue core=(1176:/system/bin/surfaceflinger)
05-19 13:24:08.924  1176  1238 D [OSIE]  : scltmLayer_name bbq-adapter
05-19 13:24:08.924  1176  1238 D [OSIE]  : IsSCLTMLayer=0
05-19 13:24:08.925  1176  1238 I BufferQueueDebug: [bbq-wrapper#252003](this:0xb400006fb80ed9e8,id:-1,api:0,p:-1,c:-1) BufferQueue core=(1176:/system/bin/surfaceflinger)
05-19 13:24:08.925  1931 15677 D BufferQueueConsumer: [](id:78b00002ec5,api:0,p:-1,c:1931) connect: controlledByApp=false
05-19 13:24:08.927  1931 15677 E IPCThreadState: attemptIncStrongHandle(5008): Not supported
05-19 13:24:08.927  1931 15677 D BLASTBufferQueue: [bbq-adapter#8422](f:0,a:0) constructor() width=1 height=2400 format=-1
05-19 13:24:08.928  1176  2599 D [OSIE]  : scltmLayer_name bbq-adapter
05-19 13:24:08.928  1176  2599 D [OSIE]  : IsSCLTMLayer=0
05-19 13:24:08.928  1931 15678 D BufferQueueConsumer: [](id:78b00002ec6,api:0,p:-1,c:1931) connect: controlledByApp=false
05-19 13:24:08.928  1931 15677 D BLASTBufferQueue: [bbq-adapter#8422](f:0,a:1) acquireNextBufferLocked size=1x2400 mFrameNumber=1 applyTransaction=true mTimestamp=861288451674718(auto) mPendingTransactions.size=0 graphicBufferId=5050882626188 transform=0
05-19 13:24:08.928  1931 15678 D BLASTBufferQueue: [bbq-adapter#8423](f:0,a:0) constructor() width=1 height=2400 format=-1
05-19 13:24:08.929  1931 15678 D BLASTBufferQueue: [bbq-adapter#8423](f:0,a:1) acquireNextBufferLocked size=1x2400 mFrameNumber=1 applyTransaction=true mTimestamp=861288452786872(auto) mPendingTransactions.size=0 graphicBufferId=5050882626187 transform=0
05-19 13:24:08.930  1486  1573 D AALCust : aal_backlight_bits, specialConfig:12
05-19 13:24:08.931  1486  1573 D AAL     : onBacklightChanged: 1116/1023 -> 1143/1023(phy:1143/4095)
05-19 13:24:08.936  1176  1176 D BufferStateLayer: bbq-wrapper#252001 Left Edge Extension#251999 setBuffer frameId=1, bufferId=5050882626188 fenceId=-1, w= 1, h=2400
05-19 13:24:08.937  1176  1176 D OplusLayer: (252001,bbq-wrapper#252001 Left Edge Extension#251999,system_server) setBuffer
05-19 13:24:08.937  1176  1176 D BufferStateLayer: bbq-wrapper#252003 Right Edge Extension#252002 setBuffer frameId=1, bufferId=5050882626187 fenceId=-1, w= 1, h=2400
05-19 13:24:08.937  1176  1176 D OplusLayer: (252003,bbq-wrapper#252003 Right Edge Extension#252002,system_server) setBuffer
05-19 13:24:08.947  1486  1573 D AALCust : aal_backlight_bits, specialConfig:12
05-19 13:24:08.947  1486  1573 D AAL     : onBacklightChanged: 1143/1023 -> 1169/1023(phy:1169/4095)
05-19 13:24:08.952 15027 15041 I mple.healthcare: Compiler allocated 4937KB to compile void android.view.ViewRootImpl.performTraversals()
05-19 13:24:08.955  1176  1176 I DispPerfService: updateLayerMask 0
05-19 13:24:08.957  1078  1119 I mtkpower@impl: [setMode] type:6, enabled:1
05-19 13:24:08.958  1078  1119 E mtkpower@impl: [setMode] unknown type
05-19 13:24:08.964  1486  1573 D AALCust : aal_backlight_bits, specialConfig:12
05-19 13:24:08.964  1486  1573 D AAL     : onBacklightChanged: 1169/1023 -> 1196/1023(phy:1196/4095)
05-19 13:24:08.965  1078  1119 I mtkpower@impl: [setMode] type:5, enabled:0
05-19 13:24:08.965  1078  1185 I libPowerHal: [perfLockRel] hdl:511892, idx:1
05-19 13:24:08.966  1931  1948 I PowerHalWrapper: amsBoostStop AMS_BOOST_PACK_SWITCH:false, AMS_BOOST_ACT_SWITCH:true, AMS_BOOST_PROCESS_CREATE:false
05-19 13:24:08.967  1078  1116 I mtkpower@impl: [mtkPowerHint] hint:23, hold:0, ext:30, ext_hold:5000
05-19 13:24:08.967  1078  1185 I libPowerHal: [perfLockRel] hdl:511893, idx:2
05-19 13:24:08.967  1078  1185 I libPowerHal: MTKPOWER_HINT_ACT_SWITCH: cpu_ctrl set cpu freq: 1275000 -1 2200000 -1
05-19 13:24:08.967  1078  1185 I libPowerHal: [PD] MTKPOWER_HINT_ACT_SWITCH update cmd:1000000, param:-1
05-19 13:24:08.968  1078  1185 I libPowerHal: [PD] MTKPOWER_HINT_ACT_SWITCH update cmd:1408300 param:0
05-19 13:24:08.968  1078  1185 I libPowerHal: [PD] MTKPOWER_HINT_ACT_SWITCH update cmd:1000000 param:-1
05-19 13:24:08.980  1486  1573 D AALCust : aal_backlight_bits, specialConfig:12
05-19 13:24:08.980  1486  1573 D AAL     : onBacklightChanged: 1196/1023 -> 1222/1023(phy:1222/4095)
05-19 13:24:08.997  1486  1573 D AALCust : aal_backlight_bits, specialConfig:12
05-19 13:24:08.997  1486  1573 D AAL     : onBacklightChanged: 1222/1023 -> 1249/1023(phy:1249/4095)
05-19 13:24:08.997  1486  1573 D AAL     : 05-19 01:24:08.931 BL=1143,ESS= 256, 05-19 01:24:08.947 BL=1169,ESS= 256, 05-19 01:24:08.964 BL=1195,ESS= 256, 05-19 01:24:08.981 BL=1222,ESS= 256, 05-19 01:24:08.997 BL=1248,ESS= 256,
05-19 13:24:09.005  1931  2436 I FocusResolver: updateFocusedWindow, 75c9e5b com.example.healthcare/com.example.healthcare.CartLabActivity on display 0, reason: Window became focusable. Previous reason: NOT_VISIBLE, result:   FocusedWindows:
05-19 13:24:09.005  1931  2436 I FocusResolver:     displayId=0, name='75c9e5b com.example.healthcare/com.example.healthcare.CartLabActivity'
05-19 13:24:09.006 15027 15027 D VRI[CartLabActivity]: onFocusEvent true
05-19 13:24:09.006  1176  1176 I DispPerfService: updateLayerMask 0
05-19 13:24:09.013 17158 17158 I GoogleInputMethodService: GoogleInputMethodService.onFinishInput():3261
05-19 13:24:09.013  1486  1573 D AALCust : aal_backlight_bits, specialConfig:12
05-19 13:24:09.013  1486  1573 D AAL     : onBacklightChanged: 1249/1023 -> 1275/1023(phy:1275/4095)
05-19 13:24:09.013 17158 17158 I GoogleInputMethodService: GoogleInputMethodService.updateDeviceLockedStatus():2110 repeatCheckTimes = 0, locked = false
05-19 13:24:09.014 17158 17158 I GoogleInputMethodService: GoogleInputMethodService.onStartInput():1898 onStartInput(EditorInfo{inputType=0x0(NULL) imeOptions=0x0 privateImeOptions=null actionName=UNSPECIFIED actionLabel=null actionId=0 initialSelStart=-1 initialSelEnd=-1 initialCapsMode=0x0 hintText=null label=null packageName=com.example.healthcare fieldId=2131230830 fieldName=null extras=Bundle[{com.oplus.im.SCENES=0}] hintLocales=[]}, false)
05-19 13:24:09.014 17158 17158 I GoogleInputMethodService: GoogleInputMethodService.shouldHideHeaderOnInitialState():4088 ShouldHideHeaderOnInitialState = false
05-19 13:24:09.014 17158 17158 I GoogleInputMethodService: GoogleInputMethodService.updateDeviceLockedStatus():2110 repeatCheckTimes = 1, locked = false
05-19 13:24:09.020  1176  1176 D Layer   : reparent to null sequence=251982, seq[3], name=Surface(name=33bba53 InputMethod)/@0xbdd8c45 - animation-leash of insets_animation#251982
05-19 13:24:09.030  1486  1573 D AALCust : aal_backlight_bits, specialConfig:12
05-19 13:24:09.030  1486  1573 D AAL     : onBacklightChanged: 1275/1023 -> 1301/1023(phy:1301/4095)
05-19 13:24:09.040  4762  4945 D PickerSyncController: syncAllMedia
05-19 13:24:09.040  4762  4945 D PickerSyncController: syncAllMediaFromProvider() LOCAL, auth=com.android.providers.media.photopicker, retry=true
05-19 13:24:09.040  4762  4945 D PickerSyncController: getSyncRequestParams() LOCAL, auth=com.android.providers.media.photopicker
05-19 13:24:09.052  4762  4945 D PickerSyncController:    Latest ID/Gen=1402:4c11cbfa-6cac-42d7-bc28-8f10f530c45e:bcdf-c29f:external_primary/358010
05-19 13:24:09.052  4762  4945 D PickerSyncController:    Cached ID/Gen=1402:4c11cbfa-6cac-42d7-bc28-8f10f530c45e:bcdf-c29f:external_primary/358002
05-19 13:24:09.053  1176  1176 D OplusLayer: ~Layer() sequence=251982, name=Surface(name=33bba53 InputMethod)/@0xbdd8c45 - animation-leash of insets_animation#251982
05-19 13:24:09.054  4762  4945 D PickerSyncController:    RESULT=SyncRequestParams{type=MEDIA_INCREMENTAL, gen=358002, latest=Bundle[{last_media_sync_generation=358010, media_collection_id=1402:4c11cbfa-6cac-42d7-bc28-8f10f530c45e:bcdf-c29f:external_primary}]}
05-19 13:24:09.054  4762  4945 I PickerSyncController: Executing SyncAdd. isLocal: true. authority: com.android.providers.media.photopicker
05-19 13:24:09.065  4762  4945 I PickerSyncController: Paged sync successful. QueryArgs: Bundle[{android.provider.extra.SYNC_GENERATION=358002}]. Result count: 0. Cursor count: 0
05-19 13:24:09.065  4762  4945 I PickerSyncController: Executing SyncRemove. isLocal: true. authority: com.android.providers.media.photopicker
05-19 13:24:09.065  1486  1573 D AALCust : aal_backlight_bits, specialConfig:12
05-19 13:24:09.065  1486  1573 D AAL     : onBacklightChanged: 1301/1023 -> 1328/1023(phy:1328/4095)
05-19 13:24:09.072  4762  4945 W PickerDbFacade: Unable to promote cloud media with localId: 1000024655
05-19 13:24:09.072  4762  4945 I PickerSyncController: Paged sync successful. QueryArgs: Bundle[{android.provider.extra.SYNC_GENERATION=358002}]. Result count: 0. Cursor count: 1
05-19 13:24:09.072  4762  4945 D PickerSyncController: syncAllMediaFromProvider() CLOUD, auth=null, retry=true
05-19 13:24:09.073  4762  4945 D PickerSyncController: getSyncRequestParams() CLOUD, auth=null
05-19 13:24:09.073  4762  4945 D PickerSyncController:    RESULT=SyncRequestParams{type=MEDIA_RESET, gen=0, latest=null}
05-19 13:24:09.073  4762  4945 I PickerSyncController: Executing SyncReset. isLocal: false. authority: null
05-19 13:24:09.074  4762  4945 I PickerSyncController: SyncReset. isLocal:false. authority: null. result count: 0
05-19 13:24:09.074  4762  4945 D PickerSyncController: Ignoring cache media info for null authority with bundle: null
05-19 13:24:09.074  4762  4945 I PickerSyncController: Executing SyncAlbumReset. isLocal: true. authority: com.android.providers.media.photopicker. albumId: null
05-19 13:24:09.075  4762  4945 I PickerSyncController: Successfully executed SyncResetAlbum. authority: com.android.providers.media.photopicker. albumId: null. Result count: 0
05-19 13:24:09.075  4762  4945 I PickerSyncController: Executing SyncAlbumReset. isLocal: false. authority: null. albumId: null
05-19 13:24:09.076  4762  4945 I PickerSyncController: Successfully executed SyncResetAlbum. authority: null. albumId: null. Result count: 0
05-19 13:24:09.079  1486  1573 D AALCust : aal_backlight_bits, specialConfig:12
05-19 13:24:09.080  1486  1573 D AAL     : onBacklightChanged: 1328/1023 -> 1354/1023(phy:1354/4095)
05-19 13:24:09.080  1486  1573 D AAL     : 05-19 01:24:09.013 BL=1275,ESS= 256, 05-19 01:24:09.030 BL=1300,ESS= 256, 05-19 01:24:09.046 BL=1301,ESS= 256, 05-19 01:24:09.066 BL=1314,ESS= 256, 05-19 01:24:09.080 BL=1343,ESS= 256,
05-19 13:24:09.090  1176  1176 I DispPerfService: updateLayerMask 0
05-19 13:24:09.096  1486  1573 D AALCust : aal_backlight_bits, specialConfig:12
05-19 13:24:09.096  1486  1573 D AAL     : onBacklightChanged: 1354/1023 -> 1381/1023(phy:1381/4095)
05-19 13:24:09.097  1931  2479 I mtkpower_client: perf_lock_rel, hdl:511895, tid:2479
05-19 13:24:09.097  1931  2479 I mtkpower_client: perf_lock_acq, hdl:511895, dur:0, num:4, tid:2479
05-19 13:24:09.097  1078  1185 I libPowerHal: [perfLockRel] hdl:511895, idx:0
05-19 13:24:09.097  1078  1185 I libPowerHal: system_server: cpu_ctrl set cpu freq: -1 -1 -1 -1
05-19 13:24:09.098  1078  1185 I libPowerHal: [PD] system_server update cmd:1c3c000 param:1
